Archive member included because of file (symbol)

c:/program files (x86)/microchip/xc32/v1.34/bin/bin/../../lib/gcc/pic32mx/4.5.2\libgcc.a(floatunsisf.o)
                              build/default/debug/bpm.o (__floatunsisf)
c:/program files (x86)/microchip/xc32/v1.34/bin/bin/../../lib/gcc/pic32mx/4.5.2/../../../../pic32mx/lib\libpic32.a(memcpy.o)
                              build/default/debug/EEPROM_driver.o (memcpy)
c:/program files (x86)/microchip/xc32/v1.34/bin/bin/../../lib/gcc/pic32mx/4.5.2/../../../../pic32mx/lib\libpic32.a(memset.o)
                              build/default/debug/LCD_templates.o (memset)
c:/program files (x86)/microchip/xc32/v1.34/bin/bin/../../lib/gcc/pic32mx/4.5.2/../../../../pic32mx/lib\libpic32.a(default-bootstrap-exception-handler.o)
                              c:/program files (x86)/microchip/xc32/v1.34/bin/bin/../../lib/gcc/pic32mx/4.5.2/../../../../pic32mx/lib/./proc/32MX150F128B/crt0_mips32r2.o (_bootstrap_exception_handler)
c:/program files (x86)/microchip/xc32/v1.34/bin/bin/../../lib/gcc/pic32mx/4.5.2/../../../../pic32mx/lib\libpic32.a(default-on-reset.o)
                              c:/program files (x86)/microchip/xc32/v1.34/bin/bin/../../lib/gcc/pic32mx/4.5.2/../../../../pic32mx/lib/./proc/32MX150F128B/crt0_mips32r2.o (_on_reset)
c:/program files (x86)/microchip/xc32/v1.34/bin/bin/../../lib/gcc/pic32mx/4.5.2/../../../../pic32mx/lib\libpic32.a(default-on-bootstrap.o)
                              c:/program files (x86)/microchip/xc32/v1.34/bin/bin/../../lib/gcc/pic32mx/4.5.2/../../../../pic32mx/lib/./proc/32MX150F128B/crt0_mips32r2.o (_on_bootstrap)
c:/program files (x86)/microchip/xc32/v1.34/bin/bin/../../lib/gcc/pic32mx/4.5.2/../../../../pic32mx/lib\libpic32.a(default-nmi-handler.o)
                              c:/program files (x86)/microchip/xc32/v1.34/bin/bin/../../lib/gcc/pic32mx/4.5.2/../../../../pic32mx/lib/./proc/32MX150F128B/crt0_mips32r2.o (_nmi_handler)
c:/program files (x86)/microchip/xc32/v1.34/bin/bin/../../lib/gcc/pic32mx/4.5.2/../../../../pic32mx/lib\libpic32.a(general-exception.o)
                              c:/program files (x86)/microchip/xc32/v1.34/bin/bin/../../lib/gcc/pic32mx/4.5.2/../../../../pic32mx/lib/./proc/32MX150F128B/crt0_mips32r2.o (_general_exception_context)
c:/program files (x86)/microchip/xc32/v1.34/bin/bin/../../lib/gcc/pic32mx/4.5.2/../../../../pic32mx/lib\libpic32.a(vector0.o)
                              c:/program files (x86)/microchip/xc32/v1.34/bin/bin/../../lib/gcc/pic32mx/4.5.2/../../../../pic32mx/lib/./proc/32MX150F128B\default_isr_vectors.o (__vector_dispatch_0)
c:/program files (x86)/microchip/xc32/v1.34/bin/bin/../../lib/gcc/pic32mx/4.5.2/../../../../pic32mx/lib\libpic32.a(vector1.o)
                              c:/program files (x86)/microchip/xc32/v1.34/bin/bin/../../lib/gcc/pic32mx/4.5.2/../../../../pic32mx/lib/./proc/32MX150F128B\default_isr_vectors.o (__vector_dispatch_1)
c:/program files (x86)/microchip/xc32/v1.34/bin/bin/../../lib/gcc/pic32mx/4.5.2/../../../../pic32mx/lib\libpic32.a(vector2.o)
                              c:/program files (x86)/microchip/xc32/v1.34/bin/bin/../../lib/gcc/pic32mx/4.5.2/../../../../pic32mx/lib/./proc/32MX150F128B\default_isr_vectors.o (__vector_dispatch_2)
c:/program files (x86)/microchip/xc32/v1.34/bin/bin/../../lib/gcc/pic32mx/4.5.2/../../../../pic32mx/lib\libpic32.a(vector4.o)
                              c:/program files (x86)/microchip/xc32/v1.34/bin/bin/../../lib/gcc/pic32mx/4.5.2/../../../../pic32mx/lib/./proc/32MX150F128B\default_isr_vectors.o (__vector_dispatch_4)
c:/program files (x86)/microchip/xc32/v1.34/bin/bin/../../lib/gcc/pic32mx/4.5.2/../../../../pic32mx/lib\libpic32.a(vector5.o)
                              c:/program files (x86)/microchip/xc32/v1.34/bin/bin/../../lib/gcc/pic32mx/4.5.2/../../../../pic32mx/lib/./proc/32MX150F128B\default_isr_vectors.o (__vector_dispatch_5)
c:/program files (x86)/microchip/xc32/v1.34/bin/bin/../../lib/gcc/pic32mx/4.5.2/../../../../pic32mx/lib\libpic32.a(vector6.o)
                              c:/program files (x86)/microchip/xc32/v1.34/bin/bin/../../lib/gcc/pic32mx/4.5.2/../../../../pic32mx/lib/./proc/32MX150F128B\default_isr_vectors.o (__vector_dispatch_6)
c:/program files (x86)/microchip/xc32/v1.34/bin/bin/../../lib/gcc/pic32mx/4.5.2/../../../../pic32mx/lib\libpic32.a(vector7.o)
                              c:/program files (x86)/microchip/xc32/v1.34/bin/bin/../../lib/gcc/pic32mx/4.5.2/../../../../pic32mx/lib/./proc/32MX150F128B\default_isr_vectors.o (__vector_dispatch_7)
c:/program files (x86)/microchip/xc32/v1.34/bin/bin/../../lib/gcc/pic32mx/4.5.2/../../../../pic32mx/lib\libpic32.a(vector9.o)
                              c:/program files (x86)/microchip/xc32/v1.34/bin/bin/../../lib/gcc/pic32mx/4.5.2/../../../../pic32mx/lib/./proc/32MX150F128B\default_isr_vectors.o (__vector_dispatch_9)
c:/program files (x86)/microchip/xc32/v1.34/bin/bin/../../lib/gcc/pic32mx/4.5.2/../../../../pic32mx/lib\libpic32.a(vector10.o)
[...]
Memory Configuration

Name             Origin             Length             Attributes
kseg0_data_mem   0x80000000         0x00000200
kseg1_data_mem   0xa0000000         0x00008000         w !x
kseg0_boot_mem   0x9fc00490         0x00000000
kseg1_boot_mem   0xbfc00000         0x00000490
kseg0_program_mem 0x9d000000         0x0001f000         xr
exception_mem    0x9d01f000         0x00001000
debug_exec_mem   0x9fc00490         0x00000760
config3          0xbfc00bf0         0x00000004
config2          0xbfc00bf4         0x00000004
config1          0xbfc00bf8         0x00000004
config0          0xbfc00bfc         0x00000004
sfrs             0xbf800000         0x00100000
configsfrs       0xbfc00bf0         0x00000010
*default*        0x00000000         0xffffffff

Linker script and memory map


reserve_data_0_kseg0
                0x80000000      0x200
                0x80000000        0x2 SHORT 0x0
                0x000001fd                . = 0x1fd
 *fill*         0x80000002      0x1fb 
                0x80000200                . = ALIGN (0x4)
 *fill*         0x800001fd        0x3 

reserve_data_0_kseg1
                0xa0000000      0x200
                0xa0000000        0x2 SHORT 0x0
                0x000001fd                . = 0x1fd
 *fill*         0xa0000002      0x1fb 
                0xa0000200                . = ALIGN (0x4)
 *fill*         0xa00001fd        0x3 

reserve_boot_0x1fc00490_kseg0
                0x9fc00490      0x760
                0x9fc00490        0x2 SHORT 0x0
                0x00000760                . = 0x760
 *fill*         0x9fc00492      0x75e 
                0x9fc00bf0                . = ALIGN (0x4)

reserve_boot_0x1fc00490_kseg1
                0xbfc00490      0x760
                0xbfc00490        0x2 SHORT 0x0
                0x00000760                . = 0x760
 *fill*         0xbfc00492      0x75e 
                0xbfc00bf0                . = ALIGN (0x4)
LOAD c:/program files (x86)/microchip/xc32/v1.34/bin/bin/../../lib/gcc/pic32mx/4.5.2/../../../../pic32mx/lib/./proc/32MX150F128B/crt0_mips32r2.o
LOAD c:/program files (x86)/microchip/xc32/v1.34/bin/bin/../../lib/gcc/pic32mx/4.5.2/../../../../pic32mx/lib\software-debug-break.o
LOAD build/default/debug/config.o
LOAD build/default/debug/SPI_driver.o
LOAD build/default/debug/UART_driver.o
LOAD build/default/debug/LCD_driver.o
LOAD build/default/debug/I2C_driver.o
LOAD build/default/debug/HT16_leds_driver.o
LOAD build/default/debug/HT16_keys_driver.o
LOAD build/default/debug/EEPROM_driver.o
LOAD build/default/debug/SDCARD_driver.o
LOAD build/default/debug/encoders_driver.o
LOAD build/default/debug/timers_driver.o
LOAD build/default/debug/bpm.o
LOAD build/default/debug/input_handler.o
LOAD build/default/debug/LCD_templates.o
LOAD build/default/debug/MIDI.o
LOAD build/default/debug/sequencer.o
LOAD build/default/debug/output_handler.o
LOAD build/default/debug/notes.o
LOAD build/default/debug/mappings.o
LOAD build/default/debug/main.o
LOAD build/default/debug/init.o
                0x00000001                __MPLAB_BUILD = 0x1
                0x00000001                __MPLAB_DEBUG = 0x1
                0x00000001                __DEBUG = 0x1
                0x00000001                __MPLAB_DEBUGGER_ICD3 = 0x1
LOAD c:/program files (x86)/microchip/xc32/v1.34/bin/bin/../../lib/gcc/pic32mx/4.5.2/../../../../pic32mx/lib/./proc/32MX150F128B\default_isr_vectors.o
LOAD c:/program files (x86)/microchip/xc32/v1.34/bin/bin/../../lib/gcc/pic32mx/4.5.2/../../../../pic32mx/lib\pic32_software_reset.o
                0x00000400                PROVIDE (_min_stack_size, 0x400)
LOAD c:/program files (x86)/microchip/xc32/v1.34/bin/bin/../../lib/gcc/pic32mx/4.5.2/../../../../pic32mx/lib/./proc/32MX150F128B\processor.o
START GROUP
LOAD c:/program files (x86)/microchip/xc32/v1.34/bin/bin/../../lib/gcc/pic32mx/4.5.2/../../../../pic32mx/lib\libmchp_peripheral.a
END GROUP
START GROUP
LOAD c:/program files (x86)/microchip/xc32/v1.34/bin/bin/../../lib/gcc/pic32mx/4.5.2/../../../../pic32mx/lib\libmchp_peripheral_32MX150F128B.a
END GROUP
                0x00000001                PROVIDE (_vector_spacing, 0x1)
                0x9d01f000                _ebase_address = 0x9d01f000
                0xbfc00000                _RESET_ADDR = 0xbfc00000
                0xbfc00380                _BEV_EXCPT_ADDR = 0xbfc00380
                0xbfc00480                _DBG_EXCPT_ADDR = 0xbfc00480
                0x9fc00490                _DBG_CODE_ADDR = 0x9fc00490
                0x00000760                _DBG_CODE_SIZE = 0x760
                0x9d01f180                _GEN_EXCPT_ADDR = (_ebase_address + 0x180)

.config_BFC00BF0
                0xbfc00bf0        0x4
 *(.config_BFC00BF0)
 .config_BFC00BF0
                0xbfc00bf0        0x4 build/default/debug/config.o

.config_BFC00BF4
                0xbfc00bf4        0x4
 *(.config_BFC00BF4)
 .config_BFC00BF4
                0xbfc00bf4        0x4 build/default/debug/config.o

.config_BFC00BF8
                0xbfc00bf8        0x4
 *(.config_BFC00BF8)
 .config_BFC00BF8
                0xbfc00bf8        0x4 build/default/debug/config.o

.config_BFC00BFC
                0xbfc00bfc        0x4
 *(.config_BFC00BFC)
 .config_BFC00BFC
                0xbfc00bfc        0x4 build/default/debug/config.o
                0xbfc02000                PROVIDE (_DBG_CODE_ADDR, 0xbfc02000)
                0x00000ff0                PROVIDE (_DBG_CODE_SIZE, 0xff0)

.reset          0xbfc00000      0x1cc
 *(.reset)
 .reset         0xbfc00000        0x8 c:/program files (x86)/microchip/xc32/v1.34/bin/bin/../../lib/gcc/pic32mx/4.5.2/../../../../pic32mx/lib/./proc/32MX150F128B/crt0_mips32r2.o
                0xbfc00000                _reset
 *(.reset.startup)
 .reset.startup
                0xbfc00008      0x1c4 c:/program files (x86)/microchip/xc32/v1.34/bin/bin/../../lib/gcc/pic32mx/4.5.2/../../../../pic32mx/lib/./proc/32MX150F128B/crt0_mips32r2.o

.bev_excpt      0xbfc00380       0x10
 *(.bev_handler)
 .bev_handler   0xbfc00380       0x10 c:/program files (x86)/microchip/xc32/v1.34/bin/bin/../../lib/gcc/pic32mx/4.5.2/../../../../pic32mx/lib/./proc/32MX150F128B/crt0_mips32r2.o

.dbg_excpt      0xbfc00480        0x0
                0xbfc00480                . = (. + DEFINED (_DEBUGGER)?0x8:0x0)

.dbg_code       0x9fc00490        0x0
                0x9fc00490                . = (. + DEFINED (_DEBUGGER)?_DBG_CODE_SIZE:0x0)

.app_excpt      0x9d01f180       0x10
 *(.gen_handler)
 .gen_handler   0x9d01f180       0x10 c:/program files (x86)/microchip/xc32/v1.34/bin/bin/../../lib/gcc/pic32mx/4.5.2/../../../../pic32mx/lib/./proc/32MX150F128B/crt0_mips32r2.o

.vector_0       0x9d01f200        0x8
 *(.vector_0)
 .vector_0      0x9d01f200        0x8 c:/program files (x86)/microchip/xc32/v1.34/bin/bin/../../lib/gcc/pic32mx/4.5.2/../../../../pic32mx/lib\libpic32.a(vector0.o)
                0x9d01f200                __vector_dispatch_0
                0x00000001                ASSERT (((_vector_spacing == 0x0) || (SIZEOF (.vector_0) <= (_vector_spacing << 0x5))), function at exception vector 0 too large)

.vector_1       0x9d01f220        0x8
 *(.vector_1)
 .vector_1      0x9d01f220        0x8 c:/program files (x86)/microchip/xc32/v1.34/bin/bin/../../lib/gcc/pic32mx/4.5.2/../../../../pic32mx/lib\libpic32.a(vector1.o)
                0x9d01f220                __vector_dispatch_1
                0x00000001                ASSERT (((_vector_spacing == 0x0) || (SIZEOF (.vector_1) <= (_vector_spacing << 0x5))), function at exception vector 1 too large)

.vector_2       0x9d01f240        0x8
 *(.vector_2)
 .vector_2      0x9d01f240        0x8 c:/program files (x86)/microchip/xc32/v1.34/bin/bin/../../lib/gcc/pic32mx/4.5.2/../../../../pic32mx/lib\libpic32.a(vector2.o)
                0x9d01f240                __vector_dispatch_2
                0x00000001                ASSERT (((_vector_spacing == 0x0) || (SIZEOF (.vector_2) <= (_vector_spacing << 0x5))), function at exception vector 2 too large)

.vector_3       0x9d01f260        0x8
 *(.vector_3)
 .vector_3      0x9d01f260        0x8 build/default/debug/HT16_keys_driver.o
                0x9d01f260                __vector_dispatch_3
                0x00000001                ASSERT (((_vector_spacing == 0x0) || (SIZEOF (.vector_3) <= (_vector_spacing << 0x5))), function at exception vector 3 too large)

.vector_4       0x9d01f280        0x8
 *(.vector_4)
 .vector_4      0x9d01f280        0x8 c:/program files (x86)/microchip/xc32/v1.34/bin/bin/../../lib/gcc/pic32mx/4.5.2/../../../../pic32mx/lib\libpic32.a(vector4.o)
                0x9d01f280                __vector_dispatch_4
                0x00000001                ASSERT (((_vector_spacing == 0x0) || (SIZEOF (.vector_4) <= (_vector_spacing << 0x5))), function at exception vector 4 too large)

.vector_5       0x9d01f2a0        0x8
 *(.vector_5)
 .vector_5      0x9d01f2a0        0x8 c:/program files (x86)/microchip/xc32/v1.34/bin/bin/../../lib/gcc/pic32mx/4.5.2/../../../../pic32mx/lib\libpic32.a(vector5.o)
                0x9d01f2a0                __vector_dispatch_5
                0x00000001                ASSERT (((_vector_spacing == 0x0) || (SIZEOF (.vector_5) <= (_vector_spacing << 0x5))), function at exception vector 5 too large)

.vector_6       0x9d01f2c0        0x8
 *(.vector_6)
 .vector_6      0x9d01f2c0        0x8 c:/program files (x86)/microchip/xc32/v1.34/bin/bin/../../lib/gcc/pic32mx/4.5.2/../../../../pic32mx/lib\libpic32.a(vector6.o)
                0x9d01f2c0                __vector_dispatch_6
                0x00000001                ASSERT (((_vector_spacing == 0x0) || (SIZEOF (.vector_6) <= (_vector_spacing << 0x5))), function at exception vector 6 too large)

.vector_7       0x9d01f2e0        0x8
 *(.vector_7)
 .vector_7      0x9d01f2e0        0x8 c:/program files (x86)/microchip/xc32/v1.34/bin/bin/../../lib/gcc/pic32mx/4.5.2/../../../../pic32mx/lib\libpic32.a(vector7.o)
                0x9d01f2e0                __vector_dispatch_7
                0x00000001                ASSERT (((_vector_spacing == 0x0) || (SIZEOF (.vector_7) <= (_vector_spacing << 0x5))), function at exception vector 7 too large)

.vector_8       0x9d01f300        0x8
 *(.vector_8)
 .vector_8      0x9d01f300        0x8 build/default/debug/sequencer.o
                0x9d01f300                __vector_dispatch_8
                0x00000001                ASSERT (((_vector_spacing == 0x0) || (SIZEOF (.vector_8) <= (_vector_spacing << 0x5))), function at exception vector 8 too large)

.vector_9       0x9d01f320        0x8
 *(.vector_9)
 .vector_9      0x9d01f320        0x8 c:/program files (x86)/microchip/xc32/v1.34/bin/bin/../../lib/gcc/pic32mx/4.5.2/../../../../pic32mx/lib\libpic32.a(vector9.o)
                0x9d01f320                __vector_dispatch_9
                0x00000001                ASSERT (((_vector_spacing == 0x0) || (SIZEOF (.vector_9) <= (_vector_spacing << 0x5))), function at exception vector 9 too large)

.vector_10      0x9d01f340        0x8
 *(.vector_10)
 .vector_10     0x9d01f340        0x8 c:/program files (x86)/microchip/xc32/v1.34/bin/bin/../../lib/gcc/pic32mx/4.5.2/../../../../pic32mx/lib\libpic32.a(vector10.o)
                0x9d01f340                __vector_dispatch_10
                0x00000001                ASSERT (((_vector_spacing == 0x0) || (SIZEOF (.vector_10) <= (_vector_spacing << 0x5))), function at exception vector 10 too large)

.vector_11      0x9d01f360        0x8
 *(.vector_11)
 .vector_11     0x9d01f360        0x8 build/default/debug/encoders_driver.o
                0x9d01f360                __vector_dispatch_11
                0x00000001                ASSERT (((_vector_spacing == 0x0) || (SIZEOF (.vector_11) <= (_vector_spacing << 0x5))), function at exception vector 11 too large)

.vector_12      0x9d01f380        0x8
 *(.vector_12)
 .vector_12     0x9d01f380        0x8 build/default/debug/bpm.o
                0x9d01f380                __vector_dispatch_12
                0x00000001                ASSERT (((_vector_spacing == 0x0) || (SIZEOF (.vector_12) <= (_vector_spacing << 0x5))), function at exception vector 12 too large)

.vector_13      0x9d01f3a0        0x8
 *(.vector_13)
 .vector_13     0x9d01f3a0        0x8 c:/program files (x86)/microchip/xc32/v1.34/bin/bin/../../lib/gcc/pic32mx/4.5.2/../../../../pic32mx/lib\libpic32.a(vector13.o)
                0x9d01f3a0                __vector_dispatch_13
                0x00000001                ASSERT (((_vector_spacing == 0x0) || (SIZEOF (.vector_13) <= (_vector_spacing << 0x5))), function at exception vector 13 too large)

.vector_14      0x9d01f3c0        0x8
 *(.vector_14)
 .vector_14     0x9d01f3c0        0x8 c:/program files (x86)/microchip/xc32/v1.34/bin/bin/../../lib/gcc/pic32mx/4.5.2/../../../../pic32mx/lib\libpic32.a(vector14.o)
                0x9d01f3c0                __vector_dispatch_14
                0x00000001                ASSERT (((_vector_spacing == 0x0) || (SIZEOF (.vector_14) <= (_vector_spacing << 0x5))), function at exception vector 14 too large)

.vector_15      0x9d01f3e0        0x8
 *(.vector_15)
 .vector_15     0x9d01f3e0        0x8 build/default/debug/encoders_driver.o
                0x9d01f3e0                __vector_dispatch_15
                0x00000001                ASSERT (((_vector_spacing == 0x0) || (SIZEOF (.vector_15) <= (_vector_spacing << 0x5))), function at exception vector 15 too large)

.vector_16      0x9d01f400        0x8
 *(.vector_16)
 .vector_16     0x9d01f400        0x8 build/default/debug/timers_driver.o
                0x9d01f400                __vector_dispatch_16
                0x00000001                ASSERT (((_vector_spacing == 0x0) || (SIZEOF (.vector_16) <= (_vector_spacing << 0x5))), function at exception vector 16 too large)

.vector_17      0x9d01f420        0x8
 *(.vector_17)
 .vector_17     0x9d01f420        0x8 c:/program files (x86)/microchip/xc32/v1.34/bin/bin/../../lib/gcc/pic32mx/4.5.2/../../../../pic32mx/lib\libpic32.a(vector17.o)
                0x9d01f420                __vector_dispatch_17
                0x00000001                ASSERT (((_vector_spacing == 0x0) || (SIZEOF (.vector_17) <= (_vector_spacing << 0x5))), function at exception vector 17 too large)

.vector_18      0x9d01f440        0x8
 *(.vector_18)
 .vector_18     0x9d01f440        0x8 c:/program files (x86)/microchip/xc32/v1.34/bin/bin/../../lib/gcc/pic32mx/4.5.2/../../../../pic32mx/lib\libpic32.a(vector18.o)
                0x9d01f440                __vector_dispatch_18
                0x00000001                ASSERT (((_vector_spacing == 0x0) || (SIZEOF (.vector_18) <= (_vector_spacing << 0x5))), function at exception vector 18 too large)

.vector_19      0x9d01f460        0x8
 *(.vector_19)
 .vector_19     0x9d01f460        0x8 c:/program files (x86)/microchip/xc32/v1.34/bin/bin/../../lib/gcc/pic32mx/4.5.2/../../../../pic32mx/lib\libpic32.a(vector19.o)
                0x9d01f460                __vector_dispatch_19
                0x00000001                ASSERT (((_vector_spacing == 0x0) || (SIZEOF (.vector_19) <= (_vector_spacing << 0x5))), function at exception vector 19 too large)

.vector_20      0x9d01f480        0x8
 *(.vector_20)
 .vector_20     0x9d01f480        0x8 build/default/debug/HT16_keys_driver.o
                0x9d01f480                __vector_dispatch_20
                0x00000001                ASSERT (((_vector_spacing == 0x0) || (SIZEOF (.vector_20) <= (_vector_spacing << 0x5))), function at exception vector 20 too large)

.vector_21      0x9d01f4a0        0x8
 *(.vector_21)
 .vector_21     0x9d01f4a0        0x8 c:/program files (x86)/microchip/xc32/v1.34/bin/bin/../../lib/gcc/pic32mx/4.5.2/../../../../pic32mx/lib\libpic32.a(vector21.o)
                0x9d01f4a0                __vector_dispatch_21
                0x00000001                ASSERT (((_vector_spacing == 0x0) || (SIZEOF (.vector_21) <= (_vector_spacing << 0x5))), function at exception vector 21 too large)

.vector_22      0x9d01f4c0        0x8
 *(.vector_22)
 .vector_22     0x9d01f4c0        0x8 c:/program files (x86)/microchip/xc32/v1.34/bin/bin/../../lib/gcc/pic32mx/4.5.2/../../../../pic32mx/lib\libpic32.a(vector22.o)
                0x9d01f4c0                __vector_dispatch_22
                0x00000001                ASSERT (((_vector_spacing == 0x0) || (SIZEOF (.vector_22) <= (_vector_spacing << 0x5))), function at exception vector 22 too large)

.vector_23      0x9d01f4e0        0x8
 *(.vector_23)
 .vector_23     0x9d01f4e0        0x8 c:/program files (x86)/microchip/xc32/v1.34/bin/bin/../../lib/gcc/pic32mx/4.5.2/../../../../pic32mx/lib\libpic32.a(vector23.o)
                0x9d01f4e0                __vector_dispatch_23
                0x00000001                ASSERT (((_vector_spacing == 0x0) || (SIZEOF (.vector_23) <= (_vector_spacing << 0x5))), function at exception vector 23 too large)

.vector_24      0x9d01f500        0x8
 *(.vector_24)
 .vector_24     0x9d01f500        0x8 c:/program files (x86)/microchip/xc32/v1.34/bin/bin/../../lib/gcc/pic32mx/4.5.2/../../../../pic32mx/lib\libpic32.a(vector24.o)
                0x9d01f500                __vector_dispatch_24
                0x00000001                ASSERT (((_vector_spacing == 0x0) || (SIZEOF (.vector_24) <= (_vector_spacing << 0x5))), function at exception vector 24 too large)

.vector_25      0x9d01f520        0x8
 *(.vector_25)
 .vector_25     0x9d01f520        0x8 c:/program files (x86)/microchip/xc32/v1.34/bin/bin/../../lib/gcc/pic32mx/4.5.2/../../../../pic32mx/lib\libpic32.a(vector25.o)
                0x9d01f520                __vector_dispatch_25
                0x00000001                ASSERT (((_vector_spacing == 0x0) || (SIZEOF (.vector_25) <= (_vector_spacing << 0x5))), function at exception vector 25 too large)

.vector_26      0x9d01f540        0x8
 *(.vector_26)
 .vector_26     0x9d01f540        0x8 c:/program files (x86)/microchip/xc32/v1.34/bin/bin/../../lib/gcc/pic32mx/4.5.2/../../../../pic32mx/lib\libpic32.a(vector26.o)
                0x9d01f540                __vector_dispatch_26
                0x00000001                ASSERT (((_vector_spacing == 0x0) || (SIZEOF (.vector_26) <= (_vector_spacing << 0x5))), function at exception vector 26 too large)

.vector_27      0x9d01f560        0x8
 *(.vector_27)
 .vector_27     0x9d01f560        0x8 c:/program files (x86)/microchip/xc32/v1.34/bin/bin/../../lib/gcc/pic32mx/4.5.2/../../../../pic32mx/lib\libpic32.a(vector27.o)
                0x9d01f560                __vector_dispatch_27
                0x00000001                ASSERT (((_vector_spacing == 0x0) || (SIZEOF (.vector_27) <= (_vector_spacing << 0x5))), function at exception vector 27 too large)

.vector_28      0x9d01f580        0x8
 *(.vector_28)
 .vector_28     0x9d01f580        0x8 c:/program files (x86)/microchip/xc32/v1.34/bin/bin/../../lib/gcc/pic32mx/4.5.2/../../../../pic32mx/lib\libpic32.a(vector28.o)
                0x9d01f580                __vector_dispatch_28
                0x00000001                ASSERT (((_vector_spacing == 0x0) || (SIZEOF (.vector_28) <= (_vector_spacing << 0x5))), function at exception vector 28 too large)

.vector_29      0x9d01f5a0        0x8
 *(.vector_29)
 .vector_29     0x9d01f5a0        0x8 c:/program files (x86)/microchip/xc32/v1.34/bin/bin/../../lib/gcc/pic32mx/4.5.2/../../../../pic32mx/lib\libpic32.a(vector29.o)
                0x9d01f5a0                __vector_dispatch_29
                0x00000001                ASSERT (((_vector_spacing == 0x0) || (SIZEOF (.vector_29) <= (_vector_spacing << 0x5))), function at exception vector 29 too large)

.vector_30      0x9d01f5c0        0x8
 *(.vector_30)
 .vector_30     0x9d01f5c0        0x8 c:/program files (x86)/microchip/xc32/v1.34/bin/bin/../../lib/gcc/pic32mx/4.5.2/../../../../pic32mx/lib\libpic32.a(vector30.o)
                0x9d01f5c0                __vector_dispatch_30
                0x00000001                ASSERT (((_vector_spacing == 0x0) || (SIZEOF (.vector_30) <= (_vector_spacing << 0x5))), function at exception vector 30 too large)

.vector_31      0x9d01f5e0        0x8
 *(.vector_31)
 .vector_31     0x9d01f5e0        0x8 build/default/debug/SPI_driver.o
                0x9d01f5e0                __vector_dispatch_31
                0x00000001                ASSERT (((_vector_spacing == 0x0) || (SIZEOF (.vector_31) <= (_vector_spacing << 0x5))), function at exception vector 31 too large)

.vector_32      0x9d01f600        0x8
 *(.vector_32)
 .vector_32     0x9d01f600        0x8 build/default/debug/UART_driver.o
                0x9d01f600                __vector_dispatch_32
                0x00000001                ASSERT (((_vector_spacing == 0x0) || (SIZEOF (.vector_32) <= (_vector_spacing << 0x5))), function at exception vector 32 too large)

.vector_33      0x9d01f620        0x8
 *(.vector_33)
 .vector_33     0x9d01f620        0x8 build/default/debug/I2C_driver.o
                0x9d01f620                __vector_dispatch_33
                0x00000001                ASSERT (((_vector_spacing == 0x0) || (SIZEOF (.vector_33) <= (_vector_spacing << 0x5))), function at exception vector 33 too large)

.vector_34      0x9d01f640        0x8
 *(.vector_34)
 .vector_34     0x9d01f640        0x8 c:/program files (x86)/microchip/xc32/v1.34/bin/bin/../../lib/gcc/pic32mx/4.5.2/../../../../pic32mx/lib\libpic32.a(vector34.o)
                0x9d01f640                __vector_dispatch_34
                0x00000001                ASSERT (((_vector_spacing == 0x0) || (SIZEOF (.vector_34) <= (_vector_spacing << 0x5))), function at exception vector 34 too large)

.vector_35      0x9d01f660        0x8
 *(.vector_35)
 .vector_35     0x9d01f660        0x8 c:/program files (x86)/microchip/xc32/v1.34/bin/bin/../../lib/gcc/pic32mx/4.5.2/../../../../pic32mx/lib\libpic32.a(vector35.o)
                0x9d01f660                __vector_dispatch_35
                0x00000001                ASSERT (((_vector_spacing == 0x0) || (SIZEOF (.vector_35) <= (_vector_spacing << 0x5))), function at exception vector 35 too large)

.vector_36      0x9d01f680        0x8
 *(.vector_36)
 .vector_36     0x9d01f680        0x8 c:/program files (x86)/microchip/xc32/v1.34/bin/bin/../../lib/gcc/pic32mx/4.5.2/../../../../pic32mx/lib\libpic32.a(vector36.o)
                0x9d01f680                __vector_dispatch_36
                0x00000001                ASSERT (((_vector_spacing == 0x0) || (SIZEOF (.vector_36) <= (_vector_spacing << 0x5))), function at exception vector 36 too large)

.vector_37      0x9d01f6a0        0x8
 *(.vector_37)
 .vector_37     0x9d01f6a0        0x8 c:/program files (x86)/microchip/xc32/v1.34/bin/bin/../../lib/gcc/pic32mx/4.5.2/../../../../pic32mx/lib\libpic32.a(vector37.o)
                0x9d01f6a0                __vector_dispatch_37
                0x00000001                ASSERT (((_vector_spacing == 0x0) || (SIZEOF (.vector_37) <= (_vector_spacing << 0x5))), function at exception vector 37 too large)

.vector_38      0x9d01f6c0        0x8
 *(.vector_38)
 .vector_38     0x9d01f6c0        0x8 c:/program files (x86)/microchip/xc32/v1.34/bin/bin/../../lib/gcc/pic32mx/4.5.2/../../../../pic32mx/lib\libpic32.a(vector38.o)
                0x9d01f6c0                __vector_dispatch_38
                0x00000001                ASSERT (((_vector_spacing == 0x0) || (SIZEOF (.vector_38) <= (_vector_spacing << 0x5))), function at exception vector 38 too large)

.vector_39      0x9d01f6e0        0x8
 *(.vector_39)
 .vector_39     0x9d01f6e0        0x8 c:/program files (x86)/microchip/xc32/v1.34/bin/bin/../../lib/gcc/pic32mx/4.5.2/../../../../pic32mx/lib\libpic32.a(vector39.o)
                0x9d01f6e0                __vector_dispatch_39
                0x00000001                ASSERT (((_vector_spacing == 0x0) || (SIZEOF (.vector_39) <= (_vector_spacing << 0x5))), function at exception vector 39 too large)

.vector_40      0x9d01f700        0x8
 *(.vector_40)
 .vector_40     0x9d01f700        0x8 c:/program files (x86)/microchip/xc32/v1.34/bin/bin/../../lib/gcc/pic32mx/4.5.2/../../../../pic32mx/lib\libpic32.a(vector40.o)
                0x9d01f700                __vector_dispatch_40
                0x00000001                ASSERT (((_vector_spacing == 0x0) || (SIZEOF (.vector_40) <= (_vector_spacing << 0x5))), function at exception vector 40 too large)

.vector_41      0x9d01f720        0x8
 *(.vector_41)
 .vector_41     0x9d01f720        0x8 c:/program files (x86)/microchip/xc32/v1.34/bin/bin/../../lib/gcc/pic32mx/4.5.2/../../../../pic32mx/lib\libpic32.a(vector41.o)
                0x9d01f720                __vector_dispatch_41
                0x00000001                ASSERT (((_vector_spacing == 0x0) || (SIZEOF (.vector_41) <= (_vector_spacing << 0x5))), function at exception vector 41 too large)

.vector_42      0x9d01f740        0x8
 *(.vector_42)
 .vector_42     0x9d01f740        0x8 c:/program files (x86)/microchip/xc32/v1.34/bin/bin/../../lib/gcc/pic32mx/4.5.2/../../../../pic32mx/lib\libpic32.a(vector42.o)
                0x9d01f740                __vector_dispatch_42
                0x00000001                ASSERT (((_vector_spacing == 0x0) || (SIZEOF (.vector_42) <= (_vector_spacing << 0x5))), function at exception vector 42 too large)

.vector_43      0x9d01f760        0x8
 *(.vector_43)
 .vector_43     0x9d01f760        0x8 c:/program files (x86)/microchip/xc32/v1.34/bin/bin/../../lib/gcc/pic32mx/4.5.2/../../../../pic32mx/lib\libpic32.a(vector43.o)
                0x9d01f760                __vector_dispatch_43
                0x00000001                ASSERT (((_vector_spacing == 0x0) || (SIZEOF (.vector_43) <= (_vector_spacing << 0x5))), function at exception vector 43 too large)

.vector_44      0x9d01f780        0x0
 *(.vector_44)
                0x00000001                ASSERT (((_vector_spacing == 0x0) || (SIZEOF (.vector_44) <= (_vector_spacing << 0x5))), function at exception vector 44 too large)

.vector_45      0x9d01f7a0        0x0
 *(.vector_45)
                0x00000001                ASSERT (((_vector_spacing == 0x0) || (SIZEOF (.vector_45) <= (_vector_spacing << 0x5))), function at exception vector 45 too large)

.vector_46      0x9d01f7c0        0x0
 *(.vector_46)
                0x00000001                ASSERT (((_vector_spacing == 0x0) || (SIZEOF (.vector_46) <= (_vector_spacing << 0x5))), function at exception vector 46 too large)

.vector_47      0x9d01f7e0        0x0
 *(.vector_47)
                0x00000001                ASSERT (((_vector_spacing == 0x0) || (SIZEOF (.vector_47) <= (_vector_spacing << 0x5))), function at exception vector 47 too large)

.vector_48      0x9d01f800        0x0
 *(.vector_48)
                0x00000001                ASSERT (((_vector_spacing == 0x0) || (SIZEOF (.vector_48) <= (_vector_spacing << 0x5))), function at exception vector 48 too large)

.vector_49      0x9d01f820        0x0
 *(.vector_49)
                0x00000001                ASSERT (((_vector_spacing == 0x0) || (SIZEOF (.vector_49) <= (_vector_spacing << 0x5))), function at exception vector 49 too large)

.vector_50      0x9d01f840        0x0
 *(.vector_50)
                0x00000001                ASSERT (((_vector_spacing == 0x0) || (SIZEOF (.vector_50) <= (_vector_spacing << 0x5))), function at exception vector 50 too large)

.vector_51      0x9d01f860        0x0
 *(.vector_51)
                0x00000001                ASSERT (((_vector_spacing == 0x0) || (SIZEOF (.vector_51) <= (_vector_spacing << 0x5))), function at exception vector 51 too large)

.vector_52      0x9d01f880        0x0
 *(.vector_52)
                0x00000001                ASSERT (((_vector_spacing == 0x0) || (SIZEOF (.vector_52) <= (_vector_spacing << 0x5))), function at exception vector 52 too large)

.vector_53      0x9d01f8a0        0x0
 *(.vector_53)
                0x00000001                ASSERT (((_vector_spacing == 0x0) || (SIZEOF (.vector_53) <= (_vector_spacing << 0x5))), function at exception vector 53 too large)

.vector_54      0x9d01f8c0        0x0
 *(.vector_54)
                0x00000001                ASSERT (((_vector_spacing == 0x0) || (SIZEOF (.vector_54) <= (_vector_spacing << 0x5))), function at exception vector 54 too large)

.vector_55      0x9d01f8e0        0x0
 *(.vector_55)
                0x00000001                ASSERT (((_vector_spacing == 0x0) || (SIZEOF (.vector_55) <= (_vector_spacing << 0x5))), function at exception vector 55 too large)

.vector_56      0x9d01f900        0x0
 *(.vector_56)
                0x00000001                ASSERT (((_vector_spacing == 0x0) || (SIZEOF (.vector_56) <= (_vector_spacing << 0x5))), function at exception vector 56 too large)

.vector_57      0x9d01f920        0x0
 *(.vector_57)
                0x00000001                ASSERT (((_vector_spacing == 0x0) || (SIZEOF (.vector_57) <= (_vector_spacing << 0x5))), function at exception vector 57 too large)

.vector_58      0x9d01f940        0x0
 *(.vector_58)
                0x00000001                ASSERT (((_vector_spacing == 0x0) || (SIZEOF (.vector_58) <= (_vector_spacing << 0x5))), function at exception vector 58 too large)

.vector_59      0x9d01f960        0x0
 *(.vector_59)
                0x00000001                ASSERT (((_vector_spacing == 0x0) || (SIZEOF (.vector_59) <= (_vector_spacing << 0x5))), function at exception vector 59 too large)

.vector_60      0x9d01f980        0x0
 *(.vector_60)
                0x00000001                ASSERT (((_vector_spacing == 0x0) || (SIZEOF (.vector_60) <= (_vector_spacing << 0x5))), function at exception vector 60 too large)

.vector_61      0x9d01f9a0        0x0
 *(.vector_61)
                0x00000001                ASSERT (((_vector_spacing == 0x0) || (SIZEOF (.vector_61) <= (_vector_spacing << 0x5))), function at exception vector 61 too large)

.vector_62      0x9d01f9c0        0x0
 *(.vector_62)
                0x00000001                ASSERT (((_vector_spacing == 0x0) || (SIZEOF (.vector_62) <= (_vector_spacing << 0x5))), function at exception vector 62 too large)

.vector_63      0x9d01f9e0        0x0
 *(.vector_63)
                0x00000001                ASSERT (((_vector_spacing == 0x0) || (SIZEOF (.vector_63) <= (_vector_spacing << 0x5))), function at exception vector 63 too large)

.startup
 *(.startup)

.text           0x9d000000        0x0
 *(.stub .gnu.linkonce.t.*)
 *(.text.*personality*)
 *(.mips16.fn.*)
 *(.mips16.call.*)
 *(.gnu.warning)
                0x9d000000                . = ALIGN (0x4)

.init           0x9d000000        0x0
 *crti.o(.init)
 *crtbegin.o(.init)
 *(EXCLUDE_FILE(*crtn.o *crtend?.o *crtend.o) .init)
 *crtend.o(.init)
 *crtn.o(.init)
                0x9d000000                . = ALIGN (0x4)

.fini           0x9d000000        0x0
 *(.fini)
                0x9d000000                . = ALIGN (0x4)

.preinit_array  0x9d000000        0x0
                0x9d000000                PROVIDE (__preinit_array_start, .)
 *(.preinit_array)
                0x9d000000                PROVIDE (__preinit_array_end, .)
                0x9d000000                . = ALIGN (0x4)

.init_array     0x9d000000        0x0
                0x9d000000                PROVIDE (__init_array_start, .)
 *(SORT(.init_array.*))
 *(.init_array)
                0x9d000000                PROVIDE (__init_array_end, .)
                0x9d000000                . = ALIGN (0x4)

.fini_array     0x9d000000        0x0
                0x9d000000                PROVIDE (__fini_array_start, .)
 *(SORT(.fini_array.*))
 *(.fini_array)
                0x9d000000                PROVIDE (__fini_array_end, .)
                0x9d000000                . = ALIGN (0x4)

.ctors          0x9d000000        0x0
 *crtbegin.o(.ctors)
 *crtbegin?.o(.ctors)
 *(EXCLUDE_FILE(*crtend?.o *crtend.o) .ctors)
 *(SORT(.ctors.*))
 *(.ctors)
                0x9d000000                . = ALIGN (0x4)

.dtors          0x9d000000        0x0
 *crtbegin.o(.dtors)
 *crtbegin?.o(.dtors)
 *(EXCLUDE_FILE(*crtend?.o *crtend.o) .dtors)
 *(SORT(.dtors.*))
 *(.dtors)
                0x9d000000                . = ALIGN (0x4)

.rodata         0x9d000000        0x0
 *(.gnu.linkonce.r.*)
 *(.rodata1)
                0x9d000000                . = ALIGN (0x4)

.sdata2         0x9fc00490        0x0
 *(.sdata2 .sdata2.* .gnu.linkonce.s2.*)
                0x9fc00490                . = ALIGN (0x4)

.sbss2          0x9fc00490        0x0
 *(.sbss2 .sbss2.* .gnu.linkonce.sb2.*)
                0x9fc00490                . = ALIGN (0x4)

.eh_frame_hdr
 *(.eh_frame_hdr)
                0x9fc00490                . = ALIGN (0x4)

.eh_frame
 *(.eh_frame)
                0x9fc00490                . = ALIGN (0x4)

.gcc_except_table
 *(.gcc_except_table .gcc_except_table.*)
                0x9fc00490                . = ALIGN (0x4)

.dbg_data       0xa0000200        0x0
                0xa0000200                . = (. + DEFINED (_DEBUGGER)?0x200:0x0)

.jcr            0xa0000200        0x0
 *(.jcr)
                0xa0000200                . = ALIGN (0x4)

.eh_frame       0xa0000200       0x30
 *(.eh_frame)
 .eh_frame      0xa0000200       0x20 c:/program files (x86)/microchip/xc32/v1.34/bin/bin/../../lib/gcc/pic32mx/4.5.2\libgcc.a(_udivdi3.o)
 .eh_frame      0xa0000220       0x10 c:/program files (x86)/microchip/xc32/v1.34/bin/bin/../../lib/gcc/pic32mx/4.5.2\libgcc.a(_umoddi3.o)
                0xa0000230                . = ALIGN (0x4)

.gcc_except_table
 *(.gcc_except_table .gcc_except_table.*)
                0xa0000230                . = ALIGN (0x4)

.persist        0xa0000230        0x0
                0xa0000230                _persist_begin = .
 *(.persist .persist.*)
 *(.pbss .pbss.*)
                0xa0000230                . = ALIGN (0x4)
                0xa0000230                _persist_end = .

.data           0xa0000230        0x0
 *(.gnu.linkonce.d.*)
 *(.data1)
                0xa0000230                . = ALIGN (0x4)
                0xa0000230                . = .
                0xa0008220                _gp = (ALIGN (0x10) + 0x7ff0)

.got            0xa0000230        0x0
 *(.got.plt)
 *(.got)
                0xa0000230                . = ALIGN (0x4)

.sdata          0xa0000230       0x38
                0xa0000230                _sdata_begin = .
 *(.sdata .sdata.* .gnu.linkonce.s.*)
 .sdata         0xa0000230        0x1 build/default/debug/SPI_driver.o
                0xa0000230                SPI1_slave
 .sdata         0xa0000231        0x2 build/default/debug/LCD_driver.o
                0xa0000231                lcd_col_ptr
                0xa0000232                lcd_current_side
 .sdata         0xa0000233        0x1 build/default/debug/HT16_leds_driver.o
                0xa0000233                HT16_write_leds_request
 .sdata         0xa0000234        0x1 build/default/debug/SDCARD_driver.o
                0xa0000234                SD_type
 *fill*         0xa0000235        0x3 
 .sdata         0xa0000238        0x4 build/default/debug/bpm.o
                0xa0000238                bpm_x100
 .sdata         0xa000023c       0x1c build/default/debug/input_handler.o
                0xa000023c                active_instruments_u16
                0xa0000240                encoders_values
                0xa0000248                encoders_scale
                0xa0000250                cur_note
                0xa0000251                current_mode
                0xa0000252                cur_octave
                0xa0000253                cur_velocity
 .sdata         0xa0000258        0x8 build/default/debug/mappings.o
                0xa0000258                encoder_midi_cc
 .sdata         0xa0000260        0x4 c:/program files (x86)/microchip/xc32/v1.34/bin/bin/../../lib/gcc/pic32mx/4.5.2/../../../../pic32mx/lib\libc.a(_iob.o)
                0xa0000260                _Files
 .sdata         0xa0000264        0x4 c:/program files (x86)/microchip/xc32/v1.34/bin/bin/../../lib/gcc/pic32mx/4.5.2/../../../../pic32mx/lib\libpic32.a(xc32_uart.o)
                0xa0000264                __XC_UART
                0xa0000268                . = ALIGN (0x4)
                0xa0000268                _sdata_end = .

.lit8
 *(.lit8)

.lit4
 *(.lit4)
                0xa0000268                . = ALIGN (0x4)
                0xa0000268                _data_end = .
                0xa0000268                _bss_begin = .

.sbss           0xa0000268       0x88
                0xa0000268                _sbss_begin = .
 *(.dynsbss)
 *(.sbss .sbss.* .gnu.linkonce.sb.*)
 .sbss          0xa0000268        0x1 build/default/debug/SPI_driver.o
                0xa0000268                SPI1_state
 .sbss          0xa0000269        0x2 build/default/debug/UART_driver.o
                0xa0000269                UART1_buf_index
                0xa000026a                UART1_buf_len
 *fill*         0xa000026b        0x1 
 .sbss          0xa000026c       0x10 build/default/debug/LCD_driver.o
                0xa000026c                SPI_LCD_count
                0xa0000270                LCD_dirty
                0xa0000274                SPI_LCD_index
                0xa0000278                lcd_line_ptr
                0xa0000279                lcd_pos_ptr
 .sbss          0xa000027c        0xc build/default/debug/I2C_driver.o
                0xa000027c                I2C1_state
                0xa000027d                I2C1_write_buf_index
                0xa000027e                I2C1_write_buf_size
                0xa000027f                I2C1_read_buf_index
                0xa0000280                I2C1_read_cb
                0xa0000284                I2C1_write_cb
 .sbss          0xa0000288       0x14 build/default/debug/HT16_keys_driver.o
                0xa0000288                HT16_read_keys_request
                0xa000028c                current_key_scan
                0xa0000290                previous_key_scan
                0xa0000294                poll_count
 .sbss          0xa000029c        0xc build/default/debug/EEPROM_driver.o
                0xa000029c                SPI_eeprom_write_request
                0xa000029d                SPI_eeprom_read_request
                0xa00002a0                eeprom_read_index
                0xa00002a4                eeprom_write_index
 .sbss          0xa00002a8        0x1 build/default/debug/SDCARD_driver.o
                0xa00002a8                SD_error
 .sbss          0xa00002a9        0x2 build/default/debug/encoders_driver.o
                0xa00002a9                SPI_encoders_dirty
 .sbss          0xa00002ab        0x2 build/default/debug/timers_driver.o
                0xa00002ab                timer4_count
                0xa00002ac                timer4_index
 *fill*         0xa00002ad        0x1 
 .sbss          0xa00002ae        0x8 build/default/debug/bpm.o
                0xa00002ae                __g_qbeat_pr
                0xa00002b0                tap_button_old
                0xa00002b2                tap_button_active
                0xa00002b4                tap_index
 .sbss          0xa00002b6        0x9 build/default/debug/input_handler.o
                0xa00002b6                edit_pressed
                0xa00002b7                tap_pressed
                0xa00002b8                cue_pressed
                0xa00002b9                cur_instrument
                0xa00002ba                cur_pattern
                0xa00002bb                default_template
                0xa00002bc                playing
                0xa00002bd                menu_current_level
                0xa00002be                menu_level_1
 .sbss          0xa00002bf        0x3 build/default/debug/LCD_templates.o
                0xa00002bf                cur_template
 .sbss          0xa00002c2        0x3 build/default/debug/sequencer.o
                0xa00002c2                qtime
                0xa00002c3                sequencer_notes_count
 *fill*         0xa00002c5        0x3 
 .sbss          0xa00002c8        0x8 build/default/debug/output_handler.o
                0xa00002c8                leds_base_case
 .sbss          0xa00002d0        0x1 c:/program files (x86)/microchip/xc32/v1.34/bin/bin/../../lib/gcc/pic32mx/4.5.2/../../../../pic32mx/lib\libc.a(_iob.o)
                0xa00002d0                _outdone
 *(.scommon)
 .scommon       0xa00002d1        0x2 build/default/debug/I2C_driver.o
                0xa00002d1                I2C1_RW
                0xa00002d2                I2C1_read_buf_expected
 *fill*         0xa00002d3        0x1 
 .scommon       0xa00002d4       0x10 build/default/debug/EEPROM_driver.o
                0xa00002d4                eeprom_address
                0xa00002d8                eeprom_read_size
                0xa00002dc                eeprom_buf_size
                0xa00002e0                eeprom_write_size
 .scommon       0xa00002e4        0x4 build/default/debug/SDCARD_driver.o
                0xa00002e4                SD_return
 .scommon       0xa00002e8        0x2 build/default/debug/input_handler.o
                0xa00002e8                menu_item_highlighted
                0xa00002e9                cur_encoder
 .scommon       0xa00002ea        0x1 build/default/debug/MIDI.o
                0xa00002ea                running_status
 *fill*         0xa00002eb        0x1 
 .scommon       0xa00002ec        0x4 build/default/debug/output_handler.o
                0xa00002ec                current_leds_on
                0xa00002f0                _sbss_end = .
                0xa00002f0                . = ALIGN (0x4)

.bss            0xa00002f0     0x228c
 *(.dynbss)
 *(COMMON)
 COMMON         0xa00002f0      0x100 build/default/debug/UART_driver.o
                0xa00002f0                UART1_buf
 COMMON         0xa00003f0        0xa build/default/debug/I2C_driver.o
                0xa00003f0                I2C1_read_buf
 *fill*         0xa00003fa        0x2 
 COMMON         0xa00003fc      0x180 build/default/debug/EEPROM_driver.o
                0xa00003fc                eeprom_write_buf
                0xa00004fc                eeprom_buf
 COMMON         0xa000057c     0x2000 build/default/debug/input_handler.o
                0xa000057c                active_patterns_array
                0xa000157c                active_instrument
                0xa000257c                . = ALIGN ((. != 0x0)?0x4:0x1)
                0xa000257c                . = ALIGN (0x4)
                0xa000257c                _end = .
                0xa000257c                _bss_end = .
                0x00008000                _bmxdudba_address = 0x8000
                0x00008000                _bmxdupba_address = 0x8000

/DISCARD/
 *(.pdr)
 *(.rel.dyn)
 *(.note.GNU-stack)
 *(.note.GNU-stack)
 *(.gnu_debuglink)
 *(.gnu.lto_*)
 *(.discard)

.gptab.sdata
 *(.gptab.data)
 *(.gptab.sdata)

.gptab.sbss
 *(.gptab.bss)
 *(.gptab.sbss)

.mdebug.abi32   0xa000257c        0x0
 *(.mdebug.abi32)
 .mdebug.abi32  0xa000257c        0x0 c:/program files (x86)/microchip/xc32/v1.34/bin/bin/../../lib/gcc/pic32mx/4.5.2/../../../../pic32mx/lib\software-debug-break.o
 .mdebug.abi32  0xa000257c        0x0 build/default/debug/config.o
 .mdebug.abi32  0xa000257c        0x0 build/default/debug/SPI_driver.o
 .mdebug.abi32  0xa000257c        0x0 build/default/debug/UART_driver.o
 .mdebug.abi32  0xa000257c        0x0 build/default/debug/LCD_driver.o
 .mdebug.abi32  0xa000257c        0x0 build/default/debug/I2C_driver.o
 .mdebug.abi32  0xa000257c        0x0 build/default/debug/HT16_leds_driver.o
 .mdebug.abi32  0xa000257c        0x0 build/default/debug/HT16_keys_driver.o
 .mdebug.abi32  0xa000257c        0x0 build/default/debug/EEPROM_driver.o
 .mdebug.abi32  0xa000257c        0x0 build/default/debug/SDCARD_driver.o
 .mdebug.abi32  0xa000257c        0x0 build/default/debug/encoders_driver.o
 .mdebug.abi32  0xa000257c        0x0 build/default/debug/timers_driver.o
 .mdebug.abi32  0xa000257c        0x0 build/default/debug/bpm.o
 .mdebug.abi32  0xa000257c        0x0 build/default/debug/input_handler.o
 .mdebug.abi32  0xa000257c        0x0 build/default/debug/LCD_templates.o
 .mdebug.abi32  0xa000257c        0x0 build/default/debug/MIDI.o
 .mdebug.abi32  0xa000257c        0x0 build/default/debug/sequencer.o
 .mdebug.abi32  0xa000257c        0x0 build/default/debug/output_handler.o
 .mdebug.abi32  0xa000257c        0x0 build/default/debug/notes.o
 .mdebug.abi32  0xa000257c        0x0 build/default/debug/mappings.o
 .mdebug.abi32  0xa000257c        0x0 build/default/debug/main.o
 .mdebug.abi32  0xa000257c        0x0 build/default/debug/init.o
 .mdebug.abi32  0xa000257c        0x0 c:/program files (x86)/microchip/xc32/v1.34/bin/bin/../../lib/gcc/pic32mx/4.5.2\libgcc.a(floatunsisf.o)
 .mdebug.abi32  0xa000257c        0x0 c:/program files (x86)/microchip/xc32/v1.34/bin/bin/../../lib/gcc/pic32mx/4.5.2/../../../../pic32mx/lib\libpic32.a(default-bootstrap-exception-handler.o)
 .mdebug.abi32  0xa000257c        0x0 c:/program files (x86)/microchip/xc32/v1.34/bin/bin/../../lib/gcc/pic32mx/4.5.2/../../../../pic32mx/lib\libpic32.a(default-on-reset.o)
 .mdebug.abi32  0xa000257c        0x0 c:/program files (x86)/microchip/xc32/v1.34/bin/bin/../../lib/gcc/pic32mx/4.5.2/../../../../pic32mx/lib\libpic32.a(default-on-bootstrap.o)
 .mdebug.abi32  0xa000257c        0x0 c:/program files (x86)/microchip/xc32/v1.34/bin/bin/../../lib/gcc/pic32mx/4.5.2/../../../../pic32mx/lib\libpic32.a(default-general-exception-handler.o)
 .mdebug.abi32  0xa000257c        0x0 c:/program files (x86)/microchip/xc32/v1.34/bin/bin/../../lib/gcc/pic32mx/4.5.2/../../../../pic32mx/lib\libpic32.a(defaultinterrupt.o)
 .mdebug.abi32  0xa000257c        0x0 c:/program files (x86)/microchip/xc32/v1.34/bin/bin/../../lib/gcc/pic32mx/4.5.2/../../../../pic32mx/lib\libc.a(snprintf_cdfFnopsuxX.eo)
 .mdebug.abi32  0xa000257c        0x0 c:/program files (x86)/microchip/xc32/v1.34/bin/bin/../../lib/gcc/pic32mx/4.5.2/../../../../pic32mx/lib\libc.a(vsnprintf_cdfFnopsuxX.eo)
 .mdebug.abi32  0xa000257c        0x0 c:/program files (x86)/microchip/xc32/v1.34/bin/bin/../../lib/gcc/pic32mx/4.5.2/../../../../pic32mx/lib\libc.a(doprnt_cdfFnopsuxX.eo)
 .mdebug.abi32  0xa000257c        0x0 c:/program files (x86)/microchip/xc32/v1.34/bin/bin/../../lib/gcc/pic32mx/4.5.2/../../../../pic32mx/lib\libc.a(_fputc_simple.o)
 .mdebug.abi32  0xa000257c        0x0 c:/program files (x86)/microchip/xc32/v1.34/bin/bin/../../lib/gcc/pic32mx/4.5.2/../../../../pic32mx/lib\libc.a(ctype.o)
 .mdebug.abi32  0xa000257c        0x0 c:/program files (x86)/microchip/xc32/v1.34/bin/bin/../../lib/gcc/pic32mx/4.5.2/../../../../pic32mx/lib\libc.a(powersf.o)
 .mdebug.abi32  0xa000257c        0x0 c:/program files (x86)/microchip/xc32/v1.34/bin/bin/../../lib/gcc/pic32mx/4.5.2/../../../../pic32mx/lib\libc.a(_iob.o)
 .mdebug.abi32  0xa000257c        0x0 c:/program files (x86)/microchip/xc32/v1.34/bin/bin/../../lib/gcc/pic32mx/4.5.2/../../../../pic32mx/lib\libc.a(_flsbuf_simple.o)
 .mdebug.abi32  0xa000257c        0x0 c:/program files (x86)/microchip/xc32/v1.34/bin/bin/../../lib/gcc/pic32mx/4.5.2/../../../../pic32mx/lib\libpic32.a(write.o)
 .mdebug.abi32  0xa000257c        0x0 c:/program files (x86)/microchip/xc32/v1.34/bin/bin/../../lib/gcc/pic32mx/4.5.2/../../../../pic32mx/lib\libpic32.a(_mon_putc.o)
 .mdebug.abi32  0xa000257c        0x0 c:/program files (x86)/microchip/xc32/v1.34/bin/bin/../../lib/gcc/pic32mx/4.5.2/../../../../pic32mx/lib\libpic32.a(xc32_uart.o)
 .mdebug.abi32  0xa000257c        0x0 c:/program files (x86)/microchip/xc32/v1.34/bin/bin/../../lib/gcc/pic32mx/4.5.2/../../../../pic32mx/lib\libe.a(_floatdisf.o)
 .mdebug.abi32  0xa000257c        0x0 c:/program files (x86)/microchip/xc32/v1.34/bin/bin/../../lib/gcc/pic32mx/4.5.2\libgcc.a(_floatundisf.o)
 .mdebug.abi32  0xa000257c        0x0 c:/program files (x86)/microchip/xc32/v1.34/bin/bin/../../lib/gcc/pic32mx/4.5.2\libgcc.a(_udivdi3.o)
 .mdebug.abi32  0xa000257c        0x0 c:/program files (x86)/microchip/xc32/v1.34/bin/bin/../../lib/gcc/pic32mx/4.5.2\libgcc.a(_umoddi3.o)

.mdebug.abiN32
 *(.mdebug.abiN32)

.mdebug.abi64
 *(.mdebug.abi64)

.mdebug.abiO64
 *(.mdebug.abiO64)

.mdebug.eabi32
 *(.mdebug.eabi32)

.mdebug.eabi64
 *(.mdebug.eabi64)

.gcc_compiled_long32
 *(.gcc_compiled_long32)

.gcc_compiled_long64
 *(.gcc_compiled_long64)

.stab
 *(.stab)

.stabstr
 *(.stabstr)

.stab.excl
 *(.stab.excl)

.stab.exclstr
 *(.stab.exclstr)

.stab.index
 *(.stab.index)

.stab.indexstr
 *(.stab.indexstr)

.comment        0x00000000      0x140
 *(.comment)
 .comment       0x00000000       0x3c c:/program files (x86)/microchip/xc32/v1.34/bin/bin/../../lib/gcc/pic32mx/4.5.2/../../../../pic32mx/lib\software-debug-break.o
                                 0x3d (size before relaxing)
 .comment       0x00000000       0x3d build/default/debug/config.o
 .comment       0x00000000       0x3d build/default/debug/SPI_driver.o
 .comment       0x00000000       0x3d build/default/debug/UART_driver.o
 .comment       0x00000000       0x3d build/default/debug/LCD_driver.o
 .comment       0x00000000       0x3d build/default/debug/I2C_driver.o
 .comment       0x00000000       0x3d build/default/debug/HT16_leds_driver.o
 .comment       0x00000000       0x3d build/default/debug/HT16_keys_driver.o
 .comment       0x00000000       0x3d build/default/debug/EEPROM_driver.o
 .comment       0x00000000       0x3d build/default/debug/SDCARD_driver.o
 .comment       0x00000000       0x3d build/default/debug/encoders_driver.o
 .comment       0x00000000       0x3d build/default/debug/timers_driver.o
 .comment       0x00000000       0x3d build/default/debug/bpm.o
 .comment       0x00000000       0x3d build/default/debug/input_handler.o
 .comment       0x00000000       0x3d build/default/debug/LCD_templates.o
 .comment       0x00000000       0x3d build/default/debug/MIDI.o
 .comment       0x00000000       0x3d build/default/debug/sequencer.o
 .comment       0x00000000       0x3d build/default/debug/output_handler.o
 .comment       0x00000000       0x3d build/default/debug/notes.o
 .comment       0x00000000       0x3d build/default/debug/mappings.o
 .comment       0x00000000       0x3d build/default/debug/main.o
 .comment       0x00000000       0x3d build/default/debug/init.o
 .comment       0x00000000       0x3d c:/program files (x86)/microchip/xc32/v1.34/bin/bin/../../lib/gcc/pic32mx/4.5.2\libgcc.a(floatunsisf.o)
 .comment       0x0000003c       0x18 c:/program files (x86)/microchip/xc32/v1.34/bin/bin/../../lib/gcc/pic32mx/4.5.2/../../../../pic32mx/lib\libpic32.a(memset.o)
                                 0x19 (size before relaxing)
 .comment       0x00000000       0x3d c:/program files (x86)/microchip/xc32/v1.34/bin/bin/../../lib/gcc/pic32mx/4.5.2/../../../../pic32mx/lib\libpic32.a(default-bootstrap-exception-handler.o)
 .comment       0x00000000       0x3d c:/program files (x86)/microchip/xc32/v1.34/bin/bin/../../lib/gcc/pic32mx/4.5.2/../../../../pic32mx/lib\libpic32.a(default-on-reset.o)
 .comment       0x00000000       0x3d c:/program files (x86)/microchip/xc32/v1.34/bin/bin/../../lib/gcc/pic32mx/4.5.2/../../../../pic32mx/lib\libpic32.a(default-on-bootstrap.o)
 .comment       0x00000000       0x3d c:/program files (x86)/microchip/xc32/v1.34/bin/bin/../../lib/gcc/pic32mx/4.5.2/../../../../pic32mx/lib\libpic32.a(default-general-exception-handler.o)
 .comment       0x00000000       0x3d c:/program files (x86)/microchip/xc32/v1.34/bin/bin/../../lib/gcc/pic32mx/4.5.2/../../../../pic32mx/lib\libpic32.a(defaultinterrupt.o)
 .comment       0x00000000       0x3d c:/program files (x86)/microchip/xc32/v1.34/bin/bin/../../lib/gcc/pic32mx/4.5.2/../../../../pic32mx/lib\libc.a(snprintf_cdfFnopsuxX.eo)
 .comment       0x00000000       0x3d c:/program files (x86)/microchip/xc32/v1.34/bin/bin/../../lib/gcc/pic32mx/4.5.2/../../../../pic32mx/lib\libc.a(vsnprintf_cdfFnopsuxX.eo)
 .comment       0x00000000       0x3d c:/program files (x86)/microchip/xc32/v1.34/bin/bin/../../lib/gcc/pic32mx/4.5.2/../../../../pic32mx/lib\libc.a(doprnt_cdfFnopsuxX.eo)
 .comment       0x00000000       0x3d c:/program files (x86)/microchip/xc32/v1.34/bin/bin/../../lib/gcc/pic32mx/4.5.2/../../../../pic32mx/lib\libc.a(_fputc_simple.o)
 .comment       0x00000054       0x4e c:/program files (x86)/microchip/xc32/v1.34/bin/bin/../../lib/gcc/pic32mx/4.5.2/../../../../pic32mx/lib\libc.a(ctype.o)
                                 0x8b (size before relaxing)
 .comment       0x00000000       0x3d c:/program files (x86)/microchip/xc32/v1.34/bin/bin/../../lib/gcc/pic32mx/4.5.2/../../../../pic32mx/lib\libc.a(powersf.o)
 .comment       0x00000000       0x3d c:/program files (x86)/microchip/xc32/v1.34/bin/bin/../../lib/gcc/pic32mx/4.5.2/../../../../pic32mx/lib\libc.a(_iob.o)
 .comment       0x00000000       0x3d c:/program files (x86)/microchip/xc32/v1.34/bin/bin/../../lib/gcc/pic32mx/4.5.2/../../../../pic32mx/lib\libc.a(_flsbuf_simple.o)
 .comment       0x00000000       0x3d c:/program files (x86)/microchip/xc32/v1.34/bin/bin/../../lib/gcc/pic32mx/4.5.2/../../../../pic32mx/lib\libpic32.a(write.o)
 .comment       0x00000000       0x3d c:/program files (x86)/microchip/xc32/v1.34/bin/bin/../../lib/gcc/pic32mx/4.5.2/../../../../pic32mx/lib\libpic32.a(_mon_putc.o)
 .comment       0x00000000       0x3d c:/program files (x86)/microchip/xc32/v1.34/bin/bin/../../lib/gcc/pic32mx/4.5.2/../../../../pic32mx/lib\libpic32.a(xc32_uart.o)
 .comment       0x000000a2       0x9e c:/program files (x86)/microchip/xc32/v1.34/bin/bin/../../lib/gcc/pic32mx/4.5.2/../../../../pic32mx/lib\libe.a(_floatdisf.o)
                                 0xdb (size before relaxing)
 .comment       0x00000000       0x3d c:/program files (x86)/microchip/xc32/v1.34/bin/bin/../../lib/gcc/pic32mx/4.5.2\libgcc.a(_floatundisf.o)
 .comment       0x00000000       0x3d c:/program files (x86)/microchip/xc32/v1.34/bin/bin/../../lib/gcc/pic32mx/4.5.2\libgcc.a(_udivdi3.o)
 .comment       0x00000000       0x3d c:/program files (x86)/microchip/xc32/v1.34/bin/bin/../../lib/gcc/pic32mx/4.5.2\libgcc.a(_umoddi3.o)

.debug
 *(.debug)

.line
 *(.line)

.debug_srcinfo
 *(.debug_srcinfo)

.debug_sfnames
 *(.debug_sfnames)

.debug_aranges  0x00000000      0x4a8
 *(.debug_aranges)
 .debug_aranges
                0x00000000       0x20 c:/program files (x86)/microchip/xc32/v1.34/bin/bin/../../lib/gcc/pic32mx/4.5.2/../../../../pic32mx/lib\software-debug-break.o
 .debug_aranges
                0x00000020       0x20 build/default/debug/SPI_driver.o
 .debug_aranges
                0x00000040       0x20 build/default/debug/UART_driver.o
 .debug_aranges
                0x00000060       0x20 build/default/debug/LCD_driver.o
 .debug_aranges
                0x00000080       0x20 build/default/debug/I2C_driver.o
 .debug_aranges
                0x000000a0       0x20 build/default/debug/HT16_leds_driver.o
 .debug_aranges
                0x000000c0       0x20 build/default/debug/HT16_keys_driver.o
 .debug_aranges
                0x000000e0       0x20 build/default/debug/EEPROM_driver.o
 .debug_aranges
                0x00000100       0x20 build/default/debug/SDCARD_driver.o
 .debug_aranges
                0x00000120       0x20 build/default/debug/encoders_driver.o
 .debug_aranges
                0x00000140       0x20 build/default/debug/timers_driver.o
 .debug_aranges
                0x00000160       0x20 build/default/debug/bpm.o
 .debug_aranges
                0x00000180       0x20 build/default/debug/input_handler.o
 .debug_aranges
                0x000001a0       0x20 build/default/debug/LCD_templates.o
 .debug_aranges
                0x000001c0       0x20 build/default/debug/MIDI.o
 .debug_aranges
                0x000001e0       0x20 build/default/debug/sequencer.o
 .debug_aranges
                0x00000200       0x20 build/default/debug/output_handler.o
 .debug_aranges
                0x00000220       0x20 build/default/debug/notes.o
 .debug_aranges
                0x00000240       0x20 build/default/debug/main.o
 .debug_aranges
                0x00000260       0x20 build/default/debug/init.o
 .debug_aranges
                0x00000280       0x20 c:/program files (x86)/microchip/xc32/v1.34/bin/bin/../../lib/gcc/pic32mx/4.5.2\libgcc.a(floatunsisf.o)
 .debug_aranges
                0x000002a0       0x20 c:/program files (x86)/microchip/xc32/v1.34/bin/bin/../../lib/gcc/pic32mx/4.5.2/../../../../pic32mx/lib\libpic32.a(default-bootstrap-exception-handler.o)
 .debug_aranges
                0x000002c0       0x20 c:/program files (x86)/microchip/xc32/v1.34/bin/bin/../../lib/gcc/pic32mx/4.5.2/../../../../pic32mx/lib\libpic32.a(default-on-reset.o)
 .debug_aranges
                0x000002e0       0x20 c:/program files (x86)/microchip/xc32/v1.34/bin/bin/../../lib/gcc/pic32mx/4.5.2/../../../../pic32mx/lib\libpic32.a(default-on-bootstrap.o)
 .debug_aranges
                0x00000300       0x20 c:/program files (x86)/microchip/xc32/v1.34/bin/bin/../../lib/gcc/pic32mx/4.5.2/../../../../pic32mx/lib\libpic32.a(default-general-exception-handler.o)
 .debug_aranges
                0x00000320       0x20 c:/program files (x86)/microchip/xc32/v1.34/bin/bin/../../lib/gcc/pic32mx/4.5.2/../../../../pic32mx/lib\libpic32.a(defaultinterrupt.o)
 .debug_aranges
                0x00000340       0x20 c:/program files (x86)/microchip/xc32/v1.34/bin/bin/../../lib/gcc/pic32mx/4.5.2/../../../../pic32mx/lib\libc.a(snprintf_cdfFnopsuxX.eo)
 .debug_aranges
                0x00000360       0x20 c:/program files (x86)/microchip/xc32/v1.34/bin/bin/../../lib/gcc/pic32mx/4.5.2/../../../../pic32mx/lib\libc.a(vsnprintf_cdfFnopsuxX.eo)
 .debug_aranges
                0x00000380       0x28 c:/program files (x86)/microchip/xc32/v1.34/bin/bin/../../lib/gcc/pic32mx/4.5.2/../../../../pic32mx/lib\libc.a(doprnt_cdfFnopsuxX.eo)
 .debug_aranges
                0x000003a8       0x20 c:/program files (x86)/microchip/xc32/v1.34/bin/bin/../../lib/gcc/pic32mx/4.5.2/../../../../pic32mx/lib\libc.a(_fputc_simple.o)
 .debug_aranges
                0x000003c8       0x20 c:/program files (x86)/microchip/xc32/v1.34/bin/bin/../../lib/gcc/pic32mx/4.5.2/../../../../pic32mx/lib\libc.a(_flsbuf_simple.o)
 .debug_aranges
                0x000003e8       0x20 c:/program files (x86)/microchip/xc32/v1.34/bin/bin/../../lib/gcc/pic32mx/4.5.2/../../../../pic32mx/lib\libpic32.a(write.o)
 .debug_aranges
                0x00000408       0x20 c:/program files (x86)/microchip/xc32/v1.34/bin/bin/../../lib/gcc/pic32mx/4.5.2/../../../../pic32mx/lib\libpic32.a(_mon_putc.o)
 .debug_aranges
                0x00000428       0x20 c:/program files (x86)/microchip/xc32/v1.34/bin/bin/../../lib/gcc/pic32mx/4.5.2/../../../../pic32mx/lib\libe.a(_floatdisf.o)
 .debug_aranges
                0x00000448       0x20 c:/program files (x86)/microchip/xc32/v1.34/bin/bin/../../lib/gcc/pic32mx/4.5.2\libgcc.a(_floatundisf.o)
 .debug_aranges
                0x00000468       0x20 c:/program files (x86)/microchip/xc32/v1.34/bin/bin/../../lib/gcc/pic32mx/4.5.2\libgcc.a(_udivdi3.o)
 .debug_aranges
                0x00000488       0x20 c:/program files (x86)/microchip/xc32/v1.34/bin/bin/../../lib/gcc/pic32mx/4.5.2\libgcc.a(_umoddi3.o)

.debug_pubnames
                0x00000000     0x1616
 *(.debug_pubnames)
 .debug_pubnames
                0x00000000       0x30 c:/program files (x86)/microchip/xc32/v1.34/bin/bin/../../lib/gcc/pic32mx/4.5.2/../../../../pic32mx/lib\software-debug-break.o
 .debug_pubnames
                0x00000030       0x83 build/default/debug/SPI_driver.o
 .debug_pubnames
                0x000000b3       0x9d build/default/debug/UART_driver.o
 .debug_pubnames
                0x00000150      0x269 build/default/debug/LCD_driver.o
 .debug_pubnames
                0x000003b9      0x1ad build/default/debug/I2C_driver.o
 .debug_pubnames
                0x00000566       0x7b build/default/debug/HT16_leds_driver.o
 .debug_pubnames
                0x000005e1      0x126 build/default/debug/HT16_keys_driver.o
 .debug_pubnames
                0x00000707      0x256 build/default/debug/EEPROM_driver.o
 .debug_pubnames
                0x0000095d       0xfd build/default/debug/SDCARD_driver.o
 .debug_pubnames
                0x00000a5a       0xe8 build/default/debug/encoders_driver.o
 .debug_pubnames
                0x00000b42       0xdb build/default/debug/timers_driver.o
 .debug_pubnames
                0x00000c1d       0xf2 build/default/debug/bpm.o
 .debug_pubnames
                0x00000d0f      0x2f5 build/default/debug/input_handler.o
 .debug_pubnames
                0x00001004       0x7f build/default/debug/LCD_templates.o
 .debug_pubnames
                0x00001083       0xce build/default/debug/MIDI.o
 .debug_pubnames
                0x00001151       0xd2 build/default/debug/sequencer.o
 .debug_pubnames
                0x00001223       0x64 build/default/debug/output_handler.o
 .debug_pubnames
                0x00001287       0x95 build/default/debug/notes.o
 .debug_pubnames
                0x0000131c       0x26 build/default/debug/mappings.o
 .debug_pubnames
                0x00001342       0x1b build/default/debug/main.o
 .debug_pubnames
                0x0000135d       0x44 build/default/debug/init.o
 .debug_pubnames
                0x000013a1       0x24 c:/program files (x86)/microchip/xc32/v1.34/bin/bin/../../lib/gcc/pic32mx/4.5.2\libgcc.a(floatunsisf.o)
 .debug_pubnames
                0x000013c5       0x33 c:/program files (x86)/microchip/xc32/v1.34/bin/bin/../../lib/gcc/pic32mx/4.5.2/../../../../pic32mx/lib\libpic32.a(default-bootstrap-exception-handler.o)
 .debug_pubnames
                0x000013f8       0x20 c:/program files (x86)/microchip/xc32/v1.34/bin/bin/../../lib/gcc/pic32mx/4.5.2/../../../../pic32mx/lib\libpic32.a(default-on-reset.o)
 .debug_pubnames
                0x00001418       0x24 c:/program files (x86)/microchip/xc32/v1.34/bin/bin/../../lib/gcc/pic32mx/4.5.2/../../../../pic32mx/lib\libpic32.a(default-on-bootstrap.o)
 .debug_pubnames
                0x0000143c       0x31 c:/program files (x86)/microchip/xc32/v1.34/bin/bin/../../lib/gcc/pic32mx/4.5.2/../../../../pic32mx/lib\libpic32.a(default-general-exception-handler.o)
 .debug_pubnames
                0x0000146d       0x28 c:/program files (x86)/microchip/xc32/v1.34/bin/bin/../../lib/gcc/pic32mx/4.5.2/../../../../pic32mx/lib\libpic32.a(defaultinterrupt.o)
 .debug_pubnames
                0x00001495       0x2c c:/program files (x86)/microchip/xc32/v1.34/bin/bin/../../lib/gcc/pic32mx/4.5.2/../../../../pic32mx/lib\libc.a(snprintf_cdfFnopsuxX.eo)
 .debug_pubnames
                0x000014c1       0x2d c:/program files (x86)/microchip/xc32/v1.34/bin/bin/../../lib/gcc/pic32mx/4.5.2/../../../../pic32mx/lib\libc.a(vsnprintf_cdfFnopsuxX.eo)
 .debug_pubnames
                0x000014ee       0x2c c:/program files (x86)/microchip/xc32/v1.34/bin/bin/../../lib/gcc/pic32mx/4.5.2/../../../../pic32mx/lib\libc.a(doprnt_cdfFnopsuxX.eo)
 .debug_pubnames
                0x0000151a       0x1c c:/program files (x86)/microchip/xc32/v1.34/bin/bin/../../lib/gcc/pic32mx/4.5.2/../../../../pic32mx/lib\libc.a(_fputc_simple.o)
 .debug_pubnames
                0x00001536       0x1e c:/program files (x86)/microchip/xc32/v1.34/bin/bin/../../lib/gcc/pic32mx/4.5.2/../../../../pic32mx/lib\libc.a(_flsbuf_simple.o)
 .debug_pubnames
                0x00001554       0x1c c:/program files (x86)/microchip/xc32/v1.34/bin/bin/../../lib/gcc/pic32mx/4.5.2/../../../../pic32mx/lib\libpic32.a(write.o)
 .debug_pubnames
                0x00001570       0x20 c:/program files (x86)/microchip/xc32/v1.34/bin/bin/../../lib/gcc/pic32mx/4.5.2/../../../../pic32mx/lib\libpic32.a(_mon_putc.o)
 .debug_pubnames
                0x00001590       0x22 c:/program files (x86)/microchip/xc32/v1.34/bin/bin/../../lib/gcc/pic32mx/4.5.2/../../../../pic32mx/lib\libe.a(_floatdisf.o)
 .debug_pubnames
                0x000015b2       0x24 c:/program files (x86)/microchip/xc32/v1.34/bin/bin/../../lib/gcc/pic32mx/4.5.2\libgcc.a(_floatundisf.o)
 .debug_pubnames
                0x000015d6       0x20 c:/program files (x86)/microchip/xc32/v1.34/bin/bin/../../lib/gcc/pic32mx/4.5.2\libgcc.a(_udivdi3.o)
 .debug_pubnames
                0x000015f6       0x20 c:/program files (x86)/microchip/xc32/v1.34/bin/bin/../../lib/gcc/pic32mx/4.5.2\libgcc.a(_umoddi3.o)

.debug_info     0x00000000    0x118de
 *(.debug_info .gnu.linkonce.wi.*)
 .debug_info    0x00000000       0xd2 c:/program files (x86)/microchip/xc32/v1.34/bin/bin/../../lib/gcc/pic32mx/4.5.2/../../../../pic32mx/lib\software-debug-break.o
 .debug_info    0x000000d2       0xe4 build/default/debug/config.o
 .debug_info    0x000001b6     0x130d build/default/debug/SPI_driver.o
 .debug_info    0x000014c3      0xefa build/default/debug/UART_driver.o
 .debug_info    0x000023bd     0x1503 build/default/debug/LCD_driver.o
 .debug_info    0x000038c0     0x1507 build/default/debug/I2C_driver.o
 .debug_info    0x00004dc7      0x288 build/default/debug/HT16_leds_driver.o
 .debug_info    0x0000504f     0x123c build/default/debug/HT16_keys_driver.o
 .debug_info    0x0000628b     0x1300 build/default/debug/EEPROM_driver.o
 .debug_info    0x0000758b      0xd4d build/default/debug/SDCARD_driver.o
 .debug_info    0x000082d8     0x1df9 build/default/debug/encoders_driver.o
 .debug_info    0x0000a0d1      0x918 build/default/debug/timers_driver.o
 .debug_info    0x0000a9e9      0x93d build/default/debug/bpm.o
 .debug_info    0x0000b326     0x141d build/default/debug/input_handler.o
 .debug_info    0x0000c743      0x667 build/default/debug/LCD_templates.o
 .debug_info    0x0000cdaa      0x4c2 build/default/debug/MIDI.o
 .debug_info    0x0000d26c      0xaa7 build/default/debug/sequencer.o
 .debug_info    0x0000dd13      0x793 build/default/debug/output_handler.o
 .debug_info    0x0000e4a6      0x403 build/default/debug/notes.o
 .debug_info    0x0000e8a9      0x4ce build/default/debug/mappings.o
 .debug_info    0x0000ed77      0x8a2 build/default/debug/main.o
 .debug_info    0x0000f619      0x572 build/default/debug/init.o
 .debug_info    0x0000fb8b      0x12c c:/program files (x86)/microchip/xc32/v1.34/bin/bin/../../lib/gcc/pic32mx/4.5.2\libgcc.a(floatunsisf.o)
 .debug_info    0x0000fcb7       0xe2 c:/program files (x86)/microchip/xc32/v1.34/bin/bin/../../lib/gcc/pic32mx/4.5.2/../../../../pic32mx/lib\libpic32.a(default-bootstrap-exception-handler.o)
 .debug_info    0x0000fd99       0xbc c:/program files (x86)/microchip/xc32/v1.34/bin/bin/../../lib/gcc/pic32mx/4.5.2/../../../../pic32mx/lib\libpic32.a(default-on-reset.o)
 .debug_info    0x0000fe55       0xc4 c:/program files (x86)/microchip/xc32/v1.34/bin/bin/../../lib/gcc/pic32mx/4.5.2/../../../../pic32mx/lib\libpic32.a(default-on-bootstrap.o)
 .debug_info    0x0000ff19       0xde c:/program files (x86)/microchip/xc32/v1.34/bin/bin/../../lib/gcc/pic32mx/4.5.2/../../../../pic32mx/lib\libpic32.a(default-general-exception-handler.o)
 .debug_info    0x0000fff7       0xd6 c:/program files (x86)/microchip/xc32/v1.34/bin/bin/../../lib/gcc/pic32mx/4.5.2/../../../../pic32mx/lib\libpic32.a(defaultinterrupt.o)
 .debug_info    0x000100cd       0xc6 c:/program files (x86)/microchip/xc32/v1.34/bin/bin/../../lib/gcc/pic32mx/4.5.2/../../../../pic32mx/lib\libc.a(snprintf_cdfFnopsuxX.eo)
 .debug_info    0x00010193       0xc8 c:/program files (x86)/microchip/xc32/v1.34/bin/bin/../../lib/gcc/pic32mx/4.5.2/../../../../pic32mx/lib\libc.a(vsnprintf_cdfFnopsuxX.eo)
 .debug_info    0x0001025b       0xe5 c:/program files (x86)/microchip/xc32/v1.34/bin/bin/../../lib/gcc/pic32mx/4.5.2/../../../../pic32mx/lib\libc.a(doprnt_cdfFnopsuxX.eo)
 .debug_info    0x00010340       0xb3 c:/program files (x86)/microchip/xc32/v1.34/bin/bin/../../lib/gcc/pic32mx/4.5.2/../../../../pic32mx/lib\libc.a(_fputc_simple.o)
 .debug_info    0x000103f3        0x0 c:/program files (x86)/microchip/xc32/v1.34/bin/bin/../../lib/gcc/pic32mx/4.5.2/../../../../pic32mx/lib\libc.a(ctype.o)
 .debug_info    0x000103f3        0x0 c:/program files (x86)/microchip/xc32/v1.34/bin/bin/../../lib/gcc/pic32mx/4.5.2/../../../../pic32mx/lib\libc.a(powersf.o)
 .debug_info    0x000103f3        0x0 c:/program files (x86)/microchip/xc32/v1.34/bin/bin/../../lib/gcc/pic32mx/4.5.2/../../../../pic32mx/lib\libc.a(_iob.o)
 .debug_info    0x000103f3       0xb6 c:/program files (x86)/microchip/xc32/v1.34/bin/bin/../../lib/gcc/pic32mx/4.5.2/../../../../pic32mx/lib\libc.a(_flsbuf_simple.o)
 .debug_info    0x000104a9       0xad c:/program files (x86)/microchip/xc32/v1.34/bin/bin/../../lib/gcc/pic32mx/4.5.2/../../../../pic32mx/lib\libpic32.a(write.o)
 .debug_info    0x00010556       0xb5 c:/program files (x86)/microchip/xc32/v1.34/bin/bin/../../lib/gcc/pic32mx/4.5.2/../../../../pic32mx/lib\libpic32.a(_mon_putc.o)
 .debug_info    0x0001060b        0x0 c:/program files (x86)/microchip/xc32/v1.34/bin/bin/../../lib/gcc/pic32mx/4.5.2/../../../../pic32mx/lib\libpic32.a(xc32_uart.o)
 .debug_info    0x0001060b       0xcb c:/program files (x86)/microchip/xc32/v1.34/bin/bin/../../lib/gcc/pic32mx/4.5.2/../../../../pic32mx/lib\libe.a(_floatdisf.o)
 .debug_info    0x000106d6      0x2d0 c:/program files (x86)/microchip/xc32/v1.34/bin/bin/../../lib/gcc/pic32mx/4.5.2\libgcc.a(_floatundisf.o)
 .debug_info    0x000109a6      0x783 c:/program files (x86)/microchip/xc32/v1.34/bin/bin/../../lib/gcc/pic32mx/4.5.2\libgcc.a(_udivdi3.o)
 .debug_info    0x00011129      0x7b5 c:/program files (x86)/microchip/xc32/v1.34/bin/bin/../../lib/gcc/pic32mx/4.5.2\libgcc.a(_umoddi3.o)

.debug_abbrev   0x00000000     0x20a5
 *(.debug_abbrev)
 .debug_abbrev  0x00000000       0x25 c:/program files (x86)/microchip/xc32/v1.34/bin/bin/../../lib/gcc/pic32mx/4.5.2/../../../../pic32mx/lib\software-debug-break.o
 .debug_abbrev  0x00000025       0x1f build/default/debug/config.o
 .debug_abbrev  0x00000044      0x147 build/default/debug/SPI_driver.o
 .debug_abbrev  0x0000018b      0x10a build/default/debug/UART_driver.o
 .debug_abbrev  0x00000295      0x213 build/default/debug/LCD_driver.o
 .debug_abbrev  0x000004a8      0x221 build/default/debug/I2C_driver.o
 .debug_abbrev  0x000006c9       0xcf build/default/debug/HT16_leds_driver.o
 .debug_abbrev  0x00000798      0x1f0 build/default/debug/HT16_keys_driver.o
 .debug_abbrev  0x00000988      0x1ce build/default/debug/EEPROM_driver.o
 .debug_abbrev  0x00000b56      0x1d4 build/default/debug/SDCARD_driver.o
 .debug_abbrev  0x00000d2a      0x152 build/default/debug/encoders_driver.o
 .debug_abbrev  0x00000e7c      0x130 build/default/debug/timers_driver.o
 .debug_abbrev  0x00000fac      0x12a build/default/debug/bpm.o
 .debug_abbrev  0x000010d6      0x225 build/default/debug/input_handler.o
 .debug_abbrev  0x000012fb      0x15e build/default/debug/LCD_templates.o
 .debug_abbrev  0x00001459       0xfa build/default/debug/MIDI.o
 .debug_abbrev  0x00001553      0x1c3 build/default/debug/sequencer.o
 .debug_abbrev  0x00001716       0xdd build/default/debug/output_handler.o
 .debug_abbrev  0x000017f3       0xf6 build/default/debug/notes.o
 .debug_abbrev  0x000018e9       0x67 build/default/debug/mappings.o
 .debug_abbrev  0x00001950      0x118 build/default/debug/main.o
 .debug_abbrev  0x00001a68       0xce build/default/debug/init.o
 .debug_abbrev  0x00001b36       0x5f c:/program files (x86)/microchip/xc32/v1.34/bin/bin/../../lib/gcc/pic32mx/4.5.2\libgcc.a(floatunsisf.o)
 .debug_abbrev  0x00001b95       0x25 c:/program files (x86)/microchip/xc32/v1.34/bin/bin/../../lib/gcc/pic32mx/4.5.2/../../../../pic32mx/lib\libpic32.a(default-bootstrap-exception-handler.o)
 .debug_abbrev  0x00001bba       0x25 c:/program files (x86)/microchip/xc32/v1.34/bin/bin/../../lib/gcc/pic32mx/4.5.2/../../../../pic32mx/lib\libpic32.a(default-on-reset.o)
 .debug_abbrev  0x00001bdf       0x25 c:/program files (x86)/microchip/xc32/v1.34/bin/bin/../../lib/gcc/pic32mx/4.5.2/../../../../pic32mx/lib\libpic32.a(default-on-bootstrap.o)
 .debug_abbrev  0x00001c04       0x25 c:/program files (x86)/microchip/xc32/v1.34/bin/bin/../../lib/gcc/pic32mx/4.5.2/../../../../pic32mx/lib\libpic32.a(default-general-exception-handler.o)
 .debug_abbrev  0x00001c29       0x25 c:/program files (x86)/microchip/xc32/v1.34/bin/bin/../../lib/gcc/pic32mx/4.5.2/../../../../pic32mx/lib\libpic32.a(defaultinterrupt.o)
 .debug_abbrev  0x00001c4e       0x25 c:/program files (x86)/microchip/xc32/v1.34/bin/bin/../../lib/gcc/pic32mx/4.5.2/../../../../pic32mx/lib\libc.a(snprintf_cdfFnopsuxX.eo)
 .debug_abbrev  0x00001c73       0x25 c:/program files (x86)/microchip/xc32/v1.34/bin/bin/../../lib/gcc/pic32mx/4.5.2/../../../../pic32mx/lib\libc.a(vsnprintf_cdfFnopsuxX.eo)
 .debug_abbrev  0x00001c98       0x43 c:/program files (x86)/microchip/xc32/v1.34/bin/bin/../../lib/gcc/pic32mx/4.5.2/../../../../pic32mx/lib\libc.a(doprnt_cdfFnopsuxX.eo)
 .debug_abbrev  0x00001cdb       0x25 c:/program files (x86)/microchip/xc32/v1.34/bin/bin/../../lib/gcc/pic32mx/4.5.2/../../../../pic32mx/lib\libc.a(_fputc_simple.o)
 .debug_abbrev  0x00001d00        0x1 c:/program files (x86)/microchip/xc32/v1.34/bin/bin/../../lib/gcc/pic32mx/4.5.2/../../../../pic32mx/lib\libc.a(ctype.o)
 .debug_abbrev  0x00001d01        0x1 c:/program files (x86)/microchip/xc32/v1.34/bin/bin/../../lib/gcc/pic32mx/4.5.2/../../../../pic32mx/lib\libc.a(powersf.o)
 .debug_abbrev  0x00001d02        0x1 c:/program files (x86)/microchip/xc32/v1.34/bin/bin/../../lib/gcc/pic32mx/4.5.2/../../../../pic32mx/lib\libc.a(_iob.o)
 .debug_abbrev  0x00001d03       0x25 c:/program files (x86)/microchip/xc32/v1.34/bin/bin/../../lib/gcc/pic32mx/4.5.2/../../../../pic32mx/lib\libc.a(_flsbuf_simple.o)
 .debug_abbrev  0x00001d28       0x25 c:/program files (x86)/microchip/xc32/v1.34/bin/bin/../../lib/gcc/pic32mx/4.5.2/../../../../pic32mx/lib\libpic32.a(write.o)
 .debug_abbrev  0x00001d4d       0x25 c:/program files (x86)/microchip/xc32/v1.34/bin/bin/../../lib/gcc/pic32mx/4.5.2/../../../../pic32mx/lib\libpic32.a(_mon_putc.o)
 .debug_abbrev  0x00001d72        0x1 c:/program files (x86)/microchip/xc32/v1.34/bin/bin/../../lib/gcc/pic32mx/4.5.2/../../../../pic32mx/lib\libpic32.a(xc32_uart.o)
 .debug_abbrev  0x00001d73       0x32 c:/program files (x86)/microchip/xc32/v1.34/bin/bin/../../lib/gcc/pic32mx/4.5.2/../../../../pic32mx/lib\libe.a(_floatdisf.o)
 .debug_abbrev  0x00001da5       0x79 c:/program files (x86)/microchip/xc32/v1.34/bin/bin/../../lib/gcc/pic32mx/4.5.2\libgcc.a(_floatundisf.o)
 .debug_abbrev  0x00001e1e      0x13d c:/program files (x86)/microchip/xc32/v1.34/bin/bin/../../lib/gcc/pic32mx/4.5.2\libgcc.a(_udivdi3.o)
 .debug_abbrev  0x00001f5b      0x14a c:/program files (x86)/microchip/xc32/v1.34/bin/bin/../../lib/gcc/pic32mx/4.5.2\libgcc.a(_umoddi3.o)

.debug_line     0x00000000     0x274c
 *(.debug_line)
 .debug_line    0x00000000       0x8a c:/program files (x86)/microchip/xc32/v1.34/bin/bin/../../lib/gcc/pic32mx/4.5.2/../../../../pic32mx/lib\software-debug-break.o
 .debug_line    0x0000008a       0x1d build/default/debug/config.o
 .debug_line    0x000000a7      0x13e build/default/debug/SPI_driver.o
 .debug_line    0x000001e5      0x109 build/default/debug/UART_driver.o
 .debug_line    0x000002ee      0x243 build/default/debug/LCD_driver.o
 .debug_line    0x00000531      0x1f5 build/default/debug/I2C_driver.o
 .debug_line    0x00000726       0xaf build/default/debug/HT16_leds_driver.o
 .debug_line    0x000007d5      0x177 build/default/debug/HT16_keys_driver.o
 .debug_line    0x0000094c      0x2ad build/default/debug/EEPROM_driver.o
 .debug_line    0x00000bf9      0x29d build/default/debug/SDCARD_driver.o
 .debug_line    0x00000e96      0x170 build/default/debug/encoders_driver.o
 .debug_line    0x00001006      0x122 build/default/debug/timers_driver.o
 .debug_line    0x00001128      0x117 build/default/debug/bpm.o
 .debug_line    0x0000123f      0x2ab build/default/debug/input_handler.o
 .debug_line    0x000014ea      0x158 build/default/debug/LCD_templates.o
 .debug_line    0x00001642       0xbe build/default/debug/MIDI.o
 .debug_line    0x00001700      0x142 build/default/debug/sequencer.o
 .debug_line    0x00001842      0x113 build/default/debug/output_handler.o
 .debug_line    0x00001955       0xe3 build/default/debug/notes.o
 .debug_line    0x00001a38       0x7b build/default/debug/mappings.o
 .debug_line    0x00001ab3       0xd5 build/default/debug/main.o
 .debug_line    0x00001b88       0xe9 build/default/debug/init.o
 .debug_line    0x00001c71       0x8e c:/program files (x86)/microchip/xc32/v1.34/bin/bin/../../lib/gcc/pic32mx/4.5.2\libgcc.a(floatunsisf.o)
 .debug_line    0x00001cff       0x97 c:/program files (x86)/microchip/xc32/v1.34/bin/bin/../../lib/gcc/pic32mx/4.5.2/../../../../pic32mx/lib\libpic32.a(default-bootstrap-exception-handler.o)
 .debug_line    0x00001d96       0x84 c:/program files (x86)/microchip/xc32/v1.34/bin/bin/../../lib/gcc/pic32mx/4.5.2/../../../../pic32mx/lib\libpic32.a(default-on-reset.o)
 .debug_line    0x00001e1a       0x88 c:/program files (x86)/microchip/xc32/v1.34/bin/bin/../../lib/gcc/pic32mx/4.5.2/../../../../pic32mx/lib\libpic32.a(default-on-bootstrap.o)
 .debug_line    0x00001ea2       0x95 c:/program files (x86)/microchip/xc32/v1.34/bin/bin/../../lib/gcc/pic32mx/4.5.2/../../../../pic32mx/lib\libpic32.a(default-general-exception-handler.o)
 .debug_line    0x00001f37       0x96 c:/program files (x86)/microchip/xc32/v1.34/bin/bin/../../lib/gcc/pic32mx/4.5.2/../../../../pic32mx/lib\libpic32.a(defaultinterrupt.o)
 .debug_line    0x00001fcd       0x72 c:/program files (x86)/microchip/xc32/v1.34/bin/bin/../../lib/gcc/pic32mx/4.5.2/../../../../pic32mx/lib\libc.a(snprintf_cdfFnopsuxX.eo)
 .debug_line    0x0000203f       0x73 c:/program files (x86)/microchip/xc32/v1.34/bin/bin/../../lib/gcc/pic32mx/4.5.2/../../../../pic32mx/lib\libc.a(vsnprintf_cdfFnopsuxX.eo)
 .debug_line    0x000020b2       0x70 c:/program files (x86)/microchip/xc32/v1.34/bin/bin/../../lib/gcc/pic32mx/4.5.2/../../../../pic32mx/lib\libc.a(doprnt_cdfFnopsuxX.eo)
 .debug_line    0x00002122       0x6f c:/program files (x86)/microchip/xc32/v1.34/bin/bin/../../lib/gcc/pic32mx/4.5.2/../../../../pic32mx/lib\libc.a(_fputc_simple.o)
 .debug_line    0x00002191        0x0 c:/program files (x86)/microchip/xc32/v1.34/bin/bin/../../lib/gcc/pic32mx/4.5.2/../../../../pic32mx/lib\libc.a(ctype.o)
 .debug_line    0x00002191        0x0 c:/program files (x86)/microchip/xc32/v1.34/bin/bin/../../lib/gcc/pic32mx/4.5.2/../../../../pic32mx/lib\libc.a(powersf.o)
 .debug_line    0x00002191        0x0 c:/program files (x86)/microchip/xc32/v1.34/bin/bin/../../lib/gcc/pic32mx/4.5.2/../../../../pic32mx/lib\libc.a(_iob.o)
 .debug_line    0x00002191       0x70 c:/program files (x86)/microchip/xc32/v1.34/bin/bin/../../lib/gcc/pic32mx/4.5.2/../../../../pic32mx/lib\libc.a(_flsbuf_simple.o)
 .debug_line    0x00002201       0x79 c:/program files (x86)/microchip/xc32/v1.34/bin/bin/../../lib/gcc/pic32mx/4.5.2/../../../../pic32mx/lib\libpic32.a(write.o)
 .debug_line    0x0000227a       0x7d c:/program files (x86)/microchip/xc32/v1.34/bin/bin/../../lib/gcc/pic32mx/4.5.2/../../../../pic32mx/lib\libpic32.a(_mon_putc.o)
 .debug_line    0x000022f7        0x0 c:/program files (x86)/microchip/xc32/v1.34/bin/bin/../../lib/gcc/pic32mx/4.5.2/../../../../pic32mx/lib\libpic32.a(xc32_uart.o)
 .debug_line    0x000022f7       0x93 c:/program files (x86)/microchip/xc32/v1.34/bin/bin/../../lib/gcc/pic32mx/4.5.2/../../../../pic32mx/lib\libe.a(_floatdisf.o)
 .debug_line    0x0000238a      0x105 c:/program files (x86)/microchip/xc32/v1.34/bin/bin/../../lib/gcc/pic32mx/4.5.2\libgcc.a(_floatundisf.o)
 .debug_line    0x0000248f      0x16f c:/program files (x86)/microchip/xc32/v1.34/bin/bin/../../lib/gcc/pic32mx/4.5.2\libgcc.a(_udivdi3.o)
 .debug_line    0x000025fe      0x14e c:/program files (x86)/microchip/xc32/v1.34/bin/bin/../../lib/gcc/pic32mx/4.5.2\libgcc.a(_umoddi3.o)

.debug_frame    0x00000000     0x134c
 *(.debug_frame)
 .debug_frame   0x00000000       0x20 c:/program files (x86)/microchip/xc32/v1.34/bin/bin/../../lib/gcc/pic32mx/4.5.2/../../../../pic32mx/lib\software-debug-break.o
 .debug_frame   0x00000020       0xc8 build/default/debug/SPI_driver.o
 .debug_frame   0x000000e8       0xa4 build/default/debug/UART_driver.o
 .debug_frame   0x0000018c      0x20c build/default/debug/LCD_driver.o
 .debug_frame   0x00000398      0x170 build/default/debug/I2C_driver.o
 .debug_frame   0x00000508       0x9c build/default/debug/HT16_leds_driver.o
 .debug_frame   0x000005a4       0xfc build/default/debug/HT16_keys_driver.o
 .debug_frame   0x000006a0      0x144 build/default/debug/EEPROM_driver.o
 .debug_frame   0x000007e4       0xd4 build/default/debug/SDCARD_driver.o
 .debug_frame   0x000008b8      0x104 build/default/debug/encoders_driver.o
 .debug_frame   0x000009bc       0xe4 build/default/debug/timers_driver.o
 .debug_frame   0x00000aa0       0xd8 build/default/debug/bpm.o
 .debug_frame   0x00000b78      0x17c build/default/debug/input_handler.o
 .debug_frame   0x00000cf4       0x84 build/default/debug/LCD_templates.o
 .debug_frame   0x00000d78       0xd4 build/default/debug/MIDI.o
 .debug_frame   0x00000e4c       0xc8 build/default/debug/sequencer.o
 .debug_frame   0x00000f14       0x48 build/default/debug/output_handler.o
 .debug_frame   0x00000f5c       0xb8 build/default/debug/notes.o
 .debug_frame   0x00001014       0x2c build/default/debug/main.o
 .debug_frame   0x00001040       0x64 build/default/debug/init.o
 .debug_frame   0x000010a4       0x28 c:/program files (x86)/microchip/xc32/v1.34/bin/bin/../../lib/gcc/pic32mx/4.5.2\libgcc.a(floatunsisf.o)
 .debug_frame   0x000010cc       0x28 c:/program files (x86)/microchip/xc32/v1.34/bin/bin/../../lib/gcc/pic32mx/4.5.2/../../../../pic32mx/lib\libpic32.a(default-bootstrap-exception-handler.o)
 .debug_frame   0x000010f4       0x20 c:/program files (x86)/microchip/xc32/v1.34/bin/bin/../../lib/gcc/pic32mx/4.5.2/../../../../pic32mx/lib\libpic32.a(default-on-reset.o)
 .debug_frame   0x00001114       0x20 c:/program files (x86)/microchip/xc32/v1.34/bin/bin/../../lib/gcc/pic32mx/4.5.2/../../../../pic32mx/lib\libpic32.a(default-on-bootstrap.o)
 .debug_frame   0x00001134       0x28 c:/program files (x86)/microchip/xc32/v1.34/bin/bin/../../lib/gcc/pic32mx/4.5.2/../../../../pic32mx/lib\libpic32.a(default-general-exception-handler.o)
 .debug_frame   0x0000115c       0x20 c:/program files (x86)/microchip/xc32/v1.34/bin/bin/../../lib/gcc/pic32mx/4.5.2/../../../../pic32mx/lib\libpic32.a(defaultinterrupt.o)
 .debug_frame   0x0000117c       0x28 c:/program files (x86)/microchip/xc32/v1.34/bin/bin/../../lib/gcc/pic32mx/4.5.2/../../../../pic32mx/lib\libc.a(snprintf_cdfFnopsuxX.eo)
 .debug_frame   0x000011a4       0x28 c:/program files (x86)/microchip/xc32/v1.34/bin/bin/../../lib/gcc/pic32mx/4.5.2/../../../../pic32mx/lib\libc.a(vsnprintf_cdfFnopsuxX.eo)
 .debug_frame   0x000011cc       0x58 c:/program files (x86)/microchip/xc32/v1.34/bin/bin/../../lib/gcc/pic32mx/4.5.2/../../../../pic32mx/lib\libc.a(doprnt_cdfFnopsuxX.eo)
 .debug_frame   0x00001224       0x2c c:/program files (x86)/microchip/xc32/v1.34/bin/bin/../../lib/gcc/pic32mx/4.5.2/../../../../pic32mx/lib\libc.a(_fputc_simple.o)
 .debug_frame   0x00001250       0x28 c:/program files (x86)/microchip/xc32/v1.34/bin/bin/../../lib/gcc/pic32mx/4.5.2/../../../../pic32mx/lib\libc.a(_flsbuf_simple.o)
 .debug_frame   0x00001278       0x28 c:/program files (x86)/microchip/xc32/v1.34/bin/bin/../../lib/gcc/pic32mx/4.5.2/../../../../pic32mx/lib\libpic32.a(write.o)
 .debug_frame   0x000012a0       0x20 c:/program files (x86)/microchip/xc32/v1.34/bin/bin/../../lib/gcc/pic32mx/4.5.2/../../../../pic32mx/lib\libpic32.a(_mon_putc.o)
 .debug_frame   0x000012c0       0x20 c:/program files (x86)/microchip/xc32/v1.34/bin/bin/../../lib/gcc/pic32mx/4.5.2/../../../../pic32mx/lib\libe.a(_floatdisf.o)
 .debug_frame   0x000012e0       0x2c c:/program files (x86)/microchip/xc32/v1.34/bin/bin/../../lib/gcc/pic32mx/4.5.2\libgcc.a(_floatundisf.o)
 .debug_frame   0x0000130c       0x20 c:/program files (x86)/microchip/xc32/v1.34/bin/bin/../../lib/gcc/pic32mx/4.5.2\libgcc.a(_udivdi3.o)
 .debug_frame   0x0000132c       0x20 c:/program files (x86)/microchip/xc32/v1.34/bin/bin/../../lib/gcc/pic32mx/4.5.2\libgcc.a(_umoddi3.o)

.debug_str      0x00000000      0xb5b
 *(.debug_str)
 .debug_str     0x00000000        0x0 c:/program files (x86)/microchip/xc32/v1.34/bin/bin/../../lib/gcc/pic32mx/4.5.2/../../../../pic32mx/lib\software-debug-break.o
 .debug_str     0x00000000        0x0 build/default/debug/config.o
 .debug_str     0x00000000       0xb4 build/default/debug/SPI_driver.o
 .debug_str     0x000000b4       0x6f build/default/debug/UART_driver.o
 .debug_str     0x00000123       0xbc build/default/debug/LCD_driver.o
 .debug_str     0x000001df      0x12a build/default/debug/I2C_driver.o
 .debug_str     0x00000309       0x28 build/default/debug/HT16_leds_driver.o
 .debug_str     0x00000331       0xb2 build/default/debug/HT16_keys_driver.o
 .debug_str     0x000003e3      0x163 build/default/debug/EEPROM_driver.o
 .debug_str     0x00000546       0x79 build/default/debug/SDCARD_driver.o
 .debug_str     0x000005bf       0xaf build/default/debug/encoders_driver.o
 .debug_str     0x0000066e       0x66 build/default/debug/timers_driver.o
 .debug_str     0x000006d4       0x3a build/default/debug/bpm.o
 .debug_str     0x0000070e      0x180 build/default/debug/input_handler.o
 .debug_str     0x0000088e       0xc5 build/default/debug/LCD_templates.o
 .debug_str     0x00000953       0x32 build/default/debug/MIDI.o
 .debug_str     0x00000985       0x9c build/default/debug/sequencer.o
 .debug_str     0x00000a21       0xd3 build/default/debug/output_handler.o
 .debug_str     0x00000af4       0x33 build/default/debug/notes.o
 .debug_str     0x00000b27        0x0 build/default/debug/mappings.o
 .debug_str     0x00000b27       0x1e build/default/debug/main.o
 .debug_str     0x00000b45       0x16 build/default/debug/init.o
 .debug_str     0x00000b5b        0x0 c:/program files (x86)/microchip/xc32/v1.34/bin/bin/../../lib/gcc/pic32mx/4.5.2\libgcc.a(floatunsisf.o)
 .debug_str     0x00000b5b        0x0 c:/program files (x86)/microchip/xc32/v1.34/bin/bin/../../lib/gcc/pic32mx/4.5.2/../../../../pic32mx/lib\libpic32.a(default-bootstrap-exception-handler.o)
 .debug_str     0x00000b5b        0x0 c:/program files (x86)/microchip/xc32/v1.34/bin/bin/../../lib/gcc/pic32mx/4.5.2/../../../../pic32mx/lib\libpic32.a(default-on-reset.o)
 .debug_str     0x00000b5b        0x0 c:/program files (x86)/microchip/xc32/v1.34/bin/bin/../../lib/gcc/pic32mx/4.5.2/../../../../pic32mx/lib\libpic32.a(default-on-bootstrap.o)
 .debug_str     0x00000b5b        0x0 c:/program files (x86)/microchip/xc32/v1.34/bin/bin/../../lib/gcc/pic32mx/4.5.2/../../../../pic32mx/lib\libpic32.a(default-general-exception-handler.o)
 .debug_str     0x00000b5b        0x0 c:/program files (x86)/microchip/xc32/v1.34/bin/bin/../../lib/gcc/pic32mx/4.5.2/../../../../pic32mx/lib\libpic32.a(defaultinterrupt.o)
 .debug_str     0x00000b5b        0x0 c:/program files (x86)/microchip/xc32/v1.34/bin/bin/../../lib/gcc/pic32mx/4.5.2/../../../../pic32mx/lib\libc.a(snprintf_cdfFnopsuxX.eo)
 .debug_str     0x00000b5b        0x0 c:/program files (x86)/microchip/xc32/v1.34/bin/bin/../../lib/gcc/pic32mx/4.5.2/../../../../pic32mx/lib\libc.a(vsnprintf_cdfFnopsuxX.eo)
 .debug_str     0x00000b5b        0x0 c:/program files (x86)/microchip/xc32/v1.34/bin/bin/../../lib/gcc/pic32mx/4.5.2/../../../../pic32mx/lib\libc.a(doprnt_cdfFnopsuxX.eo)
 .debug_str     0x00000b5b        0x0 c:/program files (x86)/microchip/xc32/v1.34/bin/bin/../../lib/gcc/pic32mx/4.5.2/../../../../pic32mx/lib\libc.a(_fputc_simple.o)
 .debug_str     0x00000b5b        0x0 c:/program files (x86)/microchip/xc32/v1.34/bin/bin/../../lib/gcc/pic32mx/4.5.2/../../../../pic32mx/lib\libc.a(ctype.o)
 .debug_str     0x00000b5b        0x0 c:/program files (x86)/microchip/xc32/v1.34/bin/bin/../../lib/gcc/pic32mx/4.5.2/../../../../pic32mx/lib\libc.a(powersf.o)
 .debug_str     0x00000b5b        0x0 c:/program files (x86)/microchip/xc32/v1.34/bin/bin/../../lib/gcc/pic32mx/4.5.2/../../../../pic32mx/lib\libc.a(_iob.o)
 .debug_str     0x00000b5b        0x0 c:/program files (x86)/microchip/xc32/v1.34/bin/bin/../../lib/gcc/pic32mx/4.5.2/../../../../pic32mx/lib\libc.a(_flsbuf_simple.o)
 .debug_str     0x00000b5b        0x0 c:/program files (x86)/microchip/xc32/v1.34/bin/bin/../../lib/gcc/pic32mx/4.5.2/../../../../pic32mx/lib\libpic32.a(write.o)
 .debug_str     0x00000b5b        0x0 c:/program files (x86)/microchip/xc32/v1.34/bin/bin/../../lib/gcc/pic32mx/4.5.2/../../../../pic32mx/lib\libpic32.a(_mon_putc.o)
 .debug_str     0x00000b5b        0x0 c:/program files (x86)/microchip/xc32/v1.34/bin/bin/../../lib/gcc/pic32mx/4.5.2/../../../../pic32mx/lib\libpic32.a(xc32_uart.o)
 .debug_str     0x00000b5b        0x0 c:/program files (x86)/microchip/xc32/v1.34/bin/bin/../../lib/gcc/pic32mx/4.5.2/../../../../pic32mx/lib\libe.a(_floatdisf.o)
 .debug_str     0x00000b5b        0x0 c:/program files (x86)/microchip/xc32/v1.34/bin/bin/../../lib/gcc/pic32mx/4.5.2\libgcc.a(_floatundisf.o)
 .debug_str     0x00000b5b        0x0 c:/program files (x86)/microchip/xc32/v1.34/bin/bin/../../lib/gcc/pic32mx/4.5.2\libgcc.a(_udivdi3.o)
 .debug_str     0x00000b5b        0x0 c:/program files (x86)/microchip/xc32/v1.34/bin/bin/../../lib/gcc/pic32mx/4.5.2\libgcc.a(_umoddi3.o)

.debug_loc      0x00000000     0x546a
 *(.debug_loc)
 .debug_loc     0x00000000       0xde build/default/debug/SPI_driver.o
 .debug_loc     0x000000de       0xef build/default/debug/UART_driver.o
 .debug_loc     0x000001cd      0xc65 build/default/debug/LCD_driver.o
 .debug_loc     0x00000e32      0x443 build/default/debug/I2C_driver.o
 .debug_loc     0x00001275      0x133 build/default/debug/HT16_leds_driver.o
 .debug_loc     0x000013a8      0x2a1 build/default/debug/HT16_keys_driver.o
 .debug_loc     0x00001649      0x5b4 build/default/debug/EEPROM_driver.o
 .debug_loc     0x00001bfd      0xa97 build/default/debug/SDCARD_driver.o
 .debug_loc     0x00002694      0x246 build/default/debug/encoders_driver.o
 .debug_loc     0x000028da      0x19e build/default/debug/timers_driver.o
 .debug_loc     0x00002a78      0x17a build/default/debug/bpm.o
 .debug_loc     0x00002bf2      0x769 build/default/debug/input_handler.o
 .debug_loc     0x0000335b      0x142 build/default/debug/LCD_templates.o
 .debug_loc     0x0000349d      0x276 build/default/debug/MIDI.o
 .debug_loc     0x00003713      0x22a build/default/debug/sequencer.o
 .debug_loc     0x0000393d      0x27b build/default/debug/output_handler.o
 .debug_loc     0x00003bb8      0x2ca build/default/debug/notes.o
 .debug_loc     0x00003e82       0x2c build/default/debug/main.o
 .debug_loc     0x00003eae       0x84 build/default/debug/init.o
 .debug_loc     0x00003f32       0x68 c:/program files (x86)/microchip/xc32/v1.34/bin/bin/../../lib/gcc/pic32mx/4.5.2\libgcc.a(floatunsisf.o)
 .debug_loc     0x00003f9a       0xd4 c:/program files (x86)/microchip/xc32/v1.34/bin/bin/../../lib/gcc/pic32mx/4.5.2\libgcc.a(_floatundisf.o)
 .debug_loc     0x0000406e      0xa62 c:/program files (x86)/microchip/xc32/v1.34/bin/bin/../../lib/gcc/pic32mx/4.5.2\libgcc.a(_udivdi3.o)
 .debug_loc     0x00004ad0      0x99a c:/program files (x86)/microchip/xc32/v1.34/bin/bin/../../lib/gcc/pic32mx/4.5.2\libgcc.a(_umoddi3.o)

.debug_macinfo
 *(.debug_macinfo)

.debug_weaknames
 *(.debug_weaknames)

.debug_funcnames
 *(.debug_funcnames)

.debug_typenames
 *(.debug_typenames)

.debug_varnames
 *(.debug_varnames)

.debug_pubtypes
                0x00000000      0xa91
 *(.debug_pubtypes)
 .debug_pubtypes
                0x00000000       0x12 build/default/debug/config.o
 .debug_pubtypes
                0x00000012       0xba build/default/debug/SPI_driver.o
 .debug_pubtypes
                0x000000cc       0xa0 build/default/debug/UART_driver.o
 .debug_pubtypes
                0x0000016c       0x85 build/default/debug/LCD_driver.o
 .debug_pubtypes
                0x000001f1       0xe0 build/default/debug/I2C_driver.o
 .debug_pubtypes
                0x000002d1       0x21 build/default/debug/HT16_leds_driver.o
 .debug_pubtypes
                0x000002f2       0xaf build/default/debug/HT16_keys_driver.o
 .debug_pubtypes
                0x000003a1       0xb6 build/default/debug/EEPROM_driver.o
 .debug_pubtypes
                0x00000457       0x96 build/default/debug/SDCARD_driver.o
 .debug_pubtypes
                0x000004ed      0x126 build/default/debug/encoders_driver.o
 .debug_pubtypes
                0x00000613       0x6a build/default/debug/timers_driver.o
 .debug_pubtypes
                0x0000067d       0x64 build/default/debug/bpm.o
 .debug_pubtypes
                0x000006e1       0x97 build/default/debug/input_handler.o
 .debug_pubtypes
                0x00000778       0x46 build/default/debug/LCD_templates.o
 .debug_pubtypes
                0x000007be       0x2b build/default/debug/MIDI.o
 .debug_pubtypes
                0x000007e9       0x59 build/default/debug/sequencer.o
 .debug_pubtypes
                0x00000842       0x48 build/default/debug/output_handler.o
 .debug_pubtypes
                0x0000088a       0x31 build/default/debug/notes.o
 .debug_pubtypes
                0x000008bb       0x30 build/default/debug/mappings.o
 .debug_pubtypes
                0x000008eb       0x48 build/default/debug/main.o
 .debug_pubtypes
                0x00000933       0x38 build/default/debug/init.o
 .debug_pubtypes
                0x0000096b       0x34 c:/program files (x86)/microchip/xc32/v1.34/bin/bin/../../lib/gcc/pic32mx/4.5.2\libgcc.a(floatunsisf.o)
 .debug_pubtypes
                0x0000099f       0x40 c:/program files (x86)/microchip/xc32/v1.34/bin/bin/../../lib/gcc/pic32mx/4.5.2\libgcc.a(_floatundisf.o)
 .debug_pubtypes
                0x000009df       0x59 c:/program files (x86)/microchip/xc32/v1.34/bin/bin/../../lib/gcc/pic32mx/4.5.2\libgcc.a(_udivdi3.o)
 .debug_pubtypes
                0x00000a38       0x59 c:/program files (x86)/microchip/xc32/v1.34/bin/bin/../../lib/gcc/pic32mx/4.5.2\libgcc.a(_umoddi3.o)

.debug_ranges   0x00000000      0x2b0
 *(.debug_ranges)
 .debug_ranges  0x00000000       0x10 c:/program files (x86)/microchip/xc32/v1.34/bin/bin/../../lib/gcc/pic32mx/4.5.2/../../../../pic32mx/lib\software-debug-break.o
 .debug_ranges  0x00000010       0x10 c:/program files (x86)/microchip/xc32/v1.34/bin/bin/../../lib/gcc/pic32mx/4.5.2/../../../../pic32mx/lib\libpic32.a(default-bootstrap-exception-handler.o)
 .debug_ranges  0x00000020       0x10 c:/program files (x86)/microchip/xc32/v1.34/bin/bin/../../lib/gcc/pic32mx/4.5.2/../../../../pic32mx/lib\libpic32.a(default-on-reset.o)
 .debug_ranges  0x00000030       0x10 c:/program files (x86)/microchip/xc32/v1.34/bin/bin/../../lib/gcc/pic32mx/4.5.2/../../../../pic32mx/lib\libpic32.a(default-on-bootstrap.o)