
Optional file libmchp_peripheral.a not found

Optional file libmchp_peripheral_32MX150F128B.a not found
Archive member included because of file (symbol)

/Applications/microchip/xc32/v2.15/bin/bin/../../lib/gcc/pic32mx/4.8.3/libgcc.a(floatunsisf.o)
                              build/default/debug/bpm.o (__floatunsisf)
/Applications/microchip/xc32/v2.15/bin/bin/../../lib/gcc/pic32mx/4.8.3/../../../../pic32mx/lib/libpic32.a(memcpy.o)
                              build/default/debug/input_handler.o (memcpy)
/Applications/microchip/xc32/v2.15/bin/bin/../../lib/gcc/pic32mx/4.8.3/../../../../pic32mx/lib/libpic32.a(memset.o)
                              build/default/debug/SPI_driver.o (memset)
/Applications/microchip/xc32/v2.15/bin/bin/../../lib/gcc/pic32mx/4.8.3/../../../../pic32mx/lib/libpic32.a(default-bootstrap-exception-handler.o)
                              /var/folders/yw/jj0xjw210_lgc3s7h59842vw0000gn/T//ccni3F0S.o (_bootstrap_exception_handler)
/Applications/microchip/xc32/v2.15/bin/bin/../../lib/gcc/pic32mx/4.8.3/../../../../pic32mx/lib/libpic32.a(default-on-reset.o)
                              /var/folders/yw/jj0xjw210_lgc3s7h59842vw0000gn/T//ccni3F0S.o (_on_reset)
/Applications/microchip/xc32/v2.15/bin/bin/../../lib/gcc/pic32mx/4.8.3/../../../../pic32mx/lib/libpic32.a(default-on-bootstrap.o)
                              /var/folders/yw/jj0xjw210_lgc3s7h59842vw0000gn/T//ccni3F0S.o (_on_bootstrap)
/Applications/microchip/xc32/v2.15/bin/bin/../../lib/gcc/pic32mx/4.8.3/../../../../pic32mx/lib/libpic32.a(default-nmi-handler.o)
                              /var/folders/yw/jj0xjw210_lgc3s7h59842vw0000gn/T//ccni3F0S.o (_nmi_handler)
/Applications/microchip/xc32/v2.15/bin/bin/../../lib/gcc/pic32mx/4.8.3/../../../../pic32mx/lib/libpic32.a(pic32_data_init.o)
                              /var/folders/yw/jj0xjw210_lgc3s7h59842vw0000gn/T//ccni3F0S.o (__pic32_data_init)
/Applications/microchip/xc32/v2.15/bin/bin/../../lib/gcc/pic32mx/4.8.3/../../../../pic32mx/lib/libpic32.a(general-exception.o)
                              /var/folders/yw/jj0xjw210_lgc3s7h59842vw0000gn/T//ccni3F0S.o (_general_exception_context)
/Applications/microchip/xc32/v2.15/bin/bin/../../lib/gcc/pic32mx/4.8.3/../../../../pic32mx/lib/libpic32.a(vector0.o)
                              /var/folders/yw/jj0xjw210_lgc3s7h59842vw0000gn/T//ccSWI1cO.o (__vector_dispatch_0)
/Applications/microchip/xc32/v2.15/bin/bin/../../lib/gcc/pic32mx/4.8.3/../../../../pic32mx/lib/libpic32.a(vector1.o)
                              /var/folders/yw/jj0xjw210_lgc3s7h59842vw0000gn/T//ccSWI1cO.o (__vector_dispatch_1)
/Applications/microchip/xc32/v2.15/bin/bin/../../lib/gcc/pic32mx/4.8.3/../../../../pic32mx/lib/libpic32.a(vector2.o)
                              /var/folders/yw/jj0xjw210_lgc3s7h59842vw0000gn/T//ccSWI1cO.o (__vector_dispatch_2)
/Applications/microchip/xc32/v2.15/bin/bin/../../lib/gcc/pic32mx/4.8.3/../../../../pic32mx/lib/libpic32.a(vector4.o)
                              /var/folders/yw/jj0xjw210_lgc3s7h59842vw0000gn/T//ccSWI1cO.o (__vector_dispatch_4)
/Applications/microchip/xc32/v2.15/bin/bin/../../lib/gcc/pic32mx/4.8.3/../../../../pic32mx/lib/libpic32.a(vector5.o)
                              /var/folders/yw/jj0xjw210_lgc3s7h59842vw0000gn/T//ccSWI1cO.o (__vector_dispatch_5)
/Applications/microchip/xc32/v2.15/bin/bin/../../lib/gcc/pic32mx/4.8.3/../../../../pic32mx/lib/libpic32.a(vector6.o)
                              /var/folders/yw/jj0xjw210_lgc3s7h59842vw0000gn/T//ccSWI1cO.o (__vector_dispatch_6)
/Applications/microchip/xc32/v2.15/bin/bin/../../lib/gcc/pic32mx/4.8.3/../../../../pic32mx/lib/libpic32.a(vector7.o)
                              /var/folders/yw/jj0xjw210_lgc3s7h59842vw0000gn/T//ccSWI1cO.o (__vector_dispatch_7)
/Applications/microchip/xc32/v2.15/bin/bin/../../lib/gcc/pic32mx/4.8.3/../../../../pic32mx/lib/libpic32.a(vector9.o)
                              /var/folders/yw/jj0xjw210_lgc3s7h59842vw0000gn/T//ccSWI1cO.o (__vector_dispatch_9)
/Applications/microchip/xc32/v2.15/bin/bin/../../lib/gcc/pic32mx/4.8.3/../../../../pic32mx/lib/libpic32.a(vector10.o)
                              /var/folders/yw/jj0xjw210_lgc3s7h59842vw0000gn/T//ccSWI1cO.o (__vector_dispatch_10)
/Applications/microchip/xc32/v2.15/bin/bin/../../lib/gcc/pic32mx/4.8.3/../../../../pic32mx/lib/libpic32.a(vector13.o)
                              /var/folders/yw/jj0xjw210_lgc3s7h59842vw0000gn/T//ccSWI1cO.o (__vector_dispatch_13)
/Applications/microchip/xc32/v2.15/bin/bin/../../lib/gcc/pic32mx/4.8.3/../../../../pic32mx/lib/libpic32.a(vector14.o)
                              /var/folders/yw/jj0xjw210_lgc3s7h59842vw0000gn/T//ccSWI1cO.o (__vector_dispatch_14)
/Applications/microchip/xc32/v2.15/bin/bin/../../lib/gcc/pic32mx/4.8.3/../../../../pic32mx/lib/libpic32.a(vector17.o)
                              /var/folders/yw/jj0xjw210_lgc3s7h59842vw0000gn/T//ccSWI1cO.o (__vector_dispatch_17)
[...]
Memory Configuration

Name             Origin             Length             Attributes
kseg0_data_mem   0x80000000         0x00000200
kseg1_data_mem   0xa0000000         0x00008000         w !x
kseg0_boot_mem   0x9fc00490         0x00000000
kseg1_boot_mem   0xbfc00000         0x00000490
kseg0_program_mem 0x9d000000         0x0001f000         xr
exception_mem    0x9d01f000         0x00001000
debug_exec_mem   0x9fc00490         0x00000760
config3          0xbfc00bf0         0x00000004
config2          0xbfc00bf4         0x00000004
config1          0xbfc00bf8         0x00000004
config0          0xbfc00bfc         0x00000004
sfrs             0xbf800000         0x00100000
configsfrs       0xbfc00bf0         0x00000010
*default*        0x00000000         0xffffffff

Linker script and memory map


reserve_data_0_kseg0
                0x80000000      0x200
                0x80000000        0x2 SHORT 0x0
                0x000001fd                . = 0x1fd
 *fill*         0x80000002      0x1fb 
                0x80000200                . = ALIGN (0x4)
 *fill*         0x800001fd        0x3 

reserve_data_0_kseg1
                0xa0000000      0x200
                0xa0000000        0x2 SHORT 0x0
                0x000001fd                . = 0x1fd
 *fill*         0xa0000002      0x1fb 
                0xa0000200                . = ALIGN (0x4)
 *fill*         0xa00001fd        0x3 

reserve_boot_0x1fc00490_kseg0
                0x9fc00490      0x760
                0x9fc00490        0x2 SHORT 0x0
                0x00000760                . = 0x760
 *fill*         0x9fc00492      0x75e 
                0x9fc00bf0                . = ALIGN (0x4)

reserve_boot_0x1fc00490_kseg1
                0xbfc00490      0x760
                0xbfc00490        0x2 SHORT 0x0
                0x00000760                . = 0x760
 *fill*         0xbfc00492      0x75e 
                0xbfc00bf0                . = ALIGN (0x4)
LOAD /Applications/microchip/xc32/v2.15/bin/bin/../../lib/gcc/pic32mx/4.8.3/../../../../pic32mx/lib/software-debug-break.o
LOAD build/default/debug/config.o
LOAD build/default/debug/SPI_driver.o
LOAD build/default/debug/UART_driver.o
LOAD build/default/debug/LCD_driver.o
LOAD build/default/debug/I2C_driver.o
LOAD build/default/debug/HT16_leds_driver.o
LOAD build/default/debug/HT16_keys_driver.o
LOAD build/default/debug/EEPROM_driver.o
LOAD build/default/debug/SDCARD_driver.o
LOAD build/default/debug/encoders_driver.o
LOAD build/default/debug/timers_driver.o
LOAD build/default/debug/bpm.o
LOAD build/default/debug/input_handler.o
LOAD build/default/debug/LCD_templates.o
LOAD build/default/debug/MIDI.o
LOAD build/default/debug/sequencer.o
LOAD build/default/debug/output_handler.o
LOAD build/default/debug/notes.o
LOAD build/default/debug/mappings.o
LOAD build/default/debug/storage_transfer.o
LOAD build/default/debug/memory_and_save.o
LOAD build/default/debug/main.o
LOAD build/default/debug/init.o
                0x00000001                __MPLAB_BUILD = 0x1
                0x00000001                __MPLAB_DEBUG = 0x1
                0x00000001                __DEBUG = 0x1
                0x00000001                __MPLAB_DEBUGGER_PK3 = 0x1
LOAD /var/folders/yw/jj0xjw210_lgc3s7h59842vw0000gn/T//ccni3F0S.o
LOAD /var/folders/yw/jj0xjw210_lgc3s7h59842vw0000gn/T//ccUhrgxe.o
LOAD /var/folders/yw/jj0xjw210_lgc3s7h59842vw0000gn/T//ccSWI1cO.o
LOAD /Applications/microchip/xc32/v2.15/bin/bin/../../lib/gcc/pic32mx/4.8.3/../../../../pic32mx/lib/./proc/32MX150F128B/default_isr_vectors.o
LOAD /Applications/microchip/xc32/v2.15/bin/bin/../../lib/gcc/pic32mx/4.8.3/../../../../pic32mx/lib/pic32_software_reset.o
                0x00000400                PROVIDE (_min_stack_size, 0x400)
START GROUP
LOAD /Applications/microchip/xc32/v2.15/bin/bin/../../lib/gcc/pic32mx/4.8.3/../../../../pic32mx/lib/./proc/32MX150F128B/processor.o
END GROUP
START GROUP
LOAD libmchp_peripheral.a
END GROUP
START GROUP
LOAD libmchp_peripheral_32MX150F128B.a
END GROUP
                0x00000001                PROVIDE (_vector_spacing, 0x1)
                0x9d01f000                PROVIDE (_ebase_address, 0x9d01f000)
                0xbfc00000                _RESET_ADDR = 0xbfc00000
                0xbfc00380                _BEV_EXCPT_ADDR = 0xbfc00380
                0xbfc00480                _DBG_EXCPT_ADDR = 0xbfc00480
                0x9fc00490                _DBG_CODE_ADDR = 0x9fc00490
                0x00000760                _DBG_CODE_SIZE = 0x760
                0x9d01f180                _GEN_EXCPT_ADDR = (_ebase_address + 0x180)

.config_BFC00BF0
                0xbfc00bf0        0x4
 *(.config_BFC00BF0)
 .config_BFC00BF0
                0xbfc00bf0        0x4 build/default/debug/config.o

.config_BFC00BF4
                0xbfc00bf4        0x4
 *(.config_BFC00BF4)
 .config_BFC00BF4
                0xbfc00bf4        0x4 build/default/debug/config.o

.config_BFC00BF8
                0xbfc00bf8        0x4
 *(.config_BFC00BF8)
 .config_BFC00BF8
                0xbfc00bf8        0x4 build/default/debug/config.o

.config_BFC00BFC
                0xbfc00bfc        0x4
 *(.config_BFC00BFC)
 .config_BFC00BFC
                0xbfc00bfc        0x4 build/default/debug/config.o
                0xbfc02000                PROVIDE (_DBG_CODE_ADDR, 0xbfc02000)
                0x00000ff0                PROVIDE (_DBG_CODE_SIZE, 0xff0)

.reset          0xbfc00000      0x184
 *(.reset)
 .reset         0xbfc00000        0x8 /var/folders/yw/jj0xjw210_lgc3s7h59842vw0000gn/T//ccni3F0S.o
                0xbfc00000                _reset
 *(.reset.startup)
 .reset.startup
                0xbfc00008      0x17c /var/folders/yw/jj0xjw210_lgc3s7h59842vw0000gn/T//ccni3F0S.o
                0xbfc00008                _startup

.bev_excpt      0xbfc00380       0x10
 *(.bev_handler)
 .bev_handler   0xbfc00380       0x10 /var/folders/yw/jj0xjw210_lgc3s7h59842vw0000gn/T//ccni3F0S.o

.dbg_excpt      0xbfc00480        0x0
                0xbfc00480                . = (. + DEFINED (_DEBUGGER)?0x8:0x0)

.dbg_code       0x9fc00490        0x0
                0x9fc00490                . = (. + DEFINED (_DEBUGGER)?_DBG_CODE_SIZE:0x0)

.app_excpt      0x9d01f180       0x10
 *(.gen_handler)
 .gen_handler   0x9d01f180       0x10 /var/folders/yw/jj0xjw210_lgc3s7h59842vw0000gn/T//ccni3F0S.o

.vector_0       0x9d01f200        0x8
 *(.vector_0)
 .vector_0      0x9d01f200        0x8 /Applications/microchip/xc32/v2.15/bin/bin/../../lib/gcc/pic32mx/4.8.3/../../../../pic32mx/lib/libpic32.a(vector0.o)
                0x9d01f200                __vector_dispatch_0
                0x00000001                ASSERT (((_vector_spacing == 0x0) || (SIZEOF (.vector_0) <= (_vector_spacing << 0x5))), function at exception vector 0 too large)

.vector_1       0x9d01f220        0x8
 *(.vector_1)
 .vector_1      0x9d01f220        0x8 /Applications/microchip/xc32/v2.15/bin/bin/../../lib/gcc/pic32mx/4.8.3/../../../../pic32mx/lib/libpic32.a(vector1.o)
                0x9d01f220                __vector_dispatch_1
                0x00000001                ASSERT (((_vector_spacing == 0x0) || (SIZEOF (.vector_1) <= (_vector_spacing << 0x5))), function at exception vector 1 too large)

.vector_2       0x9d01f240        0x8
 *(.vector_2)
 .vector_2      0x9d01f240        0x8 /Applications/microchip/xc32/v2.15/bin/bin/../../lib/gcc/pic32mx/4.8.3/../../../../pic32mx/lib/libpic32.a(vector2.o)
                0x9d01f240                __vector_dispatch_2
                0x00000001                ASSERT (((_vector_spacing == 0x0) || (SIZEOF (.vector_2) <= (_vector_spacing << 0x5))), function at exception vector 2 too large)

.vector_3       0x9d01f260        0x8
 *(.vector_3)
 .vector_3      0x9d01f260        0x8 build/default/debug/HT16_keys_driver.o
                0x9d01f260                __vector_dispatch_3
                0x00000001                ASSERT (((_vector_spacing == 0x0) || (SIZEOF (.vector_3) <= (_vector_spacing << 0x5))), function at exception vector 3 too large)

.vector_4       0x9d01f280        0x8
 *(.vector_4)
 .vector_4      0x9d01f280        0x8 /Applications/microchip/xc32/v2.15/bin/bin/../../lib/gcc/pic32mx/4.8.3/../../../../pic32mx/lib/libpic32.a(vector4.o)
                0x9d01f280                __vector_dispatch_4
                0x00000001                ASSERT (((_vector_spacing == 0x0) || (SIZEOF (.vector_4) <= (_vector_spacing << 0x5))), function at exception vector 4 too large)

.vector_5       0x9d01f2a0        0x8
 *(.vector_5)
 .vector_5      0x9d01f2a0        0x8 /Applications/microchip/xc32/v2.15/bin/bin/../../lib/gcc/pic32mx/4.8.3/../../../../pic32mx/lib/libpic32.a(vector5.o)
                0x9d01f2a0                __vector_dispatch_5
                0x00000001                ASSERT (((_vector_spacing == 0x0) || (SIZEOF (.vector_5) <= (_vector_spacing << 0x5))), function at exception vector 5 too large)

.vector_6       0x9d01f2c0        0x8
 *(.vector_6)
 .vector_6      0x9d01f2c0        0x8 /Applications/microchip/xc32/v2.15/bin/bin/../../lib/gcc/pic32mx/4.8.3/../../../../pic32mx/lib/libpic32.a(vector6.o)
                0x9d01f2c0                __vector_dispatch_6
                0x00000001                ASSERT (((_vector_spacing == 0x0) || (SIZEOF (.vector_6) <= (_vector_spacing << 0x5))), function at exception vector 6 too large)

.vector_7       0x9d01f2e0        0x8
 *(.vector_7)
 .vector_7      0x9d01f2e0        0x8 /Applications/microchip/xc32/v2.15/bin/bin/../../lib/gcc/pic32mx/4.8.3/../../../../pic32mx/lib/libpic32.a(vector7.o)
                0x9d01f2e0                __vector_dispatch_7
                0x00000001                ASSERT (((_vector_spacing == 0x0) || (SIZEOF (.vector_7) <= (_vector_spacing << 0x5))), function at exception vector 7 too large)

.vector_8       0x9d01f300        0x8
 *(.vector_8)
 .vector_8      0x9d01f300        0x8 build/default/debug/sequencer.o
                0x9d01f300                __vector_dispatch_8
                0x00000001                ASSERT (((_vector_spacing == 0x0) || (SIZEOF (.vector_8) <= (_vector_spacing << 0x5))), function at exception vector 8 too large)

.vector_9       0x9d01f320        0x8
 *(.vector_9)
 .vector_9      0x9d01f320        0x8 /Applications/microchip/xc32/v2.15/bin/bin/../../lib/gcc/pic32mx/4.8.3/../../../../pic32mx/lib/libpic32.a(vector9.o)
                0x9d01f320                __vector_dispatch_9
                0x00000001                ASSERT (((_vector_spacing == 0x0) || (SIZEOF (.vector_9) <= (_vector_spacing << 0x5))), function at exception vector 9 too large)

.vector_10      0x9d01f340        0x8
 *(.vector_10)
 .vector_10     0x9d01f340        0x8 /Applications/microchip/xc32/v2.15/bin/bin/../../lib/gcc/pic32mx/4.8.3/../../../../pic32mx/lib/libpic32.a(vector10.o)
                0x9d01f340                __vector_dispatch_10
                0x00000001                ASSERT (((_vector_spacing == 0x0) || (SIZEOF (.vector_10) <= (_vector_spacing << 0x5))), function at exception vector 10 too large)

.vector_11      0x9d01f360        0x8
 *(.vector_11)
 .vector_11     0x9d01f360        0x8 build/default/debug/encoders_driver.o
                0x9d01f360                __vector_dispatch_11
                0x00000001                ASSERT (((_vector_spacing == 0x0) || (SIZEOF (.vector_11) <= (_vector_spacing << 0x5))), function at exception vector 11 too large)

.vector_12      0x9d01f380        0x8
 *(.vector_12)
 .vector_12     0x9d01f380        0x8 build/default/debug/bpm.o
                0x9d01f380                __vector_dispatch_12
                0x00000001                ASSERT (((_vector_spacing == 0x0) || (SIZEOF (.vector_12) <= (_vector_spacing << 0x5))), function at exception vector 12 too large)

.vector_13      0x9d01f3a0        0x8
 *(.vector_13)
 .vector_13     0x9d01f3a0        0x8 /Applications/microchip/xc32/v2.15/bin/bin/../../lib/gcc/pic32mx/4.8.3/../../../../pic32mx/lib/libpic32.a(vector13.o)
                0x9d01f3a0                __vector_dispatch_13
                0x00000001                ASSERT (((_vector_spacing == 0x0) || (SIZEOF (.vector_13) <= (_vector_spacing << 0x5))), function at exception vector 13 too large)

.vector_14      0x9d01f3c0        0x8
 *(.vector_14)
 .vector_14     0x9d01f3c0        0x8 /Applications/microchip/xc32/v2.15/bin/bin/../../lib/gcc/pic32mx/4.8.3/../../../../pic32mx/lib/libpic32.a(vector14.o)
                0x9d01f3c0                __vector_dispatch_14
                0x00000001                ASSERT (((_vector_spacing == 0x0) || (SIZEOF (.vector_14) <= (_vector_spacing << 0x5))), function at exception vector 14 too large)

.vector_15      0x9d01f3e0        0x8
 *(.vector_15)
 .vector_15     0x9d01f3e0        0x8 build/default/debug/encoders_driver.o
                0x9d01f3e0                __vector_dispatch_15
                0x00000001                ASSERT (((_vector_spacing == 0x0) || (SIZEOF (.vector_15) <= (_vector_spacing << 0x5))), function at exception vector 15 too large)

.vector_16      0x9d01f400        0x8
 *(.vector_16)
 .vector_16     0x9d01f400        0x8 build/default/debug/timers_driver.o
                0x9d01f400                __vector_dispatch_16
                0x00000001                ASSERT (((_vector_spacing == 0x0) || (SIZEOF (.vector_16) <= (_vector_spacing << 0x5))), function at exception vector 16 too large)

.vector_17      0x9d01f420        0x8
 *(.vector_17)
 .vector_17     0x9d01f420        0x8 /Applications/microchip/xc32/v2.15/bin/bin/../../lib/gcc/pic32mx/4.8.3/../../../../pic32mx/lib/libpic32.a(vector17.o)
                0x9d01f420                __vector_dispatch_17
                0x00000001                ASSERT (((_vector_spacing == 0x0) || (SIZEOF (.vector_17) <= (_vector_spacing << 0x5))), function at exception vector 17 too large)

.vector_18      0x9d01f440        0x8
 *(.vector_18)
 .vector_18     0x9d01f440        0x8 /Applications/microchip/xc32/v2.15/bin/bin/../../lib/gcc/pic32mx/4.8.3/../../../../pic32mx/lib/libpic32.a(vector18.o)
                0x9d01f440                __vector_dispatch_18
                0x00000001                ASSERT (((_vector_spacing == 0x0) || (SIZEOF (.vector_18) <= (_vector_spacing << 0x5))), function at exception vector 18 too large)

.vector_19      0x9d01f460        0x8
 *(.vector_19)
 .vector_19     0x9d01f460        0x8 build/default/debug/encoders_driver.o
                0x9d01f460                __vector_dispatch_19
                0x00000001                ASSERT (((_vector_spacing == 0x0) || (SIZEOF (.vector_19) <= (_vector_spacing << 0x5))), function at exception vector 19 too large)

.vector_20      0x9d01f480        0x8
 *(.vector_20)
 .vector_20     0x9d01f480        0x8 build/default/debug/HT16_keys_driver.o
                0x9d01f480                __vector_dispatch_20
                0x00000001                ASSERT (((_vector_spacing == 0x0) || (SIZEOF (.vector_20) <= (_vector_spacing << 0x5))), function at exception vector 20 too large)

.vector_21      0x9d01f4a0        0x8
 *(.vector_21)
 .vector_21     0x9d01f4a0        0x8 /Applications/microchip/xc32/v2.15/bin/bin/../../lib/gcc/pic32mx/4.8.3/../../../../pic32mx/lib/libpic32.a(vector21.o)
                0x9d01f4a0                __vector_dispatch_21
                0x00000001                ASSERT (((_vector_spacing == 0x0) || (SIZEOF (.vector_21) <= (_vector_spacing << 0x5))), function at exception vector 21 too large)

.vector_22      0x9d01f4c0        0x8
 *(.vector_22)
 .vector_22     0x9d01f4c0        0x8 /Applications/microchip/xc32/v2.15/bin/bin/../../lib/gcc/pic32mx/4.8.3/../../../../pic32mx/lib/libpic32.a(vector22.o)
                0x9d01f4c0                __vector_dispatch_22
                0x00000001                ASSERT (((_vector_spacing == 0x0) || (SIZEOF (.vector_22) <= (_vector_spacing << 0x5))), function at exception vector 22 too large)

.vector_23      0x9d01f4e0        0x8
 *(.vector_23)
 .vector_23     0x9d01f4e0        0x8 /Applications/microchip/xc32/v2.15/bin/bin/../../lib/gcc/pic32mx/4.8.3/../../../../pic32mx/lib/libpic32.a(vector23.o)
                0x9d01f4e0                __vector_dispatch_23
                0x00000001                ASSERT (((_vector_spacing == 0x0) || (SIZEOF (.vector_23) <= (_vector_spacing << 0x5))), function at exception vector 23 too large)

.vector_24      0x9d01f500        0x8
 *(.vector_24)
 .vector_24     0x9d01f500        0x8 /Applications/microchip/xc32/v2.15/bin/bin/../../lib/gcc/pic32mx/4.8.3/../../../../pic32mx/lib/libpic32.a(vector24.o)
                0x9d01f500                __vector_dispatch_24
                0x00000001                ASSERT (((_vector_spacing == 0x0) || (SIZEOF (.vector_24) <= (_vector_spacing << 0x5))), function at exception vector 24 too large)

.vector_25      0x9d01f520        0x8
 *(.vector_25)
 .vector_25     0x9d01f520        0x8 /Applications/microchip/xc32/v2.15/bin/bin/../../lib/gcc/pic32mx/4.8.3/../../../../pic32mx/lib/libpic32.a(vector25.o)
                0x9d01f520                __vector_dispatch_25
                0x00000001                ASSERT (((_vector_spacing == 0x0) || (SIZEOF (.vector_25) <= (_vector_spacing << 0x5))), function at exception vector 25 too large)

.vector_26      0x9d01f540        0x8
 *(.vector_26)
 .vector_26     0x9d01f540        0x8 /Applications/microchip/xc32/v2.15/bin/bin/../../lib/gcc/pic32mx/4.8.3/../../../../pic32mx/lib/libpic32.a(vector26.o)
                0x9d01f540                __vector_dispatch_26
                0x00000001                ASSERT (((_vector_spacing == 0x0) || (SIZEOF (.vector_26) <= (_vector_spacing << 0x5))), function at exception vector 26 too large)

.vector_27      0x9d01f560        0x8
 *(.vector_27)
 .vector_27     0x9d01f560        0x8 /Applications/microchip/xc32/v2.15/bin/bin/../../lib/gcc/pic32mx/4.8.3/../../../../pic32mx/lib/libpic32.a(vector27.o)
                0x9d01f560                __vector_dispatch_27
                0x00000001                ASSERT (((_vector_spacing == 0x0) || (SIZEOF (.vector_27) <= (_vector_spacing << 0x5))), function at exception vector 27 too large)

.vector_28      0x9d01f580        0x8
 *(.vector_28)
 .vector_28     0x9d01f580        0x8 /Applications/microchip/xc32/v2.15/bin/bin/../../lib/gcc/pic32mx/4.8.3/../../../../pic32mx/lib/libpic32.a(vector28.o)
                0x9d01f580                __vector_dispatch_28
                0x00000001                ASSERT (((_vector_spacing == 0x0) || (SIZEOF (.vector_28) <= (_vector_spacing << 0x5))), function at exception vector 28 too large)

.vector_29      0x9d01f5a0        0x8
 *(.vector_29)
 .vector_29     0x9d01f5a0        0x8 /Applications/microchip/xc32/v2.15/bin/bin/../../lib/gcc/pic32mx/4.8.3/../../../../pic32mx/lib/libpic32.a(vector29.o)
                0x9d01f5a0                __vector_dispatch_29
                0x00000001                ASSERT (((_vector_spacing == 0x0) || (SIZEOF (.vector_29) <= (_vector_spacing << 0x5))), function at exception vector 29 too large)

.vector_30      0x9d01f5c0        0x8
 *(.vector_30)
 .vector_30     0x9d01f5c0        0x8 /Applications/microchip/xc32/v2.15/bin/bin/../../lib/gcc/pic32mx/4.8.3/../../../../pic32mx/lib/libpic32.a(vector30.o)
                0x9d01f5c0                __vector_dispatch_30
                0x00000001                ASSERT (((_vector_spacing == 0x0) || (SIZEOF (.vector_30) <= (_vector_spacing << 0x5))), function at exception vector 30 too large)

.vector_31      0x9d01f5e0        0x8
 *(.vector_31)
 .vector_31     0x9d01f5e0        0x8 build/default/debug/SPI_driver.o
                0x9d01f5e0                __vector_dispatch_31
                0x00000001                ASSERT (((_vector_spacing == 0x0) || (SIZEOF (.vector_31) <= (_vector_spacing << 0x5))), function at exception vector 31 too large)

.vector_32      0x9d01f600        0x8
 *(.vector_32)
 .vector_32     0x9d01f600        0x8 build/default/debug/UART_driver.o
                0x9d01f600                __vector_dispatch_32
                0x00000001                ASSERT (((_vector_spacing == 0x0) || (SIZEOF (.vector_32) <= (_vector_spacing << 0x5))), function at exception vector 32 too large)

.vector_33      0x9d01f620        0x8
 *(.vector_33)
 .vector_33     0x9d01f620        0x8 build/default/debug/I2C_driver.o
                0x9d01f620                __vector_dispatch_33
                0x00000001                ASSERT (((_vector_spacing == 0x0) || (SIZEOF (.vector_33) <= (_vector_spacing << 0x5))), function at exception vector 33 too large)

.vector_34      0x9d01f640        0x8
 *(.vector_34)
 .vector_34     0x9d01f640        0x8 /Applications/microchip/xc32/v2.15/bin/bin/../../lib/gcc/pic32mx/4.8.3/../../../../pic32mx/lib/libpic32.a(vector34.o)
                0x9d01f640                __vector_dispatch_34
                0x00000001                ASSERT (((_vector_spacing == 0x0) || (SIZEOF (.vector_34) <= (_vector_spacing << 0x5))), function at exception vector 34 too large)

.vector_35      0x9d01f660        0x8
 *(.vector_35)
 .vector_35     0x9d01f660        0x8 /Applications/microchip/xc32/v2.15/bin/bin/../../lib/gcc/pic32mx/4.8.3/../../../../pic32mx/lib/libpic32.a(vector35.o)
                0x9d01f660                __vector_dispatch_35
                0x00000001                ASSERT (((_vector_spacing == 0x0) || (SIZEOF (.vector_35) <= (_vector_spacing << 0x5))), function at exception vector 35 too large)

.vector_36      0x9d01f680        0x8
 *(.vector_36)
 .vector_36     0x9d01f680        0x8 /Applications/microchip/xc32/v2.15/bin/bin/../../lib/gcc/pic32mx/4.8.3/../../../../pic32mx/lib/libpic32.a(vector36.o)
                0x9d01f680                __vector_dispatch_36
                0x00000001                ASSERT (((_vector_spacing == 0x0) || (SIZEOF (.vector_36) <= (_vector_spacing << 0x5))), function at exception vector 36 too large)

.vector_37      0x9d01f6a0        0x8
 *(.vector_37)
 .vector_37     0x9d01f6a0        0x8 /Applications/microchip/xc32/v2.15/bin/bin/../../lib/gcc/pic32mx/4.8.3/../../../../pic32mx/lib/libpic32.a(vector37.o)
                0x9d01f6a0                __vector_dispatch_37
                0x00000001                ASSERT (((_vector_spacing == 0x0) || (SIZEOF (.vector_37) <= (_vector_spacing << 0x5))), function at exception vector 37 too large)

.vector_38      0x9d01f6c0        0x8
 *(.vector_38)
 .vector_38     0x9d01f6c0        0x8 /Applications/microchip/xc32/v2.15/bin/bin/../../lib/gcc/pic32mx/4.8.3/../../../../pic32mx/lib/libpic32.a(vector38.o)
                0x9d01f6c0                __vector_dispatch_38
                0x00000001                ASSERT (((_vector_spacing == 0x0) || (SIZEOF (.vector_38) <= (_vector_spacing << 0x5))), function at exception vector 38 too large)

.vector_39      0x9d01f6e0        0x8
 *(.vector_39)
 .vector_39     0x9d01f6e0        0x8 /Applications/microchip/xc32/v2.15/bin/bin/../../lib/gcc/pic32mx/4.8.3/../../../../pic32mx/lib/libpic32.a(vector39.o)
                0x9d01f6e0                __vector_dispatch_39
                0x00000001                ASSERT (((_vector_spacing == 0x0) || (SIZEOF (.vector_39) <= (_vector_spacing << 0x5))), function at exception vector 39 too large)

.vector_40      0x9d01f700        0x8
 *(.vector_40)
 .vector_40     0x9d01f700        0x8 /Applications/microchip/xc32/v2.15/bin/bin/../../lib/gcc/pic32mx/4.8.3/../../../../pic32mx/lib/libpic32.a(vector40.o)
                0x9d01f700                __vector_dispatch_40
                0x00000001                ASSERT (((_vector_spacing == 0x0) || (SIZEOF (.vector_40) <= (_vector_spacing << 0x5))), function at exception vector 40 too large)

.vector_41      0x9d01f720        0x8
 *(.vector_41)
 .vector_41     0x9d01f720        0x8 /Applications/microchip/xc32/v2.15/bin/bin/../../lib/gcc/pic32mx/4.8.3/../../../../pic32mx/lib/libpic32.a(vector41.o)
                0x9d01f720                __vector_dispatch_41
                0x00000001                ASSERT (((_vector_spacing == 0x0) || (SIZEOF (.vector_41) <= (_vector_spacing << 0x5))), function at exception vector 41 too large)

.vector_42      0x9d01f740        0x8
 *(.vector_42)
 .vector_42     0x9d01f740        0x8 /Applications/microchip/xc32/v2.15/bin/bin/../../lib/gcc/pic32mx/4.8.3/../../../../pic32mx/lib/libpic32.a(vector42.o)
                0x9d01f740                __vector_dispatch_42
                0x00000001                ASSERT (((_vector_spacing == 0x0) || (SIZEOF (.vector_42) <= (_vector_spacing << 0x5))), function at exception vector 42 too large)

.vector_43      0x9d01f760        0x8
 *(.vector_43)
 .vector_43     0x9d01f760        0x8 /Applications/microchip/xc32/v2.15/bin/bin/../../lib/gcc/pic32mx/4.8.3/../../../../pic32mx/lib/libpic32.a(vector43.o)
                0x9d01f760                __vector_dispatch_43
                0x00000001                ASSERT (((_vector_spacing == 0x0) || (SIZEOF (.vector_43) <= (_vector_spacing << 0x5))), function at exception vector 43 too large)

.vector_44      0x9d01f780        0x0
 *(.vector_44)
                0x00000001                ASSERT (((_vector_spacing == 0x0) || (SIZEOF (.vector_44) <= (_vector_spacing << 0x5))), function at exception vector 44 too large)

.vector_45      0x9d01f7a0        0x0
 *(.vector_45)
                0x00000001                ASSERT (((_vector_spacing == 0x0) || (SIZEOF (.vector_45) <= (_vector_spacing << 0x5))), function at exception vector 45 too large)

.vector_46      0x9d01f7c0        0x0
 *(.vector_46)
                0x00000001                ASSERT (((_vector_spacing == 0x0) || (SIZEOF (.vector_46) <= (_vector_spacing << 0x5))), function at exception vector 46 too large)

.vector_47      0x9d01f7e0        0x0
 *(.vector_47)
                0x00000001                ASSERT (((_vector_spacing == 0x0) || (SIZEOF (.vector_47) <= (_vector_spacing << 0x5))), function at exception vector 47 too large)

.vector_48      0x9d01f800        0x0
 *(.vector_48)
                0x00000001                ASSERT (((_vector_spacing == 0x0) || (SIZEOF (.vector_48) <= (_vector_spacing << 0x5))), function at exception vector 48 too large)

.vector_49      0x9d01f820        0x0
 *(.vector_49)
                0x00000001                ASSERT (((_vector_spacing == 0x0) || (SIZEOF (.vector_49) <= (_vector_spacing << 0x5))), function at exception vector 49 too large)

.vector_50      0x9d01f840        0x0
 *(.vector_50)
                0x00000001                ASSERT (((_vector_spacing == 0x0) || (SIZEOF (.vector_50) <= (_vector_spacing << 0x5))), function at exception vector 50 too large)

.vector_51      0x9d01f860        0x0
 *(.vector_51)
                0x00000001                ASSERT (((_vector_spacing == 0x0) || (SIZEOF (.vector_51) <= (_vector_spacing << 0x5))), function at exception vector 51 too large)

.vector_52      0x9d01f880        0x0
 *(.vector_52)
                0x00000001                ASSERT (((_vector_spacing == 0x0) || (SIZEOF (.vector_52) <= (_vector_spacing << 0x5))), function at exception vector 52 too large)

.vector_53      0x9d01f8a0        0x0
 *(.vector_53)
                0x00000001                ASSERT (((_vector_spacing == 0x0) || (SIZEOF (.vector_53) <= (_vector_spacing << 0x5))), function at exception vector 53 too large)

.vector_54      0x9d01f8c0        0x0
 *(.vector_54)
                0x00000001                ASSERT (((_vector_spacing == 0x0) || (SIZEOF (.vector_54) <= (_vector_spacing << 0x5))), function at exception vector 54 too large)

.vector_55      0x9d01f8e0        0x0
 *(.vector_55)
                0x00000001                ASSERT (((_vector_spacing == 0x0) || (SIZEOF (.vector_55) <= (_vector_spacing << 0x5))), function at exception vector 55 too large)

.vector_56      0x9d01f900        0x0
 *(.vector_56)
                0x00000001                ASSERT (((_vector_spacing == 0x0) || (SIZEOF (.vector_56) <= (_vector_spacing << 0x5))), function at exception vector 56 too large)

.vector_57      0x9d01f920        0x0
 *(.vector_57)
                0x00000001                ASSERT (((_vector_spacing == 0x0) || (SIZEOF (.vector_57) <= (_vector_spacing << 0x5))), function at exception vector 57 too large)

.vector_58      0x9d01f940        0x0
 *(.vector_58)
                0x00000001                ASSERT (((_vector_spacing == 0x0) || (SIZEOF (.vector_58) <= (_vector_spacing << 0x5))), function at exception vector 58 too large)

.vector_59      0x9d01f960        0x0
 *(.vector_59)
                0x00000001                ASSERT (((_vector_spacing == 0x0) || (SIZEOF (.vector_59) <= (_vector_spacing << 0x5))), function at exception vector 59 too large)

.vector_60      0x9d01f980        0x0
 *(.vector_60)
                0x00000001                ASSERT (((_vector_spacing == 0x0) || (SIZEOF (.vector_60) <= (_vector_spacing << 0x5))), function at exception vector 60 too large)

.vector_61      0x9d01f9a0        0x0
 *(.vector_61)
                0x00000001                ASSERT (((_vector_spacing == 0x0) || (SIZEOF (.vector_61) <= (_vector_spacing << 0x5))), function at exception vector 61 too large)

.vector_62      0x9d01f9c0        0x0
 *(.vector_62)
                0x00000001                ASSERT (((_vector_spacing == 0x0) || (SIZEOF (.vector_62) <= (_vector_spacing << 0x5))), function at exception vector 62 too large)

.vector_63      0x9d01f9e0        0x0
 *(.vector_63)
                0x00000001                ASSERT (((_vector_spacing == 0x0) || (SIZEOF (.vector_63) <= (_vector_spacing << 0x5))), function at exception vector 63 too large)

.startup
 *(.startup)

.text           0x9d000000        0x0
 *(.stub .gnu.linkonce.t.*)
 *(.text.*personality*)
 *(.mips16.fn.*)
 *(.mips16.call.*)
 *(.gnu.warning)
                0x9d000000                . = ALIGN (0x4)

.init           0x9d000000        0x0
 *crti.o(.init)
 *crtbegin.o(.init)
 *(EXCLUDE_FILE(*crtn.o *crtend?.o *crtend.o) .init)
 *crtend.o(.init)
 *crtn.o(.init)
                0x9d000000                . = ALIGN (0x4)

.fini           0x9d000000        0x0
 *(.fini)
                0x9d000000                . = ALIGN (0x4)

.preinit_array  0x9d000000        0x0
                0x9d000000                PROVIDE (__preinit_array_start, .)
 *(.preinit_array)
                0x9d000000                PROVIDE (__preinit_array_end, .)
                0x9d000000                . = ALIGN (0x4)

.init_array     0x9d000000        0x0
                0x9d000000                PROVIDE (__init_array_start, .)
 *(SORT(.init_array.*))
 *(.init_array)
                0x9d000000                PROVIDE (__init_array_end, .)
                0x9d000000                . = ALIGN (0x4)

.fini_array     0x9d000000        0x0
                0x9d000000                PROVIDE (__fini_array_start, .)
 *(SORT(.fini_array.*))
 *(.fini_array)
                0x9d000000                PROVIDE (__fini_array_end, .)
                0x9d000000                . = ALIGN (0x4)

.ctors          0x9d000000        0x0
 *crtbegin.o(.ctors)
 *crtbegin?.o(.ctors)
 *(EXCLUDE_FILE(*crtend?.o *crtend.o) .ctors)
 *(SORT(.ctors.*))
 *(.ctors)
                0x9d000000                . = ALIGN (0x4)

.dtors          0x9d000000        0x0
 *crtbegin.o(.dtors)
 *crtbegin?.o(.dtors)
 *(EXCLUDE_FILE(*crtend?.o *crtend.o) .dtors)
 *(SORT(.dtors.*))
 *(.dtors)
                0x9d000000                . = ALIGN (0x4)

.rodata         0x9d000000        0x0
 *(.gnu.linkonce.r.*)
 *(.rodata1)
                0x9d000000                . = ALIGN (0x4)

.sdata2         0x9fc00490        0x0
 *(.sdata2 .sdata2.* .gnu.linkonce.s2.*)
                0x9fc00490                . = ALIGN (0x4)

.sbss2          0x9fc00490        0x0
 *(.sbss2 .sbss2.* .gnu.linkonce.sb2.*)
                0x9fc00490                . = ALIGN (0x4)

.eh_frame_hdr
 *(.eh_frame_hdr)
                0x9fc00490                . = ALIGN (0x4)

.eh_frame
 *(.eh_frame)
                0x9fc00490                . = ALIGN (0x4)

.gcc_except_table
 *(.gcc_except_table .gcc_except_table.*)
                0x9fc00490                . = ALIGN (0x4)

.dbg_data       0xa0000200        0x0
                0xa0000200                . = (. + DEFINED (_DEBUGGER)?0x200:0x0)

.jcr            0xa0000200        0x0
 *(.jcr)
                0xa0000200                . = ALIGN (0x4)

.eh_frame
 *(.eh_frame)
                0xa0000200                . = ALIGN (0x4)

.gcc_except_table
 *(.gcc_except_table .gcc_except_table.*)
                0xa0000200                . = ALIGN (0x4)

.persist        0xa0000200        0x0
                0xa0000200                _persist_begin = .
 *(.persist .persist.*)
 *(.pbss .pbss.*)
                0xa0000200                . = ALIGN (0x4)
                0xa0000200                _persist_end = .

.data           0xa0000200        0x0
 *(.gnu.linkonce.d.*)
 *(.data1)
                0xa0000200                . = ALIGN (0x4)
                0xa0000200                . = .
                0xa00081f0                _gp = (ALIGN (0x10) + 0x7ff0)

.got            0xa0000200        0x0
 *(.got.plt)
 *(.got)
                0xa0000200                . = ALIGN (0x4)

.sdata          0xa0000200       0x10
                0xa0000200                _sdata_begin = .
 *(.sdata .sdata.* .gnu.linkonce.s.*)
 .sdata         0xa0000200        0x3 build/default/debug/LCD_driver.o
 .sdata         0xa0000203        0x1 build/default/debug/HT16_leds_driver.o
                0xa0000203                HT16_write_leds_request
 .sdata         0xa0000204        0x2 build/default/debug/EEPROM_driver.o
 .sdata         0xa0000206        0x3 build/default/debug/SDCARD_driver.o
 .sdata         0xa0000209        0x1 build/default/debug/encoders_driver.o
 .sdata         0xa000020a        0x1 build/default/debug/input_handler.o
 *fill*         0xa000020b        0x1 
 .sdata         0xa000020c        0x4 /Applications/microchip/xc32/v2.15/bin/bin/../../lib/gcc/pic32mx/4.8.3/../../../../pic32mx/lib/libpic32.a(xc32_uart.o)
                0xa000020c                __XC_UART
                0xa0000210                . = ALIGN (0x4)
                0xa0000210                _sdata_end = .

.lit8
 *(.lit8)

.lit4
 *(.lit4)
                0xa0000210                . = ALIGN (0x4)
                0xa0000210                _data_end = .
                0xa0000210                _bss_begin = .

.sbss           0xa0000210       0x70
                0xa0000210                _sbss_begin = .
 *(.dynsbss)
 *(.sbss .sbss.* .gnu.linkonce.sb.*)
 .sbss          0xa0000210        0x1 build/default/debug/SPI_driver.o
 *fill*         0xa0000211        0x3 
 .sbss          0xa0000214        0x8 build/default/debug/UART_driver.o
 .sbss          0xa000021c        0xc build/default/debug/LCD_driver.o
 .sbss          0xa0000228        0xc build/default/debug/I2C_driver.o
                0xa0000228                I2C1_state
                0xa0000229                I2C1_write_buf_index
                0xa000022a                I2C1_write_buf_size
                0xa000022b                I2C1_read_buf_index
                0xa000022c                I2C1_read_cb
                0xa0000230                I2C1_write_cb
 .sbss          0xa0000234        0xc build/default/debug/HT16_keys_driver.o
                0xa0000234                HT16_read_keys_request
 .sbss          0xa0000240       0x10 build/default/debug/EEPROM_driver.o
 .sbss          0xa0000250       0x20 build/default/debug/SDCARD_driver.o
 .sbss          0xa0000270        0x1 build/default/debug/encoders_driver.o
 .sbss          0xa0000271        0x2 build/default/debug/timers_driver.o
 .sbss          0xa0000273        0x1 build/default/debug/bpm.o
 .sbss          0xa0000274        0x2 build/default/debug/LCD_templates.o
 .sbss          0xa0000276        0x1 build/default/debug/output_handler.o
 *fill*         0xa0000277        0x1 
 .sbss          0xa0000278        0x4 build/default/debug/storage_transfer.o
 *(.scommon)
 .scommon       0xa000027c        0x1 build/default/debug/SPI_driver.o
                0xa000027c                SPI1Fbits
 .scommon       0xa000027d        0x0 build/default/debug/UART_driver.o
 .scommon       0xa000027d        0x0 build/default/debug/LCD_driver.o
 .scommon       0xa000027d        0x2 build/default/debug/I2C_driver.o
                0xa000027d                I2C1_RW
                0xa000027e                I2C1_read_buf_expected
 .scommon       0xa000027f        0x0 build/default/debug/HT16_leds_driver.o
 .scommon       0xa000027f        0x0 build/default/debug/HT16_keys_driver.o
 .scommon       0xa000027f        0x0 build/default/debug/EEPROM_driver.o
 .scommon       0xa000027f        0x0 build/default/debug/SDCARD_driver.o
 .scommon       0xa000027f        0x0 build/default/debug/encoders_driver.o
 .scommon       0xa000027f        0x0 build/default/debug/timers_driver.o
 .scommon       0xa000027f        0x0 build/default/debug/bpm.o
 .scommon       0xa000027f        0x0 build/default/debug/input_handler.o
 .scommon       0xa000027f        0x0 build/default/debug/LCD_templates.o
 .scommon       0xa000027f        0x0 build/default/debug/MIDI.o
 .scommon       0xa000027f        0x0 build/default/debug/sequencer.o
 .scommon       0xa000027f        0x0 build/default/debug/output_handler.o
 .scommon       0xa000027f        0x0 build/default/debug/notes.o
 .scommon       0xa000027f        0x0 build/default/debug/mappings.o
 .scommon       0xa000027f        0x0 build/default/debug/storage_transfer.o
 .scommon       0xa000027f        0x0 build/default/debug/memory_and_save.o
 .scommon       0xa000027f        0x0 build/default/debug/main.o
 .scommon       0xa000027f        0x0 build/default/debug/init.o
                0xa000027f                _sbss_end = .
                0xa0000280                . = ALIGN (0x4)
 *fill*         0xa000027f        0x1 

.bss            0xa0000280     0x2314
 *(.dynbss)
 *(COMMON)
 COMMON         0xa0000280        0xa build/default/debug/I2C_driver.o
                0xa0000280                I2C1_read_buf
 *fill*         0xa000028a        0x2 
 COMMON         0xa000028c     0x2308 build/default/debug/main.o
                0xa000028c                all
                0xa0002594                . = ALIGN ((. != 0x0)?0x4:0x1)
                0xa0002594                . = ALIGN (0x4)
                0xa0002594                _end = .
                0xa0002594                _bss_end = .
                0x00008000                _bmxdudba_address = 0x8000
                0x00008000                _bmxdupba_address = 0x8000

/DISCARD/
 *(.pdr)
 *(.rel.dyn)
 *(.note.GNU-stack)
 *(.note.GNU-stack)
 *(.gnu_debuglink)
 *(.gnu.lto_*)
 *(.discard)

.gptab.sdata
 *(.gptab.data)
 *(.gptab.sdata)

.gptab.sbss
 *(.gptab.bss)
 *(.gptab.sbss)

.mdebug.abi32   0xa0002594        0x0
 *(.mdebug.abi32)
 .mdebug.abi32  0xa0002594        0x0 /Applications/microchip/xc32/v2.15/bin/bin/../../lib/gcc/pic32mx/4.8.3/../../../../pic32mx/lib/software-debug-break.o
 .mdebug.abi32  0xa0002594        0x0 build/default/debug/config.o
 .mdebug.abi32  0xa0002594        0x0 build/default/debug/SPI_driver.o
 .mdebug.abi32  0xa0002594        0x0 build/default/debug/UART_driver.o
 .mdebug.abi32  0xa0002594        0x0 build/default/debug/LCD_driver.o
 .mdebug.abi32  0xa0002594        0x0 build/default/debug/I2C_driver.o
 .mdebug.abi32  0xa0002594        0x0 build/default/debug/HT16_leds_driver.o
 .mdebug.abi32  0xa0002594        0x0 build/default/debug/HT16_keys_driver.o
 .mdebug.abi32  0xa0002594        0x0 build/default/debug/EEPROM_driver.o
 .mdebug.abi32  0xa0002594        0x0 build/default/debug/SDCARD_driver.o
 .mdebug.abi32  0xa0002594        0x0 build/default/debug/encoders_driver.o
 .mdebug.abi32  0xa0002594        0x0 build/default/debug/timers_driver.o
 .mdebug.abi32  0xa0002594        0x0 build/default/debug/bpm.o
 .mdebug.abi32  0xa0002594        0x0 build/default/debug/input_handler.o
 .mdebug.abi32  0xa0002594        0x0 build/default/debug/LCD_templates.o
 .mdebug.abi32  0xa0002594        0x0 build/default/debug/MIDI.o
 .mdebug.abi32  0xa0002594        0x0 build/default/debug/sequencer.o
 .mdebug.abi32  0xa0002594        0x0 build/default/debug/output_handler.o
 .mdebug.abi32  0xa0002594        0x0 build/default/debug/notes.o
 .mdebug.abi32  0xa0002594        0x0 build/default/debug/mappings.o
 .mdebug.abi32  0xa0002594        0x0 build/default/debug/storage_transfer.o
 .mdebug.abi32  0xa0002594        0x0 build/default/debug/memory_and_save.o
 .mdebug.abi32  0xa0002594        0x0 build/default/debug/main.o
 .mdebug.abi32  0xa0002594        0x0 build/default/debug/init.o
 .mdebug.abi32  0xa0002594        0x0 /Applications/microchip/xc32/v2.15/bin/bin/../../lib/gcc/pic32mx/4.8.3/libgcc.a(floatunsisf.o)
 .mdebug.abi32  0xa0002594        0x0 /Applications/microchip/xc32/v2.15/bin/bin/../../lib/gcc/pic32mx/4.8.3/../../../../pic32mx/lib/libpic32.a(default-bootstrap-exception-handler.o)
 .mdebug.abi32  0xa0002594        0x0 /Applications/microchip/xc32/v2.15/bin/bin/../../lib/gcc/pic32mx/4.8.3/../../../../pic32mx/lib/libpic32.a(default-on-reset.o)
 .mdebug.abi32  0xa0002594        0x0 /Applications/microchip/xc32/v2.15/bin/bin/../../lib/gcc/pic32mx/4.8.3/../../../../pic32mx/lib/libpic32.a(default-on-bootstrap.o)
 .mdebug.abi32  0xa0002594        0x0 /Applications/microchip/xc32/v2.15/bin/bin/../../lib/gcc/pic32mx/4.8.3/../../../../pic32mx/lib/libpic32.a(default-general-exception-handler.o)
 .mdebug.abi32  0xa0002594        0x0 /Applications/microchip/xc32/v2.15/bin/bin/../../lib/gcc/pic32mx/4.8.3/../../../../pic32mx/lib/libpic32.a(defaultinterrupt.o)
 .mdebug.abi32  0xa0002594        0x0 /Applications/microchip/xc32/v2.15/bin/bin/../../lib/gcc/pic32mx/4.8.3/../../../../pic32mx/lib/libc.a(snprintf_cdfFnopsuxX.eo)
 .mdebug.abi32  0xa0002594        0x0 /Applications/microchip/xc32/v2.15/bin/bin/../../lib/gcc/pic32mx/4.8.3/../../../../pic32mx/lib/libc.a(vsnprintf_cdfFnopsuxX.eo)
 .mdebug.abi32  0xa0002594        0x0 /Applications/microchip/xc32/v2.15/bin/bin/../../lib/gcc/pic32mx/4.8.3/../../../../pic32mx/lib/libc.a(doprnt_cdfFnopsuxX.eo)
 .mdebug.abi32  0xa0002594        0x0 /Applications/microchip/xc32/v2.15/bin/bin/../../lib/gcc/pic32mx/4.8.3/../../../../pic32mx/lib/libc.a(_fputc_simple.o)
 .mdebug.abi32  0xa0002594        0x0 /Applications/microchip/xc32/v2.15/bin/bin/../../lib/gcc/pic32mx/4.8.3/../../../../pic32mx/lib/libc.a(ctype.o)
 .mdebug.abi32  0xa0002594        0x0 /Applications/microchip/xc32/v2.15/bin/bin/../../lib/gcc/pic32mx/4.8.3/../../../../pic32mx/lib/libc.a(ldpowers.o)
 .mdebug.abi32  0xa0002594        0x0 /Applications/microchip/xc32/v2.15/bin/bin/../../lib/gcc/pic32mx/4.8.3/../../../../pic32mx/lib/libc.a(_iob.o)
 .mdebug.abi32  0xa0002594        0x0 /Applications/microchip/xc32/v2.15/bin/bin/../../lib/gcc/pic32mx/4.8.3/../../../../pic32mx/lib/libc.a(_flsbuf_simple.o)
 .mdebug.abi32  0xa0002594        0x0 /Applications/microchip/xc32/v2.15/bin/bin/../../lib/gcc/pic32mx/4.8.3/../../../../pic32mx/lib/libe.a(_fixunsdfdi.o)
 .mdebug.abi32  0xa0002594        0x0 /Applications/microchip/xc32/v2.15/bin/bin/../../lib/gcc/pic32mx/4.8.3/../../../../pic32mx/lib/libe.a(_orderdf2.o)
 .mdebug.abi32  0xa0002594        0x0 /Applications/microchip/xc32/v2.15/bin/bin/../../lib/gcc/pic32mx/4.8.3/../../../../pic32mx/lib/libe.a(_fixdfdi.o)
 .mdebug.abi32  0xa0002594        0x0 /Applications/microchip/xc32/v2.15/bin/bin/../../lib/gcc/pic32mx/4.8.3/libgcc.a(_floatundidf.o)
 .mdebug.abi32  0xa0002594        0x0 /Applications/microchip/xc32/v2.15/bin/bin/../../lib/gcc/pic32mx/4.8.3/libgcc.a(_udivdi3.o)
 .mdebug.abi32  0xa0002594        0x0 /Applications/microchip/xc32/v2.15/bin/bin/../../lib/gcc/pic32mx/4.8.3/libgcc.a(_umoddi3.o)
 .mdebug.abi32  0xa0002594        0x0 /Applications/microchip/xc32/v2.15/bin/bin/../../lib/gcc/pic32mx/4.8.3/libgcc.a(floatunsidf.o)
 .mdebug.abi32  0xa0002594        0x0 /Applications/microchip/xc32/v2.15/bin/bin/../../lib/gcc/pic32mx/4.8.3/../../../../pic32mx/lib/libpic32.a(write.o)
 .mdebug.abi32  0xa0002594        0x0 /Applications/microchip/xc32/v2.15/bin/bin/../../lib/gcc/pic32mx/4.8.3/../../../../pic32mx/lib/libpic32.a(_mon_putc.o)
 .mdebug.abi32  0xa0002594        0x0 /Applications/microchip/xc32/v2.15/bin/bin/../../lib/gcc/pic32mx/4.8.3/../../../../pic32mx/lib/libpic32.a(xc32_uart.o)

.mdebug.abiN32
 *(.mdebug.abiN32)

.mdebug.abi64
 *(.mdebug.abi64)

.mdebug.abiO64
 *(.mdebug.abiO64)

.mdebug.eabi32
 *(.mdebug.eabi32)

.mdebug.eabi64
 *(.mdebug.eabi64)

.gcc_compiled_long32
 *(.gcc_compiled_long32)

.gcc_compiled_long64
 *(.gcc_compiled_long64)

.stab
 *(.stab)

.stabstr
 *(.stabstr)

.stab.excl
 *(.stab.excl)

.stab.exclstr
 *(.stab.exclstr)

.stab.index
 *(.stab.index)

.stab.indexstr
 *(.stab.indexstr)

.comment        0x00000000      0x1e1
 *(.comment)
 .comment       0x00000000       0x3c /Applications/microchip/xc32/v2.15/bin/bin/../../lib/gcc/pic32mx/4.8.3/../../../../pic32mx/lib/software-debug-break.o
                                 0x3d (size before relaxing)
 .comment       0x00000000       0x3d build/default/debug/config.o
 .comment       0x00000000       0x3d build/default/debug/SPI_driver.o
 .comment       0x00000000       0x3d build/default/debug/UART_driver.o
 .comment       0x00000000       0x3d build/default/debug/LCD_driver.o
 .comment       0x00000000       0x3d build/default/debug/I2C_driver.o
 .comment       0x00000000       0x3d build/default/debug/HT16_leds_driver.o
 .comment       0x00000000       0x3d build/default/debug/HT16_keys_driver.o
 .comment       0x00000000       0x3d build/default/debug/EEPROM_driver.o
 .comment       0x00000000       0x3d build/default/debug/SDCARD_driver.o
 .comment       0x00000000       0x3d build/default/debug/encoders_driver.o
 .comment       0x00000000       0x3d build/default/debug/timers_driver.o
 .comment       0x00000000       0x3d build/default/debug/bpm.o
 .comment       0x00000000       0x3d build/default/debug/input_handler.o
 .comment       0x00000000       0x3d build/default/debug/LCD_templates.o
 .comment       0x00000000       0x3d build/default/debug/MIDI.o
 .comment       0x00000000       0x3d build/default/debug/sequencer.o
 .comment       0x00000000       0x3d build/default/debug/output_handler.o
 .comment       0x00000000       0x3d build/default/debug/notes.o
 .comment       0x00000000       0x3d build/default/debug/mappings.o
 .comment       0x00000000       0x3d build/default/debug/storage_transfer.o
 .comment       0x00000000       0x3d build/default/debug/memory_and_save.o
 .comment       0x00000000       0x3d build/default/debug/main.o
 .comment       0x00000000       0x3d build/default/debug/init.o
 .comment       0x00000000       0x3d /Applications/microchip/xc32/v2.15/bin/bin/../../lib/gcc/pic32mx/4.8.3/libgcc.a(floatunsisf.o)
 .comment       0x0000003c       0x18 /Applications/microchip/xc32/v2.15/bin/bin/../../lib/gcc/pic32mx/4.8.3/../../../../pic32mx/lib/libpic32.a(memset.o)
                                 0x19 (size before relaxing)
 .comment       0x00000000       0x3d /Applications/microchip/xc32/v2.15/bin/bin/../../lib/gcc/pic32mx/4.8.3/../../../../pic32mx/lib/libpic32.a(default-bootstrap-exception-handler.o)
 .comment       0x00000000       0x3d /Applications/microchip/xc32/v2.15/bin/bin/../../lib/gcc/pic32mx/4.8.3/../../../../pic32mx/lib/libpic32.a(default-on-reset.o)
 .comment       0x00000000       0x3d /Applications/microchip/xc32/v2.15/bin/bin/../../lib/gcc/pic32mx/4.8.3/../../../../pic32mx/lib/libpic32.a(default-on-bootstrap.o)
 .comment       0x00000000       0x3d /Applications/microchip/xc32/v2.15/bin/bin/../../lib/gcc/pic32mx/4.8.3/../../../../pic32mx/lib/libpic32.a(default-general-exception-handler.o)
 .comment       0x00000000       0x3d /Applications/microchip/xc32/v2.15/bin/bin/../../lib/gcc/pic32mx/4.8.3/../../../../pic32mx/lib/libpic32.a(defaultinterrupt.o)
 .comment       0x00000000       0x3d /Applications/microchip/xc32/v2.15/bin/bin/../../lib/gcc/pic32mx/4.8.3/../../../../pic32mx/lib/libc.a(snprintf_cdfFnopsuxX.eo)
 .comment       0x00000000       0x3d /Applications/microchip/xc32/v2.15/bin/bin/../../lib/gcc/pic32mx/4.8.3/../../../../pic32mx/lib/libc.a(vsnprintf_cdfFnopsuxX.eo)
 .comment       0x00000000       0x3d /Applications/microchip/xc32/v2.15/bin/bin/../../lib/gcc/pic32mx/4.8.3/../../../../pic32mx/lib/libc.a(doprnt_cdfFnopsuxX.eo)
 .comment       0x00000000       0x3d /Applications/microchip/xc32/v2.15/bin/bin/../../lib/gcc/pic32mx/4.8.3/../../../../pic32mx/lib/libc.a(_fputc_simple.o)
 .comment       0x00000054       0x4e /Applications/microchip/xc32/v2.15/bin/bin/../../lib/gcc/pic32mx/4.8.3/../../../../pic32mx/lib/libc.a(ctype.o)
                                 0x8b (size before relaxing)
 .comment       0x00000000       0x3d /Applications/microchip/xc32/v2.15/bin/bin/../../lib/gcc/pic32mx/4.8.3/../../../../pic32mx/lib/libc.a(ldpowers.o)
 .comment       0x00000000       0x3d /Applications/microchip/xc32/v2.15/bin/bin/../../lib/gcc/pic32mx/4.8.3/../../../../pic32mx/lib/libc.a(_iob.o)
 .comment       0x00000000       0x3d /Applications/microchip/xc32/v2.15/bin/bin/../../lib/gcc/pic32mx/4.8.3/../../../../pic32mx/lib/libc.a(_flsbuf_simple.o)
 .comment       0x000000a2       0x9f /Applications/microchip/xc32/v2.15/bin/bin/../../lib/gcc/pic32mx/4.8.3/../../../../pic32mx/lib/libe.a(_fixunsdfdi.o)
                                 0xdc (size before relaxing)
 .comment       0x00000141       0x50 /Applications/microchip/xc32/v2.15/bin/bin/../../lib/gcc/pic32mx/4.8.3/../../../../pic32mx/lib/libe.a(_orderdf2.o)
                                 0xdb (size before relaxing)
 .comment       0x00000191       0x50 /Applications/microchip/xc32/v2.15/bin/bin/../../lib/gcc/pic32mx/4.8.3/../../../../pic32mx/lib/libe.a(_fixdfdi.o)
                                 0xdb (size before relaxing)
 .comment       0x00000000       0x3d /Applications/microchip/xc32/v2.15/bin/bin/../../lib/gcc/pic32mx/4.8.3/libgcc.a(_floatundidf.o)
 .comment       0x00000000       0x3d /Applications/microchip/xc32/v2.15/bin/bin/../../lib/gcc/pic32mx/4.8.3/libgcc.a(_udivdi3.o)
 .comment       0x00000000       0x3d /Applications/microchip/xc32/v2.15/bin/bin/../../lib/gcc/pic32mx/4.8.3/libgcc.a(_umoddi3.o)
 .comment       0x00000000       0x3d /Applications/microchip/xc32/v2.15/bin/bin/../../lib/gcc/pic32mx/4.8.3/libgcc.a(floatunsidf.o)
 .comment       0x00000000       0x3d /Applications/microchip/xc32/v2.15/bin/bin/../../lib/gcc/pic32mx/4.8.3/../../../../pic32mx/lib/libpic32.a(write.o)
 .comment       0x00000000       0x3d /Applications/microchip/xc32/v2.15/bin/bin/../../lib/gcc/pic32mx/4.8.3/../../../../pic32mx/lib/libpic32.a(_mon_putc.o)
 .comment       0x00000000       0x3d /Applications/microchip/xc32/v2.15/bin/bin/../../lib/gcc/pic32mx/4.8.3/../../../../pic32mx/lib/libpic32.a(xc32_uart.o)

.debug
 *(.debug)

.line
 *(.line)

.debug_srcinfo
 *(.debug_srcinfo)

.debug_sfnames
 *(.debug_sfnames)

.debug_aranges  0x00000000      0x5b8
 *(.debug_aranges)
 .debug_aranges
                0x00000000       0x20 /Applications/microchip/xc32/v2.15/bin/bin/../../lib/gcc/pic32mx/4.8.3/../../../../pic32mx/lib/software-debug-break.o
 .debug_aranges
                0x00000020       0x18 build/default/debug/config.o
 .debug_aranges
                0x00000038       0x20 build/default/debug/SPI_driver.o
 .debug_aranges
                0x00000058       0x20 build/default/debug/UART_driver.o
 .debug_aranges
                0x00000078       0x20 build/default/debug/LCD_driver.o
 .debug_aranges
                0x00000098       0x20 build/default/debug/I2C_driver.o
 .debug_aranges
                0x000000b8       0x20 build/default/debug/HT16_leds_driver.o
 .debug_aranges
                0x000000d8       0x20 build/default/debug/HT16_keys_driver.o
 .debug_aranges
                0x000000f8       0x20 build/default/debug/EEPROM_driver.o
 .debug_aranges
                0x00000118       0x20 build/default/debug/SDCARD_driver.o
 .debug_aranges
                0x00000138       0x20 build/default/debug/encoders_driver.o
 .debug_aranges
                0x00000158       0x20 build/default/debug/timers_driver.o
 .debug_aranges
                0x00000178       0x20 build/default/debug/bpm.o
 .debug_aranges
                0x00000198       0x20 build/default/debug/input_handler.o
 .debug_aranges
                0x000001b8       0x20 build/default/debug/LCD_templates.o
 .debug_aranges
                0x000001d8       0x20 build/default/debug/MIDI.o
 .debug_aranges
                0x000001f8       0x20 build/default/debug/sequencer.o
 .debug_aranges
                0x00000218       0x20 build/default/debug/output_handler.o
 .debug_aranges
                0x00000238       0x20 build/default/debug/notes.o
 .debug_aranges
                0x00000258       0x18 build/default/debug/mappings.o
 .debug_aranges
                0x00000270       0x20 build/default/debug/storage_transfer.o
 .debug_aranges
                0x00000290       0x20 build/default/debug/memory_and_save.o
 .debug_aranges
                0x000002b0       0x20 build/default/debug/main.o
 .debug_aranges
                0x000002d0       0x20 build/default/debug/init.o
 .debug_aranges
                0x000002f0       0x40 /var/folders/yw/jj0xjw210_lgc3s7h59842vw0000gn/T//ccni3F0S.o
 .debug_aranges
                0x00000330       0x20 /Applications/microchip/xc32/v2.15/bin/bin/../../lib/gcc/pic32mx/4.8.3/libgcc.a(floatunsisf.o)
 .debug_aranges
                0x00000350       0x20 /Applications/microchip/xc32/v2.15/bin/bin/../../lib/gcc/pic32mx/4.8.3/../../../../pic32mx/lib/libpic32.a(default-bootstrap-exception-handler.o)
 .debug_aranges
                0x00000370       0x20 /Applications/microchip/xc32/v2.15/bin/bin/../../lib/gcc/pic32mx/4.8.3/../../../../pic32mx/lib/libpic32.a(default-on-reset.o)
 .debug_aranges
                0x00000390       0x20 /Applications/microchip/xc32/v2.15/bin/bin/../../lib/gcc/pic32mx/4.8.3/../../../../pic32mx/lib/libpic32.a(default-on-bootstrap.o)
 .debug_aranges
                0x000003b0       0x20 /Applications/microchip/xc32/v2.15/bin/bin/../../lib/gcc/pic32mx/4.8.3/../../../../pic32mx/lib/libpic32.a(default-general-exception-handler.o)
 .debug_aranges
                0x000003d0       0x20 /Applications/microchip/xc32/v2.15/bin/bin/../../lib/gcc/pic32mx/4.8.3/../../../../pic32mx/lib/libpic32.a(defaultinterrupt.o)
 .debug_aranges
                0x000003f0       0x20 /Applications/microchip/xc32/v2.15/bin/bin/../../lib/gcc/pic32mx/4.8.3/../../../../pic32mx/lib/libc.a(snprintf_cdfFnopsuxX.eo)
 .debug_aranges
                0x00000410       0x20 /Applications/microchip/xc32/v2.15/bin/bin/../../lib/gcc/pic32mx/4.8.3/../../../../pic32mx/lib/libc.a(vsnprintf_cdfFnopsuxX.eo)
 .debug_aranges
                0x00000430       0x28 /Applications/microchip/xc32/v2.15/bin/bin/../../lib/gcc/pic32mx/4.8.3/../../../../pic32mx/lib/libc.a(doprnt_cdfFnopsuxX.eo)
 .debug_aranges
                0x00000458       0x20 /Applications/microchip/xc32/v2.15/bin/bin/../../lib/gcc/pic32mx/4.8.3/../../../../pic32mx/lib/libc.a(_fputc_simple.o)
 .debug_aranges
                0x00000478       0x20 /Applications/microchip/xc32/v2.15/bin/bin/../../lib/gcc/pic32mx/4.8.3/../../../../pic32mx/lib/libc.a(_flsbuf_simple.o)
 .debug_aranges
                0x00000498       0x20 /Applications/microchip/xc32/v2.15/bin/bin/../../lib/gcc/pic32mx/4.8.3/../../../../pic32mx/lib/libe.a(_fixunsdfdi.o)
 .debug_aranges
                0x000004b8       0x20 /Applications/microchip/xc32/v2.15/bin/bin/../../lib/gcc/pic32mx/4.8.3/../../../../pic32mx/lib/libe.a(_orderdf2.o)
 .debug_aranges
                0x000004d8       0x20 /Applications/microchip/xc32/v2.15/bin/bin/../../lib/gcc/pic32mx/4.8.3/../../../../pic32mx/lib/libe.a(_fixdfdi.o)
 .debug_aranges
                0x000004f8       0x20 /Applications/microchip/xc32/v2.15/bin/bin/../../lib/gcc/pic32mx/4.8.3/libgcc.a(_floatundidf.o)
 .debug_aranges
                0x00000518       0x20 /Applications/microchip/xc32/v2.15/bin/bin/../../lib/gcc/pic32mx/4.8.3/libgcc.a(_udivdi3.o)
 .debug_aranges
                0x00000538       0x20 /Applications/microchip/xc32/v2.15/bin/bin/../../lib/gcc/pic32mx/4.8.3/libgcc.a(_umoddi3.o)
 .debug_aranges
                0x00000558       0x20 /Applications/microchip/xc32/v2.15/bin/bin/../../lib/gcc/pic32mx/4.8.3/libgcc.a(floatunsidf.o)
 .debug_aranges
                0x00000578       0x20 /Applications/microchip/xc32/v2.15/bin/bin/../../lib/gcc/pic32mx/4.8.3/../../../../pic32mx/lib/libpic32.a(write.o)
 .debug_aranges
                0x00000598       0x20 /Applications/microchip/xc32/v2.15/bin/bin/../../lib/gcc/pic32mx/4.8.3/../../../../pic32mx/lib/libpic32.a(_mon_putc.o)

.debug_pubnames
 *(.debug_pubnames)

.debug_info     0x00000000    0x1ba2d
 *(.debug_info .gnu.linkonce.wi.*)
 .debug_info    0x00000000      0x10e /Applications/microchip/xc32/v2.15/bin/bin/../../lib/gcc/pic32mx/4.8.3/../../../../pic32mx/lib/software-debug-break.o
 .debug_info    0x0000010e      0x11b build/default/debug/config.o
 .debug_info    0x00000229     0x1037 build/default/debug/SPI_driver.o
 .debug_info    0x00001260      0xe17 build/default/debug/UART_driver.o
 .debug_info    0x00002077     0x222f build/default/debug/LCD_driver.o
 .debug_info    0x000042a6     0x16d6 build/default/debug/I2C_driver.o
 .debug_info    0x0000597c      0x9ab build/default/debug/HT16_leds_driver.o
 .debug_info    0x00006327     0x1956 build/default/debug/HT16_keys_driver.o
 .debug_info    0x00007c7d     0x13c3 build/default/debug/EEPROM_driver.o
 .debug_info    0x00009040     0x1beb build/default/debug/SDCARD_driver.o
 .debug_info    0x0000ac2b     0x2224 build/default/debug/encoders_driver.o
 .debug_info    0x0000ce4f      0x9fd build/default/debug/timers_driver.o
 .debug_info    0x0000d84c      0xf7d build/default/debug/bpm.o
 .debug_info    0x0000e7c9     0x258c build/default/debug/input_handler.o
 .debug_info    0x00010d55     0x1688 build/default/debug/LCD_templates.o
 .debug_info    0x000123dd      0x4e3 build/default/debug/MIDI.o
 .debug_info    0x000128c0     0x12a5 build/default/debug/sequencer.o
 .debug_info    0x00013b65      0xd27 build/default/debug/output_handler.o
 .debug_info    0x0001488c      0xad3 build/default/debug/notes.o
 .debug_info    0x0001535f      0x205 build/default/debug/mappings.o
 .debug_info    0x00015564      0xd25 build/default/debug/storage_transfer.o
 .debug_info    0x00016289     0x12c6 build/default/debug/memory_and_save.o
 .debug_info    0x0001754f     0x112f build/default/debug/main.o
 .debug_info    0x0001867e      0xed2 build/default/debug/init.o
 .debug_info    0x00019550       0xc1 /var/folders/yw/jj0xjw210_lgc3s7h59842vw0000gn/T//ccni3F0S.o
 .debug_info    0x00019611      0x159 /Applications/microchip/xc32/v2.15/bin/bin/../../lib/gcc/pic32mx/4.8.3/libgcc.a(floatunsisf.o)
 .debug_info    0x0001976a      0x11f /Applications/microchip/xc32/v2.15/bin/bin/../../lib/gcc/pic32mx/4.8.3/../../../../pic32mx/lib/libpic32.a(default-bootstrap-exception-handler.o)
 .debug_info    0x00019889       0xf8 /Applications/microchip/xc32/v2.15/bin/bin/../../lib/gcc/pic32mx/4.8.3/../../../../pic32mx/lib/libpic32.a(default-on-reset.o)
 .debug_info    0x00019981      0x100 /Applications/microchip/xc32/v2.15/bin/bin/../../lib/gcc/pic32mx/4.8.3/../../../../pic32mx/lib/libpic32.a(default-on-bootstrap.o)
 .debug_info    0x00019a81      0x11b /Applications/microchip/xc32/v2.15/bin/bin/../../lib/gcc/pic32mx/4.8.3/../../../../pic32mx/lib/libpic32.a(default-general-exception-handler.o)
 .debug_info    0x00019b9c      0x112 /Applications/microchip/xc32/v2.15/bin/bin/../../lib/gcc/pic32mx/4.8.3/../../../../pic32mx/lib/libpic32.a(defaultinterrupt.o)
 .debug_info    0x00019cae      0x101 /Applications/microchip/xc32/v2.15/bin/bin/../../lib/gcc/pic32mx/4.8.3/../../../../pic32mx/lib/libc.a(snprintf_cdfFnopsuxX.eo)
 .debug_info    0x00019daf      0x103 /Applications/microchip/xc32/v2.15/bin/bin/../../lib/gcc/pic32mx/4.8.3/../../../../pic32mx/lib/libc.a(vsnprintf_cdfFnopsuxX.eo)
 .debug_info    0x00019eb2      0x127 /Applications/microchip/xc32/v2.15/bin/bin/../../lib/gcc/pic32mx/4.8.3/../../../../pic32mx/lib/libc.a(doprnt_cdfFnopsuxX.eo)
 .debug_info    0x00019fd9       0xee /Applications/microchip/xc32/v2.15/bin/bin/../../lib/gcc/pic32mx/4.8.3/../../../../pic32mx/lib/libc.a(_fputc_simple.o)
 .debug_info    0x0001a0c7       0xf1 /Applications/microchip/xc32/v2.15/bin/bin/../../lib/gcc/pic32mx/4.8.3/../../../../pic32mx/lib/libc.a(_flsbuf_simple.o)
 .debug_info    0x0001a1b8       0xf9 /Applications/microchip/xc32/v2.15/bin/bin/../../lib/gcc/pic32mx/4.8.3/../../../../pic32mx/lib/libe.a(_fixunsdfdi.o)
 .debug_info    0x0001a2b1       0xe5 /Applications/microchip/xc32/v2.15/bin/bin/../../lib/gcc/pic32mx/4.8.3/../../../../pic32mx/lib/libe.a(_orderdf2.o)
 .debug_info    0x0001a396       0xe4 /Applications/microchip/xc32/v2.15/bin/bin/../../lib/gcc/pic32mx/4.8.3/../../../../pic32mx/lib/libe.a(_fixdfdi.o)
 .debug_info    0x0001a47a      0x2b6 /Applications/microchip/xc32/v2.15/bin/bin/../../lib/gcc/pic32mx/4.8.3/libgcc.a(_floatundidf.o)
 .debug_info    0x0001a730      0x7bc /Applications/microchip/xc32/v2.15/bin/bin/../../lib/gcc/pic32mx/4.8.3/libgcc.a(_udivdi3.o)
 .debug_info    0x0001aeec      0x7f9 /Applications/microchip/xc32/v2.15/bin/bin/../../lib/gcc/pic32mx/4.8.3/libgcc.a(_umoddi3.o)
 .debug_info    0x0001b6e5      0x16c /Applications/microchip/xc32/v2.15/bin/bin/../../lib/gcc/pic32mx/4.8.3/libgcc.a(floatunsidf.o)
 .debug_info    0x0001b851       0xea /Applications/microchip/xc32/v2.15/bin/bin/../../lib/gcc/pic32mx/4.8.3/../../../../pic32mx/lib/libpic32.a(write.o)
 .debug_info    0x0001b93b       0xf2 /Applications/microchip/xc32/v2.15/bin/bin/../../lib/gcc/pic32mx/4.8.3/../../../../pic32mx/lib/libpic32.a(_mon_putc.o)

.debug_abbrev   0x00000000     0x2f5e
 *(.debug_abbrev)
 .debug_abbrev  0x00000000       0x28 /Applications/microchip/xc32/v2.15/bin/bin/../../lib/gcc/pic32mx/4.8.3/../../../../pic32mx/lib/software-debug-break.o
 .debug_abbrev  0x00000028       0x1b build/default/debug/config.o
 .debug_abbrev  0x00000043      0x1e1 build/default/debug/SPI_driver.o
 .debug_abbrev  0x00000224      0x1ac build/default/debug/UART_driver.o
 .debug_abbrev  0x000003d0      0x2b2 build/default/debug/LCD_driver.o
 .debug_abbrev  0x00000682      0x263 build/default/debug/I2C_driver.o
 .debug_abbrev  0x000008e5      0x17a build/default/debug/HT16_leds_driver.o
 .debug_abbrev  0x00000a5f      0x214 build/default/debug/HT16_keys_driver.o
 .debug_abbrev  0x00000c73      0x1f4 build/default/debug/EEPROM_driver.o
 .debug_abbrev  0x00000e67      0x2cc build/default/debug/SDCARD_driver.o
 .debug_abbrev  0x00001133      0x1b1 build/default/debug/encoders_driver.o
 .debug_abbrev  0x000012e4      0x1a2 build/default/debug/timers_driver.o
 .debug_abbrev  0x00001486      0x1c7 build/default/debug/bpm.o
 .debug_abbrev  0x0000164d      0x2b3 build/default/debug/input_handler.o
 .debug_abbrev  0x00001900      0x210 build/default/debug/LCD_templates.o
 .debug_abbrev  0x00001b10      0x142 build/default/debug/MIDI.o
 .debug_abbrev  0x00001c52      0x226 build/default/debug/sequencer.o
 .debug_abbrev  0x00001e78      0x190 build/default/debug/output_handler.o
 .debug_abbrev  0x00002008      0x178 build/default/debug/notes.o
 .debug_abbrev  0x00002180       0x7e build/default/debug/mappings.o
 .debug_abbrev  0x000021fe      0x180 build/default/debug/storage_transfer.o
 .debug_abbrev  0x0000237e      0x21a build/default/debug/memory_and_save.o
 .debug_abbrev  0x00002598      0x1bc build/default/debug/main.o
 .debug_abbrev  0x00002754      0x1cd build/default/debug/init.o
 .debug_abbrev  0x00002921       0x12 /var/folders/yw/jj0xjw210_lgc3s7h59842vw0000gn/T//ccni3F0S.o
 .debug_abbrev  0x00002933       0x62 /Applications/microchip/xc32/v2.15/bin/bin/../../lib/gcc/pic32mx/4.8.3/libgcc.a(floatunsisf.o)
 .debug_abbrev  0x00002995       0x28 /Applications/microchip/xc32/v2.15/bin/bin/../../lib/gcc/pic32mx/4.8.3/../../../../pic32mx/lib/libpic32.a(default-bootstrap-exception-handler.o)
 .debug_abbrev  0x000029bd       0x28 /Applications/microchip/xc32/v2.15/bin/bin/../../lib/gcc/pic32mx/4.8.3/../../../../pic32mx/lib/libpic32.a(default-on-reset.o)
 .debug_abbrev  0x000029e5       0x28 /Applications/microchip/xc32/v2.15/bin/bin/../../lib/gcc/pic32mx/4.8.3/../../../../pic32mx/lib/libpic32.a(default-on-bootstrap.o)
 .debug_abbrev  0x00002a0d       0x28 /Applications/microchip/xc32/v2.15/bin/bin/../../lib/gcc/pic32mx/4.8.3/../../../../pic32mx/lib/libpic32.a(default-general-exception-handler.o)
 .debug_abbrev  0x00002a35       0x28 /Applications/microchip/xc32/v2.15/bin/bin/../../lib/gcc/pic32mx/4.8.3/../../../../pic32mx/lib/libpic32.a(defaultinterrupt.o)
 .debug_abbrev  0x00002a5d       0x28 /Applications/microchip/xc32/v2.15/bin/bin/../../lib/gcc/pic32mx/4.8.3/../../../../pic32mx/lib/libc.a(snprintf_cdfFnopsuxX.eo)
 .debug_abbrev  0x00002a85       0x28 /Applications/microchip/xc32/v2.15/bin/bin/../../lib/gcc/pic32mx/4.8.3/../../../../pic32mx/lib/libc.a(vsnprintf_cdfFnopsuxX.eo)
 .debug_abbrev  0x00002aad       0x45 /Applications/microchip/xc32/v2.15/bin/bin/../../lib/gcc/pic32mx/4.8.3/../../../../pic32mx/lib/libc.a(doprnt_cdfFnopsuxX.eo)
 .debug_abbrev  0x00002af2       0x28 /Applications/microchip/xc32/v2.15/bin/bin/../../lib/gcc/pic32mx/4.8.3/../../../../pic32mx/lib/libc.a(_fputc_simple.o)
 .debug_abbrev  0x00002b1a       0x28 /Applications/microchip/xc32/v2.15/bin/bin/../../lib/gcc/pic32mx/4.8.3/../../../../pic32mx/lib/libc.a(_flsbuf_simple.o)
 .debug_abbrev  0x00002b42       0x37 /Applications/microchip/xc32/v2.15/bin/bin/../../lib/gcc/pic32mx/4.8.3/../../../../pic32mx/lib/libe.a(_fixunsdfdi.o)
 .debug_abbrev  0x00002b79       0x28 /Applications/microchip/xc32/v2.15/bin/bin/../../lib/gcc/pic32mx/4.8.3/../../../../pic32mx/lib/libe.a(_orderdf2.o)
 .debug_abbrev  0x00002ba1       0x28 /Applications/microchip/xc32/v2.15/bin/bin/../../lib/gcc/pic32mx/4.8.3/../../../../pic32mx/lib/libe.a(_fixdfdi.o)
 .debug_abbrev  0x00002bc9       0x64 /Applications/microchip/xc32/v2.15/bin/bin/../../lib/gcc/pic32mx/4.8.3/libgcc.a(_floatundidf.o)
 .debug_abbrev  0x00002c2d      0x138 /Applications/microchip/xc32/v2.15/bin/bin/../../lib/gcc/pic32mx/4.8.3/libgcc.a(_udivdi3.o)
 .debug_abbrev  0x00002d65      0x147 /Applications/microchip/xc32/v2.15/bin/bin/../../lib/gcc/pic32mx/4.8.3/libgcc.a(_umoddi3.o)
 .debug_abbrev  0x00002eac       0x62 /Applications/microchip/xc32/v2.15/bin/bin/../../lib/gcc/pic32mx/4.8.3/libgcc.a(floatunsidf.o)
 .debug_abbrev  0x00002f0e       0x28 /Applications/microchip/xc32/v2.15/bin/bin/../../lib/gcc/pic32mx/4.8.3/../../../../pic32mx/lib/libpic32.a(write.o)
 .debug_abbrev  0x00002f36       0x28 /Applications/microchip/xc32/v2.15/bin/bin/../../lib/gcc/pic32mx/4.8.3/../../../../pic32mx/lib/libpic32.a(_mon_putc.o)

.debug_line     0x00000000     0x35f9
 *(.debug_line)
 .debug_line    0x00000000       0xc4 /Applications/microchip/xc32/v2.15/bin/bin/../../lib/gcc/pic32mx/4.8.3/../../../../pic32mx/lib/software-debug-break.o
 .debug_line    0x000000c4       0x1d build/default/debug/config.o
 .debug_line    0x000000e1      0x1d3 build/default/debug/SPI_driver.o
 .debug_line    0x000002b4      0x15d build/default/debug/UART_driver.o
 .debug_line    0x00000411      0x281 build/default/debug/LCD_driver.o
 .debug_line    0x00000692      0x22e build/default/debug/I2C_driver.o
 .debug_line    0x000008c0       0xc2 build/default/debug/HT16_leds_driver.o
 .debug_line    0x00000982      0x1c7 build/default/debug/HT16_keys_driver.o
 .debug_line    0x00000b49      0x211 build/default/debug/EEPROM_driver.o
 .debug_line    0x00000d5a      0x2be build/default/debug/SDCARD_driver.o
 .debug_line    0x00001018      0x1bc build/default/debug/encoders_driver.o
 .debug_line    0x000011d4      0x168 build/default/debug/timers_driver.o
 .debug_line    0x0000133c      0x16c build/default/debug/bpm.o
 .debug_line    0x000014a8      0x34a build/default/debug/input_handler.o
 .debug_line    0x000017f2      0x1e9 build/default/debug/LCD_templates.o
 .debug_line    0x000019db       0xb4 build/default/debug/MIDI.o
 .debug_line    0x00001a8f      0x1b5 build/default/debug/sequencer.o
 .debug_line    0x00001c44      0x141 build/default/debug/output_handler.o
 .debug_line    0x00001d85      0x109 build/default/debug/notes.o
 .debug_line    0x00001e8e       0x68 build/default/debug/mappings.o
 .debug_line    0x00001ef6      0x117 build/default/debug/storage_transfer.o
 .debug_line    0x0000200d      0x248 build/default/debug/memory_and_save.o
 .debug_line    0x00002255      0x134 build/default/debug/main.o
 .debug_line    0x00002389      0x1b0 build/default/debug/init.o
 .debug_line    0x00002539      0x14f /var/folders/yw/jj0xjw210_lgc3s7h59842vw0000gn/T//ccni3F0S.o
 .debug_line    0x00002688       0xc4 /Applications/microchip/xc32/v2.15/bin/bin/../../lib/gcc/pic32mx/4.8.3/libgcc.a(floatunsisf.o)
 .debug_line    0x0000274c       0xd1 /Applications/microchip/xc32/v2.15/bin/bin/../../lib/gcc/pic32mx/4.8.3/../../../../pic32mx/lib/libpic32.a(default-bootstrap-exception-handler.o)
 .debug_line    0x0000281d       0xbe /Applications/microchip/xc32/v2.15/bin/bin/../../lib/gcc/pic32mx/4.8.3/../../../../pic32mx/lib/libpic32.a(default-on-reset.o)
 .debug_line    0x000028db       0xc2 /Applications/microchip/xc32/v2.15/bin/bin/../../lib/gcc/pic32mx/4.8.3/../../../../pic32mx/lib/libpic32.a(default-on-bootstrap.o)
 .debug_line    0x0000299d       0xcf /Applications/microchip/xc32/v2.15/bin/bin/../../lib/gcc/pic32mx/4.8.3/../../../../pic32mx/lib/libpic32.a(default-general-exception-handler.o)
 .debug_line    0x00002a6c       0xd0 /Applications/microchip/xc32/v2.15/bin/bin/../../lib/gcc/pic32mx/4.8.3/../../../../pic32mx/lib/libpic32.a(defaultinterrupt.o)
 .debug_line    0x00002b3c       0xac /Applications/microchip/xc32/v2.15/bin/bin/../../lib/gcc/pic32mx/4.8.3/../../../../pic32mx/lib/libc.a(snprintf_cdfFnopsuxX.eo)
 .debug_line    0x00002be8       0xad /Applications/microchip/xc32/v2.15/bin/bin/../../lib/gcc/pic32mx/4.8.3/../../../../pic32mx/lib/libc.a(vsnprintf_cdfFnopsuxX.eo)
 .debug_line    0x00002c95       0xaa /Applications/microchip/xc32/v2.15/bin/bin/../../lib/gcc/pic32mx/4.8.3/../../../../pic32mx/lib/libc.a(doprnt_cdfFnopsuxX.eo)
 .debug_line    0x00002d3f       0xa9 /Applications/microchip/xc32/v2.15/bin/bin/../../lib/gcc/pic32mx/4.8.3/../../../../pic32mx/lib/libc.a(_fputc_simple.o)
 .debug_line    0x00002de8        0x0 /Applications/microchip/xc32/v2.15/bin/bin/../../lib/gcc/pic32mx/4.8.3/../../../../pic32mx/lib/libc.a(ctype.o)
 .debug_line    0x00002de8        0x0 /Applications/microchip/xc32/v2.15/bin/bin/../../lib/gcc/pic32mx/4.8.3/../../../../pic32mx/lib/libc.a(ldpowers.o)
 .debug_line    0x00002de8        0x0 /Applications/microchip/xc32/v2.15/bin/bin/../../lib/gcc/pic32mx/4.8.3/../../../../pic32mx/lib/libc.a(_iob.o)
 .debug_line    0x00002de8       0xaa /Applications/microchip/xc32/v2.15/bin/bin/../../lib/gcc/pic32mx/4.8.3/../../../../pic32mx/lib/libc.a(_flsbuf_simple.o)
 .debug_line    0x00002e92       0xad /Applications/microchip/xc32/v2.15/bin/bin/../../lib/gcc/pic32mx/4.8.3/../../../../pic32mx/lib/libe.a(_fixunsdfdi.o)
 .debug_line    0x00002f3f       0xac /Applications/microchip/xc32/v2.15/bin/bin/../../lib/gcc/pic32mx/4.8.3/../../../../pic32mx/lib/libe.a(_orderdf2.o)
 .debug_line    0x00002feb       0xac /Applications/microchip/xc32/v2.15/bin/bin/../../lib/gcc/pic32mx/4.8.3/../../../../pic32mx/lib/libe.a(_fixdfdi.o)
 .debug_line    0x00003097       0xd5 /Applications/microchip/xc32/v2.15/bin/bin/../../lib/gcc/pic32mx/4.8.3/libgcc.a(_floatundidf.o)
 .debug_line    0x0000316c      0x127 /Applications/microchip/xc32/v2.15/bin/bin/../../lib/gcc/pic32mx/4.8.3/libgcc.a(_udivdi3.o)
 .debug_line    0x00003293      0x139 /Applications/microchip/xc32/v2.15/bin/bin/../../lib/gcc/pic32mx/4.8.3/libgcc.a(_umoddi3.o)
 .debug_line    0x000033cc       0xc3 /Applications/microchip/xc32/v2.15/bin/bin/../../lib/gcc/pic32mx/4.8.3/libgcc.a(floatunsidf.o)
 .debug_line    0x0000348f       0xb3 /Applications/microchip/xc32/v2.15/bin/bin/../../lib/gcc/pic32mx/4.8.3/../../../../pic32mx/lib/libpic32.a(write.o)
 .debug_line    0x00003542       0xb7 /Applications/microchip/xc32/v2.15/bin/bin/../../lib/gcc/pic32mx/4.8.3/../../../../pic32mx/lib/libpic32.a(_mon_putc.o)
 .debug_line    0x000035f9        0x0 /Applications/microchip/xc32/v2.15/bin/bin/../../lib/gcc/pic32mx/4.8.3/../../../../pic32mx/lib/libpic32.a(xc32_uart.o)

.debug_frame    0x00000000     0x18c8
 *(.debug_frame)
 .debug_frame   0x00000000       0x20 /Applications/microchip/xc32/v2.15/bin/bin/../../lib/gcc/pic32mx/4.8.3/../../../../pic32mx/lib/software-debug-break.o
 .debug_frame   0x00000020      0x128 build/default/debug/SPI_driver.o
 .debug_frame   0x00000148      0x100 build/default/debug/UART_driver.o
 .debug_frame   0x00000248      0x254 build/default/debug/LCD_driver.o
 .debug_frame   0x0000049c      0x1a4 build/default/debug/I2C_driver.o
 .debug_frame   0x00000640       0xa4 build/default/debug/HT16_leds_driver.o
 .debug_frame   0x000006e4      0x110 build/default/debug/HT16_keys_driver.o
 .debug_frame   0x000007f4       0xec build/default/debug/EEPROM_driver.o
 .debug_frame   0x000008e0      0x10c build/default/debug/SDCARD_driver.o
 .debug_frame   0x000009ec      0x18c build/default/debug/encoders_driver.o
 .debug_frame   0x00000b78      0x104 build/default/debug/timers_driver.o
 .debug_frame   0x00000c7c      0x108 build/default/debug/bpm.o
 .debug_frame   0x00000d84      0x1c8 build/default/debug/input_handler.o
 .debug_frame   0x00000f4c       0x90 build/default/debug/LCD_templates.o
 .debug_frame   0x00000fdc       0x70 build/default/debug/MIDI.o
 .debug_frame   0x0000104c      0x124 build/default/debug/sequencer.o
 .debug_frame   0x00001170       0x74 build/default/debug/output_handler.o
 .debug_frame   0x000011e4       0xd0 build/default/debug/notes.o
 .debug_frame   0x000012b4       0xd0 build/default/debug/storage_transfer.o
 .debug_frame   0x00001384      0x150 build/default/debug/memory_and_save.o
 .debug_frame   0x000014d4       0x2c build/default/debug/main.o
 .debug_frame   0x00001500       0x90 build/default/debug/init.o
 .debug_frame   0x00001590       0x28 /Applications/microchip/xc32/v2.15/bin/bin/../../lib/gcc/pic32mx/4.8.3/libgcc.a(floatunsisf.o)
 .debug_frame   0x000015b8       0x2c /Applications/microchip/xc32/v2.15/bin/bin/../../lib/gcc/pic32mx/4.8.3/../../../../pic32mx/lib/libpic32.a(default-bootstrap-exception-handler.o)
 .debug_frame   0x000015e4       0x20 /Applications/microchip/xc32/v2.15/bin/bin/../../lib/gcc/pic32mx/4.8.3/../../../../pic32mx/lib/libpic32.a(default-on-reset.o)
 .debug_frame   0x00001604       0x20 /Applications/microchip/xc32/v2.15/bin/bin/../../lib/gcc/pic32mx/4.8.3/../../../../pic32mx/lib/libpic32.a(default-on-bootstrap.o)
 .debug_frame   0x00001624       0x2c /Applications/microchip/xc32/v2.15/bin/bin/../../lib/gcc/pic32mx/4.8.3/../../../../pic32mx/lib/libpic32.a(default-general-exception-handler.o)
 .debug_frame   0x00001650       0x20 /Applications/microchip/xc32/v2.15/bin/bin/../../lib/gcc/pic32mx/4.8.3/../../../../pic32mx/lib/libpic32.a(defaultinterrupt.o)
 .debug_frame   0x00001670       0x28 /Applications/microchip/xc32/v2.15/bin/bin/../../lib/gcc/pic32mx/4.8.3/../../../../pic32mx/lib/libc.a(snprintf_cdfFnopsuxX.eo)
 .debug_frame   0x00001698       0x28 /Applications/microchip/xc32/v2.15/bin/bin/../../lib/gcc/pic32mx/4.8.3/../../../../pic32mx/lib/libc.a(vsnprintf_cdfFnopsuxX.eo)
 .debug_frame   0x000016c0       0x58 /Applications/microchip/xc32/v2.15/bin/bin/../../lib/gcc/pic32mx/4.8.3/../../../../pic32mx/lib/libc.a(doprnt_cdfFnopsuxX.eo)
 .debug_frame   0x00001718       0x2c /Applications/microchip/xc32/v2.15/bin/bin/../../lib/gcc/pic32mx/4.8.3/../../../../pic32mx/lib/libc.a(_fputc_simple.o)
 .debug_frame   0x00001744       0x28 /Applications/microchip/xc32/v2.15/bin/bin/../../lib/gcc/pic32mx/4.8.3/../../../../pic32mx/lib/libc.a(_flsbuf_simple.o)
 .debug_frame   0x0000176c       0x2c /Applications/microchip/xc32/v2.15/bin/bin/../../lib/gcc/pic32mx/4.8.3/../../../../pic32mx/lib/libe.a(_fixunsdfdi.o)
 .debug_frame   0x00001798       0x20 /Applications/microchip/xc32/v2.15/bin/bin/../../lib/gcc/pic32mx/4.8.3/../../../../pic32mx/lib/libe.a(_orderdf2.o)
 .debug_frame   0x000017b8       0x20 /Applications/microchip/xc32/v2.15/bin/bin/../../lib/gcc/pic32mx/4.8.3/../../../../pic32mx/lib/libe.a(_fixdfdi.o)
 .debug_frame   0x000017d8       0x28 /Applications/microchip/xc32/v2.15/bin/bin/../../lib/gcc/pic32mx/4.8.3/libgcc.a(_floatundidf.o)
 .debug_frame   0x00001800       0x20 /Applications/microchip/xc32/v2.15/bin/bin/../../lib/gcc/pic32mx/4.8.3/libgcc.a(_udivdi3.o)
 .debug_frame   0x00001820       0x20 /Applications/microchip/xc32/v2.15/bin/bin/../../lib/gcc/pic32mx/4.8.3/libgcc.a(_umoddi3.o)
 .debug_frame   0x00001840       0x28 /Applications/microchip/xc32/v2.15/bin/bin/../../lib/gcc/pic32mx/4.8.3/libgcc.a(floatunsidf.o)
 .debug_frame   0x00001868       0x38 /Applications/microchip/xc32/v2.15/bin/bin/../../lib/gcc/pic32mx/4.8.3/../../../../pic32mx/lib/libpic32.a(write.o)
 .debug_frame   0x000018a0       0x28 /Applications/microchip/xc32/v2.15/bin/bin/../../lib/gcc/pic32mx/4.8.3/../../../../pic32mx/lib/libpic32.a(_mon_putc.o)

.debug_str      0x00000000      0x6fd
 *(.debug_str)
 .debug_str     0x00000000        0x0 /Applications/microchip/xc32/v2.15/bin/bin/../../lib/gcc/pic32mx/4.8.3/../../../../pic32mx/lib/software-debug-break.o
 .debug_str     0x00000000        0x0 build/default/debug/config.o
 .debug_str     0x00000000       0x9c build/default/debug/SPI_driver.o
 .debug_str     0x0000009c        0x0 build/default/debug/UART_driver.o
 .debug_str     0x0000009c       0x12 build/default/debug/LCD_driver.o
 .debug_str     0x000000ae       0x1d build/default/debug/I2C_driver.o
 .debug_str     0x000000cb       0x14 build/default/debug/HT16_leds_driver.o
 .debug_str     0x000000df       0x2c build/default/debug/HT16_keys_driver.o
 .debug_str     0x0000010b       0x35 build/default/debug/EEPROM_driver.o
 .debug_str     0x00000140       0x2d build/default/debug/SDCARD_driver.o
 .debug_str     0x0000016d       0x1b build/default/debug/encoders_driver.o
 .debug_str     0x00000188        0x0 build/default/debug/timers_driver.o
 .debug_str     0x00000188        0x0 build/default/debug/bpm.o
 .debug_str     0x00000188      0x16e build/default/debug/input_handler.o
 .debug_str     0x000002f6       0x48 build/default/debug/LCD_templates.o
 .debug_str     0x0000033e       0x1c build/default/debug/MIDI.o
 .debug_str     0x0000035a       0x5d build/default/debug/sequencer.o
 .debug_str     0x000003b7        0xb build/default/debug/output_handler.o
 .debug_str     0x000003c2        0x0 build/default/debug/notes.o
 .debug_str     0x000003c2        0x0 build/default/debug/mappings.o
 .debug_str     0x000003c2       0xa5 build/default/debug/storage_transfer.o
 .debug_str     0x00000467       0x83 build/default/debug/memory_and_save.o
 .debug_str     0x000004ea       0xdc build/default/debug/main.o
 .debug_str     0x000005c6      0x137 build/default/debug/init.o
 .debug_str     0x000006fd        0x0 /Applications/microchip/xc32/v2.15/bin/bin/../../lib/gcc/pic32mx/4.8.3/libgcc.a(floatunsisf.o)
 .debug_str     0x000006fd        0x0 /Applications/microchip/xc32/v2.15/bin/bin/../../lib/gcc/pic32mx/4.8.3/../../../../pic32mx/lib/libpic32.a(default-bootstrap-exception-handler.o)
 .debug_str     0x000006fd        0x0 /Applications/microchip/xc32/v2.15/bin/bin/../../lib/gcc/pic32mx/4.8.3/../../../../pic32mx/lib/libpic32.a(default-on-reset.o)
 .debug_str     0x000006fd        0x0 /Applications/microchip/xc32/v2.15/bin/bin/../../lib/gcc/pic32mx/4.8.3/../../../../pic32mx/lib/libpic32.a(default-on-bootstrap.o)
 .debug_str     0x000006fd        0x0 /Applications/microchip/xc32/v2.15/bin/bin/../../lib/gcc/pic32mx/4.8.3/../../../../pic32mx/lib/libpic32.a(default-general-exception-handler.o)
 .debug_str     0x000006fd        0x0 /Applications/microchip/xc32/v2.15/bin/bin/../../lib/gcc/pic32mx/4.8.3/../../../../pic32mx/lib/libpic32.a(defaultinterrupt.o)
 .debug_str     0x000006fd        0x0 /Applications/microchip/xc32/v2.15/bin/bin/../../lib/gcc/pic32mx/4.8.3/../../../../pic32mx/lib/libc.a(snprintf_cdfFnopsuxX.eo)
 .debug_str     0x000006fd        0x0 /Applications/microchip/xc32/v2.15/bin/bin/../../lib/gcc/pic32mx/4.8.3/../../../../pic32mx/lib/libc.a(vsnprintf_cdfFnopsuxX.eo)
 .debug_str     0x000006fd        0x0 /Applications/microchip/xc32/v2.15/bin/bin/../../lib/gcc/pic32mx/4.8.3/../../../../pic32mx/lib/libc.a(doprnt_cdfFnopsuxX.eo)
 .debug_str     0x000006fd        0x0 /Applications/microchip/xc32/v2.15/bin/bin/../../lib/gcc/pic32mx/4.8.3/../../../../pic32mx/lib/libc.a(_fputc_simple.o)
 .debug_str     0x000006fd        0x0 /Applications/microchip/xc32/v2.15/bin/bin/../../lib/gcc/pic32mx/4.8.3/../../../../pic32mx/lib/libc.a(ctype.o)
 .debug_str     0x000006fd        0x0 /Applications/microchip/xc32/v2.15/bin/bin/../../lib/gcc/pic32mx/4.8.3/../../../../pic32mx/lib/libc.a(ldpowers.o)
 .debug_str     0x000006fd        0x0 /Applications/microchip/xc32/v2.15/bin/bin/../../lib/gcc/pic32mx/4.8.3/../../../../pic32mx/lib/libc.a(_iob.o)
 .debug_str     0x000006fd        0x0 /Applications/microchip/xc32/v2.15/bin/bin/../../lib/gcc/pic32mx/4.8.3/../../../../pic32mx/lib/libc.a(_flsbuf_simple.o)
 .debug_str     0x000006fd        0x0 /Applications/microchip/xc32/v2.15/bin/bin/../../lib/gcc/pic32mx/4.8.3/../../../../pic32mx/lib/libe.a(_fixunsdfdi.o)
 .debug_str     0x000006fd        0x0 /Applications/microchip/xc32/v2.15/bin/bin/../../lib/gcc/pic32mx/4.8.3/../../../../pic32mx/lib/libe.a(_orderdf2.o)
 .debug_str     0x000006fd        0x0 /Applications/microchip/xc32/v2.15/bin/bin/../../lib/gcc/pic32mx/4.8.3/../../../../pic32mx/lib/libe.a(_fixdfdi.o)
 .debug_str     0x000006fd        0x0 /Applications/microchip/xc32/v2.15/bin/bin/../../lib/gcc/pic32mx/4.8.3/libgcc.a(_floatundidf.o)
 .debug_str     0x000006fd        0x0 /Applications/microchip/xc32/v2.15/bin/bin/../../lib/gcc/pic32mx/4.8.3/libgcc.a(_udivdi3.o)
 .debug_str     0x000006fd        0x0 /Applications/microchip/xc32/v2.15/bin/bin/../../lib/gcc/pic32mx/4.8.3/libgcc.a(_umoddi3.o)
 .debug_str     0x000006fd        0x0 /Applications/microchip/xc32/v2.15/bin/bin/../../lib/gcc/pic32mx/4.8.3/libgcc.a(floatunsidf.o)
 .debug_str     0x000006fd        0x0 /Applications/microchip/xc32/v2.15/bin/bin/../../lib/gcc/pic32mx/4.8.3/../../../../pic32mx/lib/libpic32.a(write.o)
 .debug_str     0x000006fd        0x0 /Applications/microchip/xc32/v2.15/bin/bin/../../lib/gcc/pic32mx/4.8.3/../../../../pic32mx/lib/libpic32.a(_mon_putc.o)
 .debug_str     0x000006fd        0x0 /Applications/microchip/xc32/v2.15/bin/bin/../../lib/gcc/pic32mx/4.8.3/../../../../pic32mx/lib/libpic32.a(xc32_uart.o)

.debug_loc      0x00000000     0x6b22
 *(.debug_loc)
 .debug_loc     0x00000000      0x18b build/default/debug/SPI_driver.o
 .debug_loc     0x0000018b      0x1c1 build/default/debug/UART_driver.o
 .debug_loc     0x0000034c     0x102c build/default/debug/LCD_driver.o
 .debug_loc     0x00001378      0x569 build/default/debug/I2C_driver.o
 .debug_loc     0x000018e1      0x20d build/default/debug/HT16_leds_driver.o
 .debug_loc     0x00001aee      0x36d build/default/debug/HT16_keys_driver.o
 .debug_loc     0x00001e5b      0x398 build/default/debug/EEPROM_driver.o
 .debug_loc     0x000021f3      0x72d build/default/debug/SDCARD_driver.o
 .debug_loc     0x00002920      0x2d6 build/default/debug/encoders_driver.o
 .debug_loc     0x00002bf6      0x28e build/default/debug/timers_driver.o
 .debug_loc     0x00002e84      0x221 build/default/debug/bpm.o
 .debug_loc     0x000030a5      0xc7a build/default/debug/input_handler.o
 .debug_loc     0x00003d1f      0x17e build/default/debug/LCD_templates.o
 .debug_loc     0x00003e9d      0x3ae build/default/debug/MIDI.o
 .debug_loc     0x0000424b      0x3d5 build/default/debug/sequencer.o
 .debug_loc     0x00004620      0x378 build/default/debug/output_handler.o
 .debug_loc     0x00004998      0x423 build/default/debug/notes.o
 .debug_loc     0x00004dbb      0x150 build/default/debug/storage_transfer.o
 .debug_loc     0x00004f0b      0x45f build/default/debug/memory_and_save.o
 .debug_loc     0x0000536a       0x2c build/default/debug/main.o
 .debug_loc     0x00005396       0xe0 build/default/debug/init.o
 .debug_loc     0x00005476       0x74 /Applications/microchip/xc32/v2.15/bin/bin/../../lib/gcc/pic32mx/4.8.3/libgcc.a(floatunsisf.o)
 .debug_loc     0x000054ea       0x2c /Applications/microchip/xc32/v2.15/bin/bin/../../lib/gcc/pic32mx/4.8.3/../../../../pic32mx/lib/libpic32.a(default-bootstrap-exception-handler.o)
 .debug_loc     0x00005516       0x2c /Applications/microchip/xc32/v2.15/bin/bin/../../lib/gcc/pic32mx/4.8.3/../../../../pic32mx/lib/libpic32.a(default-general-exception-handler.o)
 .debug_loc     0x00005542       0x20 /Applications/microchip/xc32/v2.15/bin/bin/../../lib/gcc/pic32mx/4.8.3/../../../../pic32mx/lib/libe.a(_fixunsdfdi.o)
 .debug_loc     0x00005562       0x41 /Applications/microchip/xc32/v2.15/bin/bin/../../lib/gcc/pic32mx/4.8.3/libgcc.a(_floatundidf.o)
 .debug_loc     0x000055a3      0xa6a /Applications/microchip/xc32/v2.15/bin/bin/../../lib/gcc/pic32mx/4.8.3/libgcc.a(_udivdi3.o)
 .debug_loc     0x0000600d      0xa3d /Applications/microchip/xc32/v2.15/bin/bin/../../lib/gcc/pic32mx/4.8.3/libgcc.a(_umoddi3.o)
 .debug_loc     0x00006a4a       0x80 /Applications/microchip/xc32/v2.15/bin/bin/../../lib/gcc/pic32mx/4.8.3/libgcc.a(floatunsidf.o)
 .debug_loc     0x00006aca       0x38 /Applications/microchip/xc32/v2.15/bin/bin/../../lib/gcc/pic32mx/4.8.3/../../../../pic32mx/lib/libpic32.a(write.o)
 .debug_loc     0x00006b02       0x20 /Applications/microchip/xc32/v2.15/bin/bin/../../lib/gcc/pic32mx/4.8.3/../../../../pic32mx/lib/libpic32.a(_mon_putc.o)

.debug_macinfo
 *(.debug_macinfo)

.debug_weaknames
 *(.debug_weaknames)

.debug_funcnames
 *(.debug_funcnames)

.debug_typenames
 *(.debug_typenames)

.debug_varnames
 *(.debug_varnames)

.debug_pubtypes
 *(.debug_pubtypes)

.debug_ranges   0x00000000      0x2b0
 *(.debug_ranges)
 .debug_ranges  0x00000000       0x10 /Applications/microchip/xc32/v2.15/bin/bin/../../lib/gcc/pic32mx/4.8.3/../../../../pic32mx/lib/software-debug-break.o
 .debug_ranges  0x00000010       0x38 /var/folders/yw/jj0xjw210_lgc3s7h59842vw0000gn/T//ccni3F0S.o
 .debug_ranges  0x00000048       0x10 /Applications/microchip/xc32/v2.15/bin/bin/../../lib/gcc/pic32mx/4.8.3/../../../../pic32mx/lib/libpic32.a(default-bootstrap-exception-handler.o)
 .debug_ranges  0x00000058       0x10 /Applications/microchip/xc32/v2.15/bin/bin/../../lib/gcc/pic32mx/4.8.3/../../../../pic32mx/lib/libpic32.a(default-on-reset.o)
 .debug_ranges  0x00000068       0x10 /Applications/microchip/xc32/v2.15/bin/bin/../../lib/gcc/pic32mx/4.8.3/../../../../pic32mx/lib/libpic32.a(default-on-bootstrap.o)
 .debug_ranges  0x00000078       0x10 /Applications/microchip/xc32/v2.15/bin/bin/../../lib/gcc/pic32mx/4.8.3/../../../../pic32mx/lib/libpic32.a(default-general-exception-handler.o)
 .debug_ranges  0x00000088       0x10 /Applications/microchip/xc32/v2.15/bin/bin/../../lib/gcc/pic32mx/4.8.3/../../../../pic32mx/lib/libpic32.a(defaultinterrupt.o)
 .debug_ranges  0x00000098       0x10 /Applications/microchip/xc32/v2.15/bin/bin/../../lib/gcc/pic32mx/4.8.3/../../../../pic32mx/lib/libc.a(snprintf_cdfFnopsuxX.eo)
 .debug_ranges  0x000000a8       0x10 /Applications/microchip/xc32/v2.15/bin/bin/../../lib/gcc/pic32mx/4.8.3/../../../../pic32mx/lib/libc.a(vsnprintf_cdfFnopsuxX.eo)
 .debug_ranges  0x000000b8       0x18 /Applications/microchip/xc32/v2.15/bin/bin/../../lib/gcc/pic32mx/4.8.3/../../../../pic32mx/lib/libc.a(doprnt_cdfFnopsuxX.eo)
 .debug_ranges  0x000000d0       0x10 /Applications/microchip/xc32/v2.15/bin/bin/../../lib/gcc/pic32mx/4.8.3/../../../../pic32mx/lib/libc.a(_fputc_simple.o)
 .debug_ranges  0x000000e0       0x10 /Applications/microchip/xc32/v2.15/bin/bin/../../lib/gcc/pic32mx/4.8.3/../../../../pic32mx/lib/libc.a(_flsbuf_simple.o)
 .debug_ranges  0x000000f0       0x10 /Applications/microchip/xc32/v2.15/bin/bin/../../lib/gcc/pic32mx/4.8.3/../../../../pic32mx/lib/libe.a(_fixunsdfdi.o)
 .debug_ranges  0x00000100       0x10 /Applications/microchip/xc32/v2.15/bin/bin/../../lib/gcc/pic32mx/4.8.3/../../../../pic32mx/lib/libe.a(_orderdf2.o)
 .debug_ranges  0x00000110       0x10 /Applications/microchip/xc32/v2.15/bin/bin/../../lib/gcc/pic32mx/4.8.3/../../../../pic32mx/lib/libe.a(_fixdfdi.o)
 .debug_ranges  0x00000120       0x98 /Applications/microchip/xc32/v2.15/bin/bin/../../lib/gcc/pic32mx/4.8.3/libgcc.a(_udivdi3.o)
 .debug_ranges  0x000001b8       0xd8 /Applications/microchip/xc32/v2.15/bin/bin/../../lib/gcc/pic32mx/4.8.3/libgcc.a(_umoddi3.o)
 .debug_ranges  0x00000290       0x10 /Applications/microchip/xc32/v2.15/bin/bin/../../lib/gcc/pic32mx/4.8.3/../../../../pic32mx/lib/libpic32.a(write.o)
 .debug_ranges  0x000002a0       0x10 /Applications/microchip/xc32/v2.15/bin/bin/../../lib/gcc/pic32mx/4.8.3/../../../../pic32mx/lib/libpic32.a(_mon_putc.o)

.gnu.attributes
                0x00000000       0x10
 *(.gnu.attributes)
 .gnu.attributes
                0x00000000       0x10 /Applications/microchip/xc32/v2.15/bin/bin/../../lib/gcc/pic32mx/4.8.3/../../../../pic32mx/lib/software-debug-break.o
 .gnu.attributes
                0x00000010       0x10 build/default/debug/config.o
 .gnu.attributes
                0x00000020       0x10 build/default/debug/SPI_driver.o
 .gnu.attributes
                0x00000030       0x10 build/default/debug/UART_driver.o
 .gnu.attributes
                0x00000040       0x10 build/default/debug/LCD_driver.o
 .gnu.attributes
                0x00000050       0x10 build/default/debug/I2C_driver.o
 .gnu.attributes
                0x00000060       0x10 build/default/debug/HT16_leds_driver.o
 .gnu.attributes
                0x00000070       0x10 build/default/debug/HT16_keys_driver.o
 .gnu.attributes
                0x00000080       0x10 build/default/debug/EEPROM_driver.o
 .gnu.attributes
                0x00000090       0x10 build/default/debug/SDCARD_driver.o
 .gnu.attributes
                0x000000a0       0x10 build/default/debug/encoders_driver.o
 .gnu.attributes
                0x000000b0       0x10 build/default/debug/timers_driver.o
 .gnu.attributes
                0x000000c0       0x10 build/default/debug/bpm.o
 .gnu.attributes
                0x000000d0       0x10 build/default/debug/input_handler.o
 .gnu.attributes
                0x000000e0       0x10 build/default/debug/LCD_templates.o
 .gnu.attributes
                0x000000f0       0x10 build/default/debug/MIDI.o
 .gnu.attributes
                0x00000100       0x10 build/default/debug/sequencer.o
 .gnu.attributes
                0x00000110       0x10 build/default/debug/output_handler.o
 .gnu.attributes
                0x00000120       0x10 build/default/debug/notes.o
 .gnu.attributes
                0x00000130       0x10 build/default/debug/mappings.o
 .gnu.attributes
                0x00000140       0x10 build/default/debug/storage_transfer.o
 .gnu.attributes
                0x00000150       0x10 build/default/debug/memory_and_save.o
 .gnu.attributes
                0x00000160       0x10 build/default/debug/main.o
 .gnu.attributes
                0x00000170       0x10 build/default/debug/init.o
 .gnu.attributes
                0x00000180       0x10 /Applications/microchip/xc32/v2.15/bin/bin/../../lib/gcc/pic32mx/4.8.3/libgcc.a(floatunsisf.o)
 .gnu.attributes
                0x00000190       0x10 /Applications/microchip/xc32/v2.15/bin/bin/../../lib/gcc/pic32mx/4.8.3/../../../../pic32mx/lib/libpic32.a(default-bootstrap-exception-handler.o)
 .gnu.attributes
                0x000001a0       0x10 /Applications/microchip/xc32/v2.15/bin/bin/../../lib/gcc/pic32mx/4.8.3/../../../../pic32mx/lib/libpic32.a(default-on-reset.o)
 .gnu.attributes
                0x000001b0       0x10 /Applications/microchip/xc32/v2.15/bin/bin/../../lib/gcc/pic32mx/4.8.3/../../../../pic32mx/lib/libpic32.a(default-on-bootstrap.o)
 .gnu.attributes
                0x000001c0       0x10 /Applications/microchip/xc32/v2.15/bin/bin/../../lib/gcc/pic32mx/4.8.3/../../../../pic32mx/lib/libpic32.a(default-general-exception-handler.o)
 .gnu.attributes
                0x000001d0       0x10 /Applications/microchip/xc32/v2.15/bin/bin/../../lib/gcc/pic32mx/4.8.3/../../../../pic32mx/lib/libpic32.a(defaultinterrupt.o)
 .gnu.attributes
                0x000001e0       0x10 /Applications/microchip/xc32/v2.15/bin/bin/../../lib/gcc/pic32mx/4.8.3/../../../../pic32mx/lib/libc.a(snprintf_cdfFnopsuxX.eo)
 .gnu.attributes
                0x000001f0       0x10 /Applications/microchip/xc32/v2.15/bin/bin/../../lib/gcc/pic32mx/4.8.3/../../../../pic32mx/lib/libc.a(vsnprintf_cdfFnopsuxX.eo)
 .gnu.attributes
                0x00000200       0x10 /Applications/microchip/xc32/v2.15/bin/bin/../../lib/gcc/pic32mx/4.8.3/../../../../pic32mx/lib/libc.a(doprnt_cdfFnopsuxX.eo)
 .gnu.attributes
                0x00000210       0x10 /Applications/microchip/xc32/v2.15/bin/bin/../../lib/gcc/pic32mx/4.8.3/../../../../pic32mx/lib/libc.a(_fputc_simple.o)
 .gnu.attributes
                0x00000220       0x10 /Applications/microchip/xc32/v2.15/bin/bin/../../lib/gcc/pic32mx/4.8.3/../../../../pic32mx/lib/libc.a(ctype.o)
 .gnu.attributes
                0x00000230       0x10 /Applications/microchip/xc32/v2.15/bin/bin/../../lib/gcc/pic32mx/4.8.3/../../../../pic32mx/lib/libc.a(ldpowers.o)
 .gnu.attributes
                0x00000240       0x10 /Applications/microchip/xc32/v2.15/bin/bin/../../lib/gcc/pic32mx/4.8.3/../../../../pic32mx/lib/libc.a(_iob.o)
 .gnu.attributes
                0x00000250       0x10 /Applications/microchip/xc32/v2.15/bin/bin/../../lib/gcc/pic32mx/4.8.3/../../../../pic32mx/lib/libc.a(_flsbuf_simple.o)
 .gnu.attributes
                0x00000260       0x10 /Applications/microchip/xc32/v2.15/bin/bin/../../lib/gcc/pic32mx/4.8.3/../../../../pic32mx/lib/libe.a(_fixunsdfdi.o)
 .gnu.attributes
                0x00000270       0x10 /Applications/microchip/xc32/v2.15/bin/bin/../../lib/gcc/pic32mx/4.8.3/../../../../pic32mx/lib/libe.a(_orderdf2.o)
 .gnu.attributes
                0x00000280       0x10 /Applications/microchip/xc32/v2.15/bin/bin/../../lib/gcc/pic32mx/4.8.3/../../../../pic32mx/lib/libe.a(_fixdfdi.o)
 .gnu.attributes
                0x00000290       0x10 /Applications/microchip/xc32/v2.15/bin/bin/../../lib/gcc/pic32mx/4.8.3/libgcc.a(_floatundidf.o)
 .gnu.attributes
                0x000002a0       0x10 /Applications/microchip/xc32/v2.15/bin/bin/../../lib/gcc/pic32mx/4.8.3/libgcc.a(_udivdi3.o)
 .gnu.attributes
                0x000002b0       0x10 /Applications/microchip/xc32/v2.15/bin/bin/../../lib/gcc/pic32mx/4.8.3/libgcc.a(_umoddi3.o)
 .gnu.attributes